<html>
<body>
<pre>
<h1>µVision Build Log</h1>
<h2>Tool Versions:</h2>
IDE-Version: •ÏVision V5.30.0.0
Copyright (C) 2020 ARM Ltd and ARM Germany GmbH. All rights reserved.
License Information: Jihoon Lee, None, LIC=----
 
Tool Versions:
Toolchain:       MDK-Lite  Version: 5.30.0.0
Toolchain Path:  C:\Keil_v5\ARM\ARMCLANG\Bin
C Compiler:      ArmClang.exe V6.14
Assembler:       Armasm.exe V6.14
Linker/Locator:  ArmLink.exe V6.14
Library Manager: ArmAr.exe V6.14
Hex Converter:   FromElf.exe V6.14
CPU DLL:         SARMCM3.DLL V5.30.0.0
Dialog DLL:      DCM.DLL V1.17.3.0
Target DLL:      STLink\ST-LINKIII-KEIL_SWO.dll V3.0.7.0
Dialog DLL:      TCM.DLL V1.42.0.0
 
<h2>Project:</h2>
C:\Users\Jihoon Lee\Desktop\USB_GITHUB\Portfolio_USB_Camera\Software\main\MDK-ARM\dds.uvprojx
Project File Date:  04/10/2023

<h2>Output:</h2>
*** Using Compiler 'V6.14', folder: 'C:\Keil_v5\ARM\ARMCLANG\Bin'
Rebuild target 'dds'
assembling startup_stm32f746xx.s...
compiling fatfs_platform.c...
compiling bsp_driver_sd.c...
compiling sd_diskio.c...
compiling fatfs.c...
compiling audio.c...
compiling main.c...
compiling stm32f7xx_it.c...
compiling stm32f7xx_hal_msp.c...
compiling sdio.c...
compiling gpio.c...
compiling camera.c...
compiling dsp.c...
compiling led.c...
compiling stm32f7xx_hal_gpio.c...
compiling stm32f7xx_hal_flash.c...
compiling stm32f7xx_hal_rcc.c...
compiling stm32f7xx_hal_flash_ex.c...
compiling stm32f7xx_hal_rcc_ex.c...
compiling stm32f7xx_hal_dma.c...
compiling stm32f7xx_hal_dma_ex.c...
compiling stm32f7xx_hal_pwr.c...
compiling stm32f7xx_hal_pwr_ex.c...
compiling stm32f7xx_hal.c...
compiling stm32f7xx_hal_cortex.c...
compiling stm32f7xx_hal_i2c_ex.c...
compiling stm32f7xx_hal_exti.c...
compiling stm32f7xx_hal_dcmi_ex.c...
compiling stm32f7xx_hal_dcmi.c...
compiling stm32f7xx_hal_tim.c...
compiling stm32f7xx_ll_sdmmc.c...
compiling stm32f7xx_hal_i2s.c...
compiling stm32f7xx_hal_tim_ex.c...
compiling stm32f7xx_hal_i2c.c...
compiling system_stm32f7xx.c...
compiling stm32f7xx_hal_sd.c...
compiling sccb.c...
compiling diskio.c...
compiling ov5640.c...
compiling ff_gen_drv.c...
compiling syscall.c...
compiling ccsbcs.c...
compiling BasicMathFunctions.c...
compiling ControllerFunctions.c...
compiling FastMathFunctions.c...
compiling ComplexMathFunctions.c...
compiling SupportFunctions.c...
compiling StatisticsFunctions.c...
compiling ff.c...
compiling MatrixFunctions.c...
compiling CommonTables.c...
compiling TransformFunctions.c...
compiling FilteringFunctions.c...
linking...
Program Size: Code=25298 RO-data=6802 RW-data=48 ZI-data=322312  
FromELF: creating hex file...
"dds\dds.axf" - 0 Error(s), 0 Warning(s).

<h2>Software Packages used:</h2>

Package Vendor: ARM
                http://www.keil.com/pack/ARM.CMSIS.5.7.0.pack
                ARM.CMSIS.5.7.0
                CMSIS (Cortex Microcontroller Software Interface Standard)
   * Component: CORE Version: 5.4.0

Package Vendor: Keil
                http://www.keil.com/pack/Keil.STM32F7xx_DFP.2.14.0.pack
                Keil.STM32F7xx_DFP.2.14.0
                STMicroelectronics STM32F7 Series Device Support, Drivers and Examples

<h2>Collection of Component include folders:</h2>
  .\RTE\_dds
  C:\Users\Jihoon Lee\AppData\Local\Arm\Packs\ARM\CMSIS\5.7.0\CMSIS\Core\Include
  C:\Users\Jihoon Lee\AppData\Local\Arm\Packs\Keil\STM32F7xx_DFP\2.14.0\Drivers\CMSIS\Device\ST\STM32F7xx\Include

<h2>Collection of Component Files used:</h2>

   * Component: ARM::CMSIS:CORE:5.4.0
Build Time Elapsed:  00:00:04
</pre>
</body>
</html>
