Component: ARM Compiler 6.14 Tool: armlink [5db06800]

==============================================================================

Section Cross References

    startup_stm32f746xx.o(RESET) refers to startup_stm32f746xx.o(STACK) for __initial_sp
    startup_stm32f746xx.o(RESET) refers to startup_stm32f746xx.o(.text) for Reset_Handler
    startup_stm32f746xx.o(RESET) refers to stm32f7xx_it.o(.text.NMI_Handler) for NMI_Handler
    startup_stm32f746xx.o(RESET) refers to stm32f7xx_it.o(.text.HardFault_Handler) for HardFault_Handler
    startup_stm32f746xx.o(RESET) refers to stm32f7xx_it.o(.text.MemManage_Handler) for MemManage_Handler
    startup_stm32f746xx.o(RESET) refers to stm32f7xx_it.o(.text.BusFault_Handler) for BusFault_Handler
    startup_stm32f746xx.o(RESET) refers to stm32f7xx_it.o(.text.UsageFault_Handler) for UsageFault_Handler
    startup_stm32f746xx.o(RESET) refers to stm32f7xx_it.o(.text.SVC_Handler) for SVC_Handler
    startup_stm32f746xx.o(RESET) refers to stm32f7xx_it.o(.text.DebugMon_Handler) for DebugMon_Handler
    startup_stm32f746xx.o(RESET) refers to stm32f7xx_it.o(.text.PendSV_Handler) for PendSV_Handler
    startup_stm32f746xx.o(RESET) refers to stm32f7xx_it.o(.text.SysTick_Handler) for SysTick_Handler
    startup_stm32f746xx.o(RESET) refers to stm32f7xx_it.o(.text.EXTI2_IRQHandler) for EXTI2_IRQHandler
    startup_stm32f746xx.o(RESET) refers to stm32f7xx_it.o(.text.EXTI3_IRQHandler) for EXTI3_IRQHandler
    startup_stm32f746xx.o(RESET) refers to stm32f7xx_it.o(.text.SPI1_IRQHandler) for SPI1_IRQHandler
    startup_stm32f746xx.o(RESET) refers to stm32f7xx_it.o(.text.SDMMC1_IRQHandler) for SDMMC1_IRQHandler
    startup_stm32f746xx.o(RESET) refers to stm32f7xx_it.o(.text.DMA2_Stream0_IRQHandler) for DMA2_Stream0_IRQHandler
    startup_stm32f746xx.o(RESET) refers to stm32f7xx_it.o(.text.DMA2_Stream1_IRQHandler) for DMA2_Stream1_IRQHandler
    startup_stm32f746xx.o(RESET) refers to stm32f7xx_it.o(.text.DCMI_IRQHandler) for DCMI_IRQHandler
    startup_stm32f746xx.o(.text) refers to system_stm32f7xx.o(.text.SystemInit) for SystemInit
    startup_stm32f746xx.o(.text) refers to entry.o(.ARM.Collect$$$$00000000) for __main
    main.o(.text.main) refers to stm32f7xx_hal.o(.text.HAL_Init) for HAL_Init
    main.o(.text.main) refers to main.o(.text.SystemClock_Config) for SystemClock_Config
    main.o(.text.main) refers to stm32f7xx_hal_i2s.o(.text.HAL_I2S_Init) for HAL_I2S_Init
    main.o(.text.main) refers to stm32f7xx_hal_dcmi.o(.text.HAL_DCMI_Init) for HAL_DCMI_Init
    main.o(.text.main) refers to memseta.o(.text) for __aeabi_memclr4
    main.o(.text.main) refers to fatfs.o(.text.MX_FATFS_Init) for MX_FATFS_Init
    main.o(.text.main) refers to stm32f7xx_hal_i2s.o(.text.HAL_I2S_DeInit) for HAL_I2S_DeInit
    main.o(.text.main) refers to stm32f7xx_hal.o(.text.HAL_Delay) for HAL_Delay
    main.o(.text.main) refers to stm32f7xx_hal_sd.o(.text.HAL_SD_Init) for HAL_SD_Init
    main.o(.text.main) refers to stm32f7xx_hal_sd.o(.text.HAL_SD_InitCard) for HAL_SD_InitCard
    main.o(.text.main) refers to ff.o(.text.f_mount) for f_mount
    main.o(.text.main) refers to stm32f7xx_hal_sd.o(.text.HAL_SD_DeInit) for HAL_SD_DeInit
    main.o(.text.main) refers to ff.o(.text.f_mkdir) for f_mkdir
    main.o(.text.main) refers to main.o(.text.init_camera) for init_camera
    main.o(.text.main) refers to stm32f7xx_hal_gpio.o(.text.HAL_GPIO_ReadPin) for HAL_GPIO_ReadPin
    main.o(.text.main) refers to main.o(.text.indicate_ready) for indicate_ready
    main.o(.text.main) refers to main.o(.text.i2s_to_fs) for i2s_to_fs
    main.o(.text.main) refers to main.o(.text.dcmi_to_fs) for dcmi_to_fs
    main.o(.text.main) refers to ff.o(.text.f_close) for f_close
    main.o(.text.main) refers to stm32f7xx_hal_gpio.o(.text.HAL_GPIO_WritePin) for HAL_GPIO_WritePin
    main.o(.text.main) refers to stm32f7xx_hal_gpio.o(.text.HAL_GPIO_Init) for HAL_GPIO_Init
    main.o(.text.main) refers to stm32f7xx_hal_cortex.o(.text.HAL_NVIC_SetPriority) for HAL_NVIC_SetPriority
    main.o(.text.main) refers to stm32f7xx_hal_cortex.o(.text.HAL_NVIC_EnableIRQ) for HAL_NVIC_EnableIRQ
    main.o(.text.main) refers to main.o(.bss.hi2s1) for hi2s1
    main.o(.text.main) refers to main.o(.bss.hdcmi) for hdcmi
    main.o(.text.main) refers to main.o(.bss.hsd1) for hsd1
    main.o(.text.main) refers to fatfs.o(.bss.SDFatFS) for SDFatFS
    main.o(.text.main) refers to fatfs.o(.bss..L_MergedGlobals) for SDPath
    main.o(.text.main) refers to main.o(.bss..L_MergedGlobals.8) for [Anonymous Symbol]
    main.o(.text.main) refers to main.o(.data.result_audio_close) for result_audio_close
    main.o(.text.main) refers to fatfs.o(.bss.SDFile) for SDFile
    main.o(.ARM.exidx.text.main) refers to main.o(.text.main) for [Anonymous Symbol]
    main.o(.text.SystemClock_Config) refers to memseta.o(.text) for __aeabi_memclr4
    main.o(.text.SystemClock_Config) refers to stm32f7xx_hal_rcc.o(.text.HAL_RCC_OscConfig) for HAL_RCC_OscConfig
[...]
    find_volume                              0x080451bd   Thumb Code   620  ff.o(.text.find_volume)
    [Anonymous Symbol]                       0x080451bc   Section        0  ff.o(.text.find_volume)
    __arm_cp.3_0                             0x08045418   Number         4  ff.o(.text.find_volume)
    __arm_cp.3_1                             0x0804541c   Number         4  ff.o(.text.find_volume)
    __arm_cp.3_2                             0x08045420   Number         4  ff.o(.text.find_volume)
    __arm_cp.3_3                             0x08045424   Number         4  ff.o(.text.find_volume)
    follow_path                              0x08045429   Thumb Code   668  ff.o(.text.follow_path)
    [Anonymous Symbol]                       0x08045428   Section        0  ff.o(.text.follow_path)
    __arm_cp.5_1                             0x080456b8   Number         4  ff.o(.text.follow_path)
    get_fat                                  0x080456c5   Thumb Code   172  ff.o(.text.get_fat)
    [Anonymous Symbol]                       0x080456c4   Section        0  ff.o(.text.get_fat)
    [Anonymous Symbol]                       0x08045770   Section        0  fatfs.o(.text.get_fattime)
    get_ldnumber                             0x08045775   Thumb Code    62  ff.o(.text.get_ldnumber)
    [Anonymous Symbol]                       0x08045774   Section        0  ff.o(.text.get_ldnumber)
    [Anonymous Symbol]                       0x080457b4   Section        0  main.o(.text.i2s_to_fs)
    __arm_cp.16_0                            0x080458a8   Number         4  main.o(.text.i2s_to_fs)
    __arm_cp.16_1                            0x080458ac   Number         4  main.o(.text.i2s_to_fs)
    __arm_cp.16_2                            0x080458b0   Number         4  main.o(.text.i2s_to_fs)
    __arm_cp.16_3                            0x080458b4   Number         4  main.o(.text.i2s_to_fs)
    __arm_cp.16_4                            0x080458b8   Number         4  main.o(.text.i2s_to_fs)
    inc_lock                                 0x080458bd   Thumb Code   112  ff.o(.text.inc_lock)
    [Anonymous Symbol]                       0x080458bc   Section        0  ff.o(.text.inc_lock)
    __arm_cp.13_0                            0x08045928   Number         4  ff.o(.text.inc_lock)
    [Anonymous Symbol]                       0x0804592c   Section        0  main.o(.text.indicate_err)
    [Anonymous Symbol]                       0x0804595c   Section        0  main.o(.text.indicate_ready)
    [Anonymous Symbol]                       0x08045968   Section        0  main.o(.text.indicate_stop)
    [Anonymous Symbol]                       0x08045998   Section        0  main.o(.text.indicate_success)
    [Anonymous Symbol]                       0x080459cc   Section        0  main.o(.text.init_camera)
    __arm_cp.15_0                            0x08045a18   Number         4  main.o(.text.init_camera)
    [Anonymous Symbol]                       0x08045a1c   Section        0  ov5640.o(.text.jpeg_dcmi_frame_callback)
    __arm_cp.17_1                            0x08045a2c   Number         4  ov5640.o(.text.jpeg_dcmi_frame_callback)
    [Anonymous Symbol]                       0x08045a30   Section        0  ov5640.o(.text.jpeg_test)
    __arm_cp.16_0                            0x08045adc   Number         4  ov5640.o(.text.jpeg_test)
    __arm_cp.16_1                            0x08045ae0   Number         4  ov5640.o(.text.jpeg_test)
    __arm_cp.16_2                            0x08045ae4   Number         4  ov5640.o(.text.jpeg_test)
    __arm_cp.16_3                            0x08045ae8   Number         4  ov5640.o(.text.jpeg_test)
    __arm_cp.16_4                            0x08045aec   Number         4  ov5640.o(.text.jpeg_test)
    __arm_cp.16_5                            0x08045af0   Number         4  ov5640.o(.text.jpeg_test)
    ld_clust                                 0x08045af5   Thumb Code    24  ff.o(.text.ld_clust)
    [Anonymous Symbol]                       0x08045af4   Section        0  ff.o(.text.ld_clust)
    ld_dword                                 0x08045b0d   Thumb Code     4  ff.o(.text.ld_dword)
    [Anonymous Symbol]                       0x08045b0c   Section        0  ff.o(.text.ld_dword)
    [Anonymous Symbol]                       0x08045b10   Section        0  main.o(.text.main)
    __arm_cp.0_0                             0x08045e04   Number         4  main.o(.text.main)
    __arm_cp.0_1                             0x08045e08   Number         4  main.o(.text.main)
    __arm_cp.0_2                             0x08045e0c   Number         4  main.o(.text.main)
    __arm_cp.0_3                             0x08045e10   Number         4  main.o(.text.main)
    __arm_cp.0_4                             0x08045e14   Number         4  main.o(.text.main)
    __arm_cp.0_5                             0x08045e18   Number         4  main.o(.text.main)
    __arm_cp.0_6                             0x08045e1c   Number         4  main.o(.text.main)
    __arm_cp.0_7                             0x08045e20   Number         4  main.o(.text.main)
    __arm_cp.0_8                             0x08045e24   Number         4  main.o(.text.main)
    __arm_cp.0_9                             0x08045e28   Number         4  main.o(.text.main)
    __arm_cp.0_10                            0x08045e2c   Number         4  main.o(.text.main)
    __arm_cp.0_11                            0x08045e30   Number         4  main.o(.text.main)
    __arm_cp.0_12                            0x08045e34   Number         4  main.o(.text.main)
    __arm_cp.0_13                            0x08045e38   Number         4  main.o(.text.main)
    __arm_cp.0_16                            0x08045e4c   Number         4  main.o(.text.main)
    __arm_cp.0_18                            0x08045e50   Number         4  main.o(.text.main)
    mem_cpy                                  0x08045e55   Thumb Code    16  ff.o(.text.mem_cpy)
    [Anonymous Symbol]                       0x08045e54   Section        0  ff.o(.text.mem_cpy)
    move_window                              0x08045e65   Thumb Code    56  ff.o(.text.move_window)
    [Anonymous Symbol]                       0x08045e64   Section        0  ff.o(.text.move_window)
    put_fat                                  0x08045e9d   Thumb Code   228  ff.o(.text.put_fat)
    [Anonymous Symbol]                       0x08045e9c   Section        0  ff.o(.text.put_fat)
    remove_chain                             0x08045f81   Thumb Code   112  ff.o(.text.remove_chain)
    [Anonymous Symbol]                       0x08045f80   Section        0  ff.o(.text.remove_chain)
    st_clust                                 0x08045ff1   Thumb Code    18  ff.o(.text.st_clust)
    [Anonymous Symbol]                       0x08045ff0   Section        0  ff.o(.text.st_clust)
    st_dword                                 0x08046003   Thumb Code     4  ff.o(.text.st_dword)
    [Anonymous Symbol]                       0x08046002   Section        0  ff.o(.text.st_dword)
    [Anonymous Symbol]                       0x08046008   Section        0  main.o(.text.start_recording)
    __arm_cp.14_0                            0x080460a8   Number         4  main.o(.text.start_recording)
    __arm_cp.14_2                            0x080460ac   Number         4  main.o(.text.start_recording)
    __arm_cp.14_3                            0x080460b0   Number         4  main.o(.text.start_recording)
    __arm_cp.14_4                            0x080460b4   Number         4  main.o(.text.start_recording)
    __arm_cp.14_5                            0x080460b8   Number         4  main.o(.text.start_recording)
    __arm_cp.14_6                            0x080460bc   Number         4  main.o(.text.start_recording)
    __arm_cp.14_8                            0x080460c0   Number         4  main.o(.text.start_recording)
    [Anonymous Symbol]                       0x080460c4   Section        0  main.o(.text.stop_recording)
    __arm_cp.13_0                            0x080460f8   Number         4  main.o(.text.stop_recording)
    __arm_cp.13_1                            0x080460fc   Number         4  main.o(.text.stop_recording)
    __arm_cp.13_2                            0x08046100   Number         4  main.o(.text.stop_recording)
    sum_sfn                                  0x08046105   Thumb Code    28  ff.o(.text.sum_sfn)
    [Anonymous Symbol]                       0x08046104   Section        0  ff.o(.text.sum_sfn)
    sync_fs                                  0x08046121   Thumb Code   136  ff.o(.text.sync_fs)
    [Anonymous Symbol]                       0x08046120   Section        0  ff.o(.text.sync_fs)
    __arm_cp.24_0                            0x080461a0   Number         4  ff.o(.text.sync_fs)
    __arm_cp.24_1                            0x080461a4   Number         4  ff.o(.text.sync_fs)
    sync_window                              0x080461a9   Thumb Code    76  ff.o(.text.sync_window)
    [Anonymous Symbol]                       0x080461a8   Section        0  ff.o(.text.sync_window)
    validate                                 0x080461f5   Thumb Code    48  ff.o(.text.validate)
    [Anonymous Symbol]                       0x080461f4   Section        0  ff.o(.text.validate)
    i.__0sprintf$1                           0x08046224   Section        0  printf1.o(i.__0sprintf$1)
    i.__scatterload_copy                     0x0804624c   Section       14  handlers.o(i.__scatterload_copy)
    i.__scatterload_null                     0x0804625a   Section        2  handlers.o(i.__scatterload_null)
    i.__scatterload_zeroinit                 0x0804625c   Section       14  handlers.o(i.__scatterload_zeroinit)
    _printf_core                             0x0804626d   Thumb Code   336  printf1.o(i._printf_core)
    i._printf_core                           0x0804626c   Section        0  printf1.o(i._printf_core)
    _sputc                                   0x080463c1   Thumb Code    10  printf1.o(i._sputc)
    i._sputc                                 0x080463c0   Section        0  printf1.o(i._sputc)
    ExCvt                                    0x080463da   Data         128  ff.o(.rodata.ExCvt)
    [Anonymous Symbol]                       0x080463da   Section        0  ff.o(.rodata.ExCvt)
    LfnOfs                                   0x0804645a   Data          13  ff.o(.rodata.LfnOfs)
    [Anonymous Symbol]                       0x0804645a   Section        0  ff.o(.rodata.LfnOfs)
    OV5640_LIGHTMODE_TBL                     0x08047454   Data          35  ov5640.o(.rodata.OV5640_LIGHTMODE_TBL)
    [Anonymous Symbol]                       0x08047454   Section        0  ov5640.o(.rodata.OV5640_LIGHTMODE_TBL)
    OV5640_SATURATION_TBL                    0x08047477   Data          42  ov5640.o(.rodata.OV5640_SATURATION_TBL)
    [Anonymous Symbol]                       0x08047477   Section        0  ov5640.o(.rodata.OV5640_SATURATION_TBL)
    Tbl                                      0x0804756c   Data         256  ccsbcs.o(.rodata.Tbl)
    [Anonymous Symbol]                       0x0804756c   Section        0  ccsbcs.o(.rodata.Tbl)
    .L.str.2                                 0x080479c4   Data           3  main.o(.rodata.str1.1)
    [Anonymous Symbol]                       0x080479c4   Section        0  main.o(.rodata.str1.1)
    ff_wtoupper.cvt2                         0x080479c8   Data         188  ccsbcs.o(.rodata.str2.2)
    [Anonymous Symbol]                       0x080479c8   Section        0  ccsbcs.o(.rodata.str2.2)
    ff_wtoupper.cvt1                         0x08047a84   Data         498  ccsbcs.o(.rodata.str2.2)
    [Anonymous Symbol]                       0x20000000   Section        0  main.o(.data..L_MergedGlobals)
    [Anonymous Symbol]                       0x20000008   Section        0  stm32f7xx_hal.o(.data..L_MergedGlobals)
    Stat                                     0x20000010   Data           1  sd_diskio.o(.data.Stat)
    [Anonymous Symbol]                       0x20000010   Section        0  sd_diskio.o(.data.Stat)
    [Anonymous Symbol]                       0x20000020   Section        0  fatfs.o(.bss..L_MergedGlobals)
    Fsid                                     0x20000028   Data           2  ff.o(.bss..L_MergedGlobals)
    [Anonymous Symbol]                       0x20000028   Section        0  ff.o(.bss..L_MergedGlobals)
    FatFs                                    0x2000002c   Data           4  ff.o(.bss..L_MergedGlobals)
    [Anonymous Symbol]                       0x20000030   Section        0  main.o(.bss..L_MergedGlobals.8)
    dcmi_to_fs.img_idx                       0x2000004c   Data           4  main.o(.bss..L_MergedGlobals.8)
    Files                                    0x20000070   Data          32  ff.o(.bss.Files)
    [Anonymous Symbol]                       0x20000070   Section        0  ff.o(.bss.Files)
    LfnBuf                                   0x20000090   Data         512  ff.o(.bss.LfnBuf)
    [Anonymous Symbol]                       0x20000090   Section        0  ff.o(.bss.LfnBuf)
    STACK                                    0x2004e2f8   Section     2048  startup_stm32f746xx.o(STACK)

    Global Symbols

    Symbol Name                              Value     Ov Type        Size  Object(Section)

    BuildAttributes$$THM_ISAv4$E$P$D$K$B$S$7EM$VFPi5$EXTD16$VFPS$VFMA$PE$PLD8$A:L22UL41UL21$X:L11$S22US41US21$IEEE1$IW$~IW$USESV6$~STKCKD$USESV7$~SHL$OSPACE$ROPI$EBA8$MICROLIB$REQ8$PRES8$EABIv2 0x00000000   Number         0  anon$$obj.o ABSOLUTE
    _printf_a                                0x00000000   Number         0  printfstubs.o ABSOLUTE
    _printf_c                                0x00000000   Number         0  printfstubs.o ABSOLUTE
    _printf_charcount                        0x00000000   Number         0  printfstubs.o ABSOLUTE
    _printf_d                                0x00000000   Number         0  printfstubs.o ABSOLUTE
    _printf_e                                0x00000000   Number         0  printfstubs.o ABSOLUTE
    _printf_f                                0x00000000   Number         0  printfstubs.o ABSOLUTE
    _printf_flags                            0x00000000   Number         0  printfstubs.o ABSOLUTE
    _printf_fp_dec                           0x00000000   Number         0  printfstubs.o ABSOLUTE
    _printf_fp_hex                           0x00000000   Number         0  printfstubs.o ABSOLUTE
    _printf_g                                0x00000000   Number         0  printfstubs.o ABSOLUTE
    _printf_i                                0x00000000   Number         0  printfstubs.o ABSOLUTE
    _printf_int_dec                          0x00000000   Number         0  printfstubs.o ABSOLUTE
    _printf_l                                0x00000000   Number         0  printfstubs.o ABSOLUTE
    _printf_lc                               0x00000000   Number         0  printfstubs.o ABSOLUTE
    _printf_ll                               0x00000000   Number         0  printfstubs.o ABSOLUTE
    _printf_lld                              0x00000000   Number         0  printfstubs.o ABSOLUTE
    _printf_lli                              0x00000000   Number         0  printfstubs.o ABSOLUTE
    _printf_llo                              0x00000000   Number         0  printfstubs.o ABSOLUTE
    _printf_llu                              0x00000000   Number         0  printfstubs.o ABSOLUTE
    _printf_llx                              0x00000000   Number         0  printfstubs.o ABSOLUTE
    _printf_longlong_dec                     0x00000000   Number         0  printfstubs.o ABSOLUTE
    _printf_longlong_hex                     0x00000000   Number         0  printfstubs.o ABSOLUTE
    _printf_longlong_oct                     0x00000000   Number         0  printfstubs.o ABSOLUTE
    _printf_ls                               0x00000000   Number         0  printfstubs.o ABSOLUTE
    _printf_mbtowc                           0x00000000   Number         0  printfstubs.o ABSOLUTE
    _printf_n                                0x00000000   Number         0  printfstubs.o ABSOLUTE
    _printf_o                                0x00000000   Number         0  printfstubs.o ABSOLUTE
    _printf_p                                0x00000000   Number         0  printfstubs.o ABSOLUTE
    _printf_percent                          0x00000000   Number         0  printfstubs.o ABSOLUTE
    _printf_pre_padding                      0x00000000   Number         0  printfstubs.o ABSOLUTE
    _printf_return_value                     0x00000000   Number         0  printfstubs.o ABSOLUTE
    _printf_s                                0x00000000   Number         0  printfstubs.o ABSOLUTE
    _printf_sizespec                         0x00000000   Number         0  printfstubs.o ABSOLUTE
    _printf_str                              0x00000000   Number         0  printfstubs.o ABSOLUTE
    _printf_truncate_signed                  0x00000000   Number         0  printfstubs.o ABSOLUTE
    _printf_truncate_unsigned                0x00000000   Number         0  printfstubs.o ABSOLUTE
    _printf_u                                0x00000000   Number         0  printfstubs.o ABSOLUTE
    _printf_wc                               0x00000000   Number         0  printfstubs.o ABSOLUTE
    _printf_wctomb                           0x00000000   Number         0  printfstubs.o ABSOLUTE
    _printf_widthprec                        0x00000000   Number         0  printfstubs.o ABSOLUTE
    _printf_x                                0x00000000   Number         0  printfstubs.o ABSOLUTE
    __cpp_initialize__aeabi_                  - Undefined Weak Reference
    __cxa_finalize                            - Undefined Weak Reference
    __decompress                              - Undefined Weak Reference
    _clock_init                               - Undefined Weak Reference
    _microlib_exit                            - Undefined Weak Reference
    __Vectors_Size                           0x000001c8   Number         0  startup_stm32f746xx.o ABSOLUTE
    __Vectors                                0x08040000   Data           4  startup_stm32f746xx.o(RESET)
    __Vectors_End                            0x080401c8   Data           0  startup_stm32f746xx.o(RESET)
    __main                                   0x080401c9   Thumb Code     0  entry.o(.ARM.Collect$$$$00000000)
    _main_stk                                0x080401c9   Thumb Code     0  entry2.o(.ARM.Collect$$$$00000001)
    _main_scatterload                        0x080401cd   Thumb Code     0  entry5.o(.ARM.Collect$$$$00000004)
    __main_after_scatterload                 0x080401d1   Thumb Code     0  entry5.o(.ARM.Collect$$$$00000004)
    _main_clock                              0x080401d1   Thumb Code     0  entry7b.o(.ARM.Collect$$$$00000008)
    _main_cpp_init                           0x080401d1   Thumb Code     0  entry8b.o(.ARM.Collect$$$$0000000A)
    _main_init                               0x080401d1   Thumb Code     0  entry9a.o(.ARM.Collect$$$$0000000B)
    __rt_final_cpp                           0x080401d9   Thumb Code     0  entry10a.o(.ARM.Collect$$$$0000000D)
    __rt_final_exit                          0x080401d9   Thumb Code     0  entry11a.o(.ARM.Collect$$$$0000000F)
    Reset_Handler                            0x080401dd   Thumb Code     8  startup_stm32f746xx.o(.text)
    ADC_IRQHandler                           0x080401f7   Thumb Code     0  startup_stm32f746xx.o(.text)
    CAN1_RX0_IRQHandler                      0x080401f7   Thumb Code     0  startup_stm32f746xx.o(.text)
    CAN1_RX1_IRQHandler                      0x080401f7   Thumb Code     0  startup_stm32f746xx.o(.text)
    CAN1_SCE_IRQHandler                      0x080401f7   Thumb Code     0  startup_stm32f746xx.o(.text)
    CAN1_TX_IRQHandler                       0x080401f7   Thumb Code     0  startup_stm32f746xx.o(.text)
    CAN2_RX0_IRQHandler                      0x080401f7   Thumb Code     0  startup_stm32f746xx.o(.text)
    CAN2_RX1_IRQHandler                      0x080401f7   Thumb Code     0  startup_stm32f746xx.o(.text)
    CAN2_SCE_IRQHandler                      0x080401f7   Thumb Code     0  startup_stm32f746xx.o(.text)
    CAN2_TX_IRQHandler                       0x080401f7   Thumb Code     0  startup_stm32f746xx.o(.text)
    CEC_IRQHandler                           0x080401f7   Thumb Code     0  startup_stm32f746xx.o(.text)
    DMA1_Stream0_IRQHandler                  0x080401f7   Thumb Code     0  startup_stm32f746xx.o(.text)
    DMA1_Stream1_IRQHandler                  0x080401f7   Thumb Code     0  startup_stm32f746xx.o(.text)
    DMA1_Stream2_IRQHandler                  0x080401f7   Thumb Code     0  startup_stm32f746xx.o(.text)
    DMA1_Stream3_IRQHandler                  0x080401f7   Thumb Code     0  startup_stm32f746xx.o(.text)
    DMA1_Stream4_IRQHandler                  0x080401f7   Thumb Code     0  startup_stm32f746xx.o(.text)
    DMA1_Stream5_IRQHandler                  0x080401f7   Thumb Code     0  startup_stm32f746xx.o(.text)
    DMA1_Stream6_IRQHandler                  0x080401f7   Thumb Code     0  startup_stm32f746xx.o(.text)
    DMA1_Stream7_IRQHandler                  0x080401f7   Thumb Code     0  startup_stm32f746xx.o(.text)
    DMA2D_IRQHandler                         0x080401f7   Thumb Code     0  startup_stm32f746xx.o(.text)
    DMA2_Stream2_IRQHandler                  0x080401f7   Thumb Code     0  startup_stm32f746xx.o(.text)
    DMA2_Stream3_IRQHandler                  0x080401f7   Thumb Code     0  startup_stm32f746xx.o(.text)
    DMA2_Stream4_IRQHandler                  0x080401f7   Thumb Code     0  startup_stm32f746xx.o(.text)
    DMA2_Stream5_IRQHandler                  0x080401f7   Thumb Code     0  startup_stm32f746xx.o(.text)
    DMA2_Stream6_IRQHandler                  0x080401f7   Thumb Code     0  startup_stm32f746xx.o(.text)
    DMA2_Stream7_IRQHandler                  0x080401f7   Thumb Code     0  startup_stm32f746xx.o(.text)
    ETH_IRQHandler                           0x080401f7   Thumb Code     0  startup_stm32f746xx.o(.text)
    ETH_WKUP_IRQHandler                      0x080401f7   Thumb Code     0  startup_stm32f746xx.o(.text)
    EXTI0_IRQHandler                         0x080401f7   Thumb Code     0  startup_stm32f746xx.o(.text)
    EXTI15_10_IRQHandler                     0x080401f7   Thumb Code     0  startup_stm32f746xx.o(.text)
    EXTI1_IRQHandler                         0x080401f7   Thumb Code     0  startup_stm32f746xx.o(.text)
    EXTI4_IRQHandler                         0x080401f7   Thumb Code     0  startup_stm32f746xx.o(.text)
    EXTI9_5_IRQHandler                       0x080401f7   Thumb Code     0  startup_stm32f746xx.o(.text)
    FLASH_IRQHandler                         0x080401f7   Thumb Code     0  startup_stm32f746xx.o(.text)
    FMC_IRQHandler                           0x080401f7   Thumb Code     0  startup_stm32f746xx.o(.text)
    FPU_IRQHandler                           0x080401f7   Thumb Code     0  startup_stm32f746xx.o(.text)
    I2C1_ER_IRQHandler                       0x080401f7   Thumb Code     0  startup_stm32f746xx.o(.text)
    I2C1_EV_IRQHandler                       0x080401f7   Thumb Code     0  startup_stm32f746xx.o(.text)
    I2C2_ER_IRQHandler                       0x080401f7   Thumb Code     0  startup_stm32f746xx.o(.text)
    I2C2_EV_IRQHandler                       0x080401f7   Thumb Code     0  startup_stm32f746xx.o(.text)
    I2C3_ER_IRQHandler                       0x080401f7   Thumb Code     0  startup_stm32f746xx.o(.text)
    I2C3_EV_IRQHandler                       0x080401f7   Thumb Code     0  startup_stm32f746xx.o(.text)
    I2C4_ER_IRQHandler                       0x080401f7   Thumb Code     0  startup_stm32f746xx.o(.text)
    I2C4_EV_IRQHandler                       0x080401f7   Thumb Code     0  startup_stm32f746xx.o(.text)
    LPTIM1_IRQHandler                        0x080401f7   Thumb Code     0  startup_stm32f746xx.o(.text)
    LTDC_ER_IRQHandler                       0x080401f7   Thumb Code     0  startup_stm32f746xx.o(.text)
    LTDC_IRQHandler                          0x080401f7   Thumb Code     0  startup_stm32f746xx.o(.text)
    OTG_FS_IRQHandler                        0x080401f7   Thumb Code     0  startup_stm32f746xx.o(.text)
    OTG_FS_WKUP_IRQHandler                   0x080401f7   Thumb Code     0  startup_stm32f746xx.o(.text)
    OTG_HS_EP1_IN_IRQHandler                 0x080401f7   Thumb Code     0  startup_stm32f746xx.o(.text)
    OTG_HS_EP1_OUT_IRQHandler                0x080401f7   Thumb Code     0  startup_stm32f746xx.o(.text)
    OTG_HS_IRQHandler                        0x080401f7   Thumb Code     0  startup_stm32f746xx.o(.text)
    OTG_HS_WKUP_IRQHandler                   0x080401f7   Thumb Code     0  startup_stm32f746xx.o(.text)
    PVD_IRQHandler                           0x080401f7   Thumb Code     0  startup_stm32f746xx.o(.text)
    QUADSPI_IRQHandler                       0x080401f7   Thumb Code     0  startup_stm32f746xx.o(.text)
    RCC_IRQHandler                           0x080401f7   Thumb Code     0  startup_stm32f746xx.o(.text)
    RNG_IRQHandler                           0x080401f7   Thumb Code     0  startup_stm32f746xx.o(.text)
    RTC_Alarm_IRQHandler                     0x080401f7   Thumb Code     0  startup_stm32f746xx.o(.text)
    RTC_WKUP_IRQHandler                      0x080401f7   Thumb Code     0  startup_stm32f746xx.o(.text)
    SAI1_IRQHandler                          0x080401f7   Thumb Code     0  startup_stm32f746xx.o(.text)
    SAI2_IRQHandler                          0x080401f7   Thumb Code     0  startup_stm32f746xx.o(.text)
    SPDIF_RX_IRQHandler                      0x080401f7   Thumb Code     0  startup_stm32f746xx.o(.text)
    SPI2_IRQHandler                          0x080401f7   Thumb Code     0  startup_stm32f746xx.o(.text)
    SPI3_IRQHandler                          0x080401f7   Thumb Code     0  startup_stm32f746xx.o(.text)
    SPI4_IRQHandler                          0x080401f7   Thumb Code     0  startup_stm32f746xx.o(.text)
    SPI5_IRQHandler                          0x080401f7   Thumb Code     0  startup_stm32f746xx.o(.text)
    SPI6_IRQHandler                          0x080401f7   Thumb Code     0  startup_stm32f746xx.o(.text)
    TAMP_STAMP_IRQHandler                    0x080401f7   Thumb Code     0  startup_stm32f746xx.o(.text)
    TIM1_BRK_TIM9_IRQHandler                 0x080401f7   Thumb Code     0  startup_stm32f746xx.o(.text)
    TIM1_CC_IRQHandler                       0x080401f7   Thumb Code     0  startup_stm32f746xx.o(.text)
    TIM1_TRG_COM_TIM11_IRQHandler            0x080401f7   Thumb Code     0  startup_stm32f746xx.o(.text)
    TIM1_UP_TIM10_IRQHandler                 0x080401f7   Thumb Code     0  startup_stm32f746xx.o(.text)
    TIM2_IRQHandler                          0x080401f7   Thumb Code     0  startup_stm32f746xx.o(.text)
    TIM3_IRQHandler                          0x080401f7   Thumb Code     0  startup_stm32f746xx.o(.text)
    TIM4_IRQHandler                          0x080401f7   Thumb Code     0  startup_stm32f746xx.o(.text)
    TIM5_IRQHandler                          0x080401f7   Thumb Code     0  startup_stm32f746xx.o(.text)
    TIM6_DAC_IRQHandler                      0x080401f7   Thumb Code     0  startup_stm32f746xx.o(.text)
    TIM7_IRQHandler                          0x080401f7   Thumb Code     0  startup_stm32f746xx.o(.text)
    TIM8_BRK_TIM12_IRQHandler                0x080401f7   Thumb Code     0  startup_stm32f746xx.o(.text)
    TIM8_CC_IRQHandler                       0x080401f7   Thumb Code     0  startup_stm32f746xx.o(.text)
    TIM8_TRG_COM_TIM14_IRQHandler            0x080401f7   Thumb Code     0  startup_stm32f746xx.o(.text)
    TIM8_UP_TIM13_IRQHandler                 0x080401f7   Thumb Code     0  startup_stm32f746xx.o(.text)
    UART4_IRQHandler                         0x080401f7   Thumb Code     0  startup_stm32f746xx.o(.text)
    UART5_IRQHandler                         0x080401f7   Thumb Code     0  startup_stm32f746xx.o(.text)
    UART7_IRQHandler                         0x080401f7   Thumb Code     0  startup_stm32f746xx.o(.text)
    UART8_IRQHandler                         0x080401f7   Thumb Code     0  startup_stm32f746xx.o(.text)
    USART1_IRQHandler                        0x080401f7   Thumb Code     0  startup_stm32f746xx.o(.text)
    USART2_IRQHandler                        0x080401f7   Thumb Code     0  startup_stm32f746xx.o(.text)
    USART3_IRQHandler                        0x080401f7   Thumb Code     0  startup_stm32f746xx.o(.text)
    USART6_IRQHandler                        0x080401f7   Thumb Code     0  startup_stm32f746xx.o(.text)
    WWDG_IRQHandler                          0x080401f7   Thumb Code     0  startup_stm32f746xx.o(.text)
    __aeabi_uldivmod                         0x08040201   Thumb Code    98  uldiv.o(.text)
    __aeabi_memset                           0x08040263   Thumb Code    14  memseta.o(.text)
    __aeabi_memset4                          0x08040263   Thumb Code     0  memseta.o(.text)
    __aeabi_memset8                          0x08040263   Thumb Code     0  memseta.o(.text)
    __aeabi_memclr                           0x08040271   Thumb Code     4  memseta.o(.text)
    __aeabi_memclr4                          0x08040271   Thumb Code     0  memseta.o(.text)
    __aeabi_memclr8                          0x08040271   Thumb Code     0  memseta.o(.text)
    _memset$wrapper                          0x08040275   Thumb Code    18  memseta.o(.text)
    strcat                                   0x08040287   Thumb Code    24  strcat.o(.text)
    strlen                                   0x0804029f   Thumb Code    14  strlen.o(.text)
    __aeabi_uidiv                            0x080402ad   Thumb Code     0  uidiv.o(.text)
    __aeabi_uidivmod                         0x080402ad   Thumb Code    44  uidiv.o(.text)
    __aeabi_llsl                             0x080402d9   Thumb Code    30  llshl.o(.text)
    _ll_shift_l                              0x080402d9   Thumb Code     0  llshl.o(.text)
    __aeabi_llsr                             0x080402f7   Thumb Code    32  llushr.o(.text)
    _ll_ushift_r                             0x080402f7   Thumb Code     0  llushr.o(.text)
    __scatterload                            0x08040319   Thumb Code    28  init.o(.text)
    __scatterload_rt2                        0x08040319   Thumb Code     0  init.o(.text)
    BSP_PlatformIsDetected                   0x0804033d   Thumb Code    24  fatfs_platform.o(.text.BSP_PlatformIsDetected)
    BSP_SD_AbortCallback                     0x08040355   Thumb Code     2  bsp_driver_sd.o(.text.BSP_SD_AbortCallback)
    BSP_SD_GetCardInfo                       0x08040359   Thumb Code     8  bsp_driver_sd.o(.text.BSP_SD_GetCardInfo)
    BSP_SD_GetCardState                      0x08040361   Thumb Code    16  bsp_driver_sd.o(.text.BSP_SD_GetCardState)
    BSP_SD_Init                              0x08040371   Thumb Code    44  bsp_driver_sd.o(.text.BSP_SD_Init)
    BSP_SD_IsDetected                        0x0804039d   Thumb Code    26  bsp_driver_sd.o(.text.BSP_SD_IsDetected)
    BSP_SD_ReadBlocks                        0x080403b9   Thumb Code    28  bsp_driver_sd.o(.text.BSP_SD_ReadBlocks)
    BSP_SD_ReadCpltCallback                  0x080403d5   Thumb Code     2  bsp_driver_sd.o(.text.BSP_SD_ReadCpltCallback)
    BSP_SD_WriteBlocks                       0x080403d9   Thumb Code    32  bsp_driver_sd.o(.text.BSP_SD_WriteBlocks)
    BSP_SD_WriteCpltCallback                 0x080403f9   Thumb Code     2  bsp_driver_sd.o(.text.BSP_SD_WriteCpltCallback)
    BusFault_Handler                         0x080403fb   Thumb Code     2  stm32f7xx_it.o(.text.BusFault_Handler)
    DCMI_IRQHandler                          0x08040499   Thumb Code    12  stm32f7xx_it.o(.text.DCMI_IRQHandler)
    DMA2_Stream0_IRQHandler                  0x080404a5   Thumb Code    12  stm32f7xx_it.o(.text.DMA2_Stream0_IRQHandler)
    DMA2_Stream1_IRQHandler                  0x080404b1   Thumb Code     8  stm32f7xx_it.o(.text.DMA2_Stream1_IRQHandler)
    DebugMon_Handler                         0x0804050f   Thumb Code     2  stm32f7xx_it.o(.text.DebugMon_Handler)
    EXTI2_IRQHandler                         0x08040511   Thumb Code     6  stm32f7xx_it.o(.text.EXTI2_IRQHandler)
    EXTI3_IRQHandler                         0x08040517   Thumb Code     6  stm32f7xx_it.o(.text.EXTI3_IRQHandler)
    Error_Handler                            0x0804051d   Thumb Code     2  main.o(.text.Error_Handler)
    FATFS_LinkDriver                         0x0804051f   Thumb Code     6  ff_gen_drv.o(.text.FATFS_LinkDriver)
    FATFS_LinkDriverEx                       0x08040525   Thumb Code    60  ff_gen_drv.o(.text.FATFS_LinkDriverEx)
    HAL_DCMI_ErrorCallback                   0x08040561   Thumb Code     2  stm32f7xx_hal_dcmi.o(.text.HAL_DCMI_ErrorCallback)
    HAL_DCMI_FrameEventCallback              0x08040565   Thumb Code    20  ov5640.o(.text.HAL_DCMI_FrameEventCallback)
    HAL_DCMI_IRQHandler                      0x08040579   Thumb Code   156  stm32f7xx_hal_dcmi.o(.text.HAL_DCMI_IRQHandler)
    HAL_DCMI_Init                            0x08040615   Thumb Code   152  stm32f7xx_hal_dcmi.o(.text.HAL_DCMI_Init)
    HAL_DCMI_LineEventCallback               0x080406ad   Thumb Code     2  stm32f7xx_hal_dcmi.o(.text.HAL_DCMI_LineEventCallback)
    HAL_DCMI_MspInit                         0x080406b1   Thumb Code   328  stm32f7xx_hal_msp.o(.text.HAL_DCMI_MspInit)
    HAL_DCMI_Start_DMA                       0x080407f9   Thumb Code   180  stm32f7xx_hal_dcmi.o(.text.HAL_DCMI_Start_DMA)
    HAL_DCMI_Stop                            0x080408ad   Thumb Code   116  stm32f7xx_hal_dcmi.o(.text.HAL_DCMI_Stop)
    HAL_DCMI_VsyncEventCallback              0x08040921   Thumb Code     2  ov5640.o(.text.HAL_DCMI_VsyncEventCallback)
    HAL_DMAEx_ChangeMemory                   0x08040923   Thumb Code    16  stm32f7xx_hal_dma_ex.o(.text.HAL_DMAEx_ChangeMemory)
    HAL_DMAEx_MultiBufferStart_IT            0x08040935   Thumb Code  1032  stm32f7xx_hal_dma_ex.o(.text.HAL_DMAEx_MultiBufferStart_IT)
    HAL_DMA_Abort                            0x08040d3d   Thumb Code   138  stm32f7xx_hal_dma.o(.text.HAL_DMA_Abort)
    HAL_DMA_Abort_IT                         0x08040dc7   Thumb Code    36  stm32f7xx_hal_dma.o(.text.HAL_DMA_Abort_IT)
    HAL_DMA_DeInit                           0x08040deb   Thumb Code    88  stm32f7xx_hal_dma.o(.text.HAL_DMA_DeInit)
    HAL_DMA_IRQHandler                       0x08040e45   Thumb Code   368  stm32f7xx_hal_dma.o(.text.HAL_DMA_IRQHandler)
    HAL_DMA_Init                             0x08040fb5   Thumb Code   284  stm32f7xx_hal_dma.o(.text.HAL_DMA_Init)
    HAL_DMA_Start_IT                         0x080410d1   Thumb Code   106  stm32f7xx_hal_dma.o(.text.HAL_DMA_Start_IT)
    HAL_Delay                                0x0804113d   Thumb Code    36  stm32f7xx_hal.o(.text.HAL_Delay)
    HAL_GPIO_DeInit                          0x08041161   Thumb Code   212  stm32f7xx_hal_gpio.o(.text.HAL_GPIO_DeInit)
    HAL_GPIO_EXTI_Callback                   0x08041235   Thumb Code   140  main.o(.text.HAL_GPIO_EXTI_Callback)
    HAL_GPIO_EXTI_IRQHandler                 0x080412c1   Thumb Code    20  stm32f7xx_hal_gpio.o(.text.HAL_GPIO_EXTI_IRQHandler)
    HAL_GPIO_Init                            0x080412d5   Thumb Code   400  stm32f7xx_hal_gpio.o(.text.HAL_GPIO_Init)
    HAL_GPIO_ReadPin                         0x08041465   Thumb Code    10  stm32f7xx_hal_gpio.o(.text.HAL_GPIO_ReadPin)
    HAL_GPIO_TogglePin                       0x0804146f   Thumb Code    16  stm32f7xx_hal_gpio.o(.text.HAL_GPIO_TogglePin)
    HAL_GPIO_WritePin                        0x0804147f   Thumb Code    10  stm32f7xx_hal_gpio.o(.text.HAL_GPIO_WritePin)
    HAL_GetTick                              0x08041489   Thumb Code    12  stm32f7xx_hal.o(.text.HAL_GetTick)
    HAL_I2S_DeInit                           0x08041495   Thumb Code    46  stm32f7xx_hal_i2s.o(.text.HAL_I2S_DeInit)
    HAL_I2S_ErrorCallback                    0x080414c3   Thumb Code     2  main.o(.text.HAL_I2S_ErrorCallback)
    HAL_I2S_GetState                         0x080414c5   Thumb Code     6  stm32f7xx_hal_i2s.o(.text.HAL_I2S_GetState)
    HAL_I2S_IRQHandler                       0x080414cb   Thumb Code   176  stm32f7xx_hal_i2s.o(.text.HAL_I2S_IRQHandler)
    HAL_I2S_Init                             0x0804157d   Thumb Code   308  stm32f7xx_hal_i2s.o(.text.HAL_I2S_Init)
    HAL_I2S_MspDeInit                        0x080416b1   Thumb Code    68  stm32f7xx_hal_msp.o(.text.HAL_I2S_MspDeInit)
    HAL_I2S_MspInit                          0x080416f5   Thumb Code   236  stm32f7xx_hal_msp.o(.text.HAL_I2S_MspInit)
    HAL_I2S_Receive_DMA                      0x080417e1   Thumb Code   208  stm32f7xx_hal_i2s.o(.text.HAL_I2S_Receive_DMA)
    HAL_I2S_RxCpltCallback                   0x080418b1   Thumb Code    80  main.o(.text.HAL_I2S_RxCpltCallback)
    HAL_I2S_RxHalfCpltCallback               0x08041901   Thumb Code     2  stm32f7xx_hal_i2s.o(.text.HAL_I2S_RxHalfCpltCallback)
    HAL_I2S_TxCpltCallback                   0x08041903   Thumb Code     2  stm32f7xx_hal_i2s.o(.text.HAL_I2S_TxCpltCallback)
    HAL_IncTick                              0x08041905   Thumb Code    20  stm32f7xx_hal.o(.text.HAL_IncTick)
    HAL_Init                                 0x08041919   Thumb Code    22  stm32f7xx_hal.o(.text.HAL_Init)
    HAL_InitTick                             0x08041931   Thumb Code    64  stm32f7xx_hal.o(.text.HAL_InitTick)
    HAL_MspInit                              0x08041971   Thumb Code    48  stm32f7xx_hal_msp.o(.text.HAL_MspInit)
    HAL_NVIC_ClearPendingIRQ                 0x080419a1   Thumb Code    28  stm32f7xx_hal_cortex.o(.text.HAL_NVIC_ClearPendingIRQ)
    HAL_NVIC_DisableIRQ                      0x080419bd   Thumb Code    36  stm32f7xx_hal_cortex.o(.text.HAL_NVIC_DisableIRQ)
    HAL_NVIC_EnableIRQ                       0x080419e1   Thumb Code    28  stm32f7xx_hal_cortex.o(.text.HAL_NVIC_EnableIRQ)
    HAL_NVIC_SetPriority                     0x080419fd   Thumb Code    56  stm32f7xx_hal_cortex.o(.text.HAL_NVIC_SetPriority)
    HAL_NVIC_SetPriorityGrouping             0x08041a35   Thumb Code    32  stm32f7xx_hal_cortex.o(.text.HAL_NVIC_SetPriorityGrouping)
    HAL_RCCEx_PeriphCLKConfig                0x08041a55   Thumb Code  1226  stm32f7xx_hal_rcc_ex.o(.text.HAL_RCCEx_PeriphCLKConfig)
    HAL_RCC_ClockConfig                      0x08041f21   Thumb Code   312  stm32f7xx_hal_rcc.o(.text.HAL_RCC_ClockConfig)
    HAL_RCC_GetSysClockFreq                  0x08042059   Thumb Code    92  stm32f7xx_hal_rcc.o(.text.HAL_RCC_GetSysClockFreq)
    HAL_RCC_MCOConfig                        0x080420b5   Thumb Code   144  stm32f7xx_hal_rcc.o(.text.HAL_RCC_MCOConfig)
    HAL_RCC_OscConfig                        0x08042145   Thumb Code   852  stm32f7xx_hal_rcc.o(.text.HAL_RCC_OscConfig)
    HAL_SD_AbortCallback                     0x08042499   Thumb Code     4  bsp_driver_sd.o(.text.HAL_SD_AbortCallback)
    HAL_SD_ConfigWideBusOperation            0x0804249d   Thumb Code   268  stm32f7xx_hal_sd.o(.text.HAL_SD_ConfigWideBusOperation)
    HAL_SD_DeInit                            0x080425a9   Thumb Code    38  stm32f7xx_hal_sd.o(.text.HAL_SD_DeInit)
    HAL_SD_ErrorCallback                     0x080425cf   Thumb Code     2  stm32f7xx_hal_sd.o(.text.HAL_SD_ErrorCallback)
    HAL_SD_GetCardCSD                        0x080425d1   Thumb Code   376  stm32f7xx_hal_sd.o(.text.HAL_SD_GetCardCSD)
    HAL_SD_GetCardInfo                       0x08042749   Thumb Code    32  stm32f7xx_hal_sd.o(.text.HAL_SD_GetCardInfo)
    HAL_SD_GetCardState                      0x08042769   Thumb Code    40  stm32f7xx_hal_sd.o(.text.HAL_SD_GetCardState)
    HAL_SD_IRQHandler                        0x08042791   Thumb Code   528  stm32f7xx_hal_sd.o(.text.HAL_SD_IRQHandler)
    HAL_SD_Init                              0x080429a1   Thumb Code    60  stm32f7xx_hal_sd.o(.text.HAL_SD_Init)
    HAL_SD_InitCard                          0x080429dd   Thumb Code   476  stm32f7xx_hal_sd.o(.text.HAL_SD_InitCard)
    HAL_SD_MspDeInit                         0x08042bb9   Thumb Code    60  stm32f7xx_hal_msp.o(.text.HAL_SD_MspDeInit)
    HAL_SD_MspInit                           0x08042bf5   Thumb Code   176  stm32f7xx_hal_msp.o(.text.HAL_SD_MspInit)
    HAL_SD_ReadBlocks                        0x08042ca5   Thumb Code   468  stm32f7xx_hal_sd.o(.text.HAL_SD_ReadBlocks)
    HAL_SD_RxCpltCallback                    0x08042e79   Thumb Code     4  bsp_driver_sd.o(.text.HAL_SD_RxCpltCallback)
    HAL_SD_TxCpltCallback                    0x08042e7d   Thumb Code     4  bsp_driver_sd.o(.text.HAL_SD_TxCpltCallback)
    HAL_SD_WriteBlocks                       0x08042e81   Thumb Code   420  stm32f7xx_hal_sd.o(.text.HAL_SD_WriteBlocks)
    HAL_SYSTICK_Config                       0x08043025   Thumb Code    40  stm32f7xx_hal_cortex.o(.text.HAL_SYSTICK_Config)
    HardFault_Handler                        0x0804304d   Thumb Code     2  stm32f7xx_it.o(.text.HardFault_Handler)
    MX_FATFS_Init                            0x0804309d   Thumb Code    24  fatfs.o(.text.MX_FATFS_Init)
    MemManage_Handler                        0x080430b5   Thumb Code     2  stm32f7xx_it.o(.text.MemManage_Handler)
    NMI_Handler                              0x080430b7   Thumb Code     2  stm32f7xx_it.o(.text.NMI_Handler)
    OV5640_Auto_Focus                        0x080430b9   Thumb Code   110  ov5640.o(.text.OV5640_Auto_Focus)
    OV5640_Brightness                        0x08043129   Thumb Code    72  ov5640.o(.text.OV5640_Brightness)
    OV5640_Color_Saturation                  0x08043171   Thumb Code   116  ov5640.o(.text.OV5640_Color_Saturation)
    OV5640_Contrast                          0x080431e5   Thumb Code   104  ov5640.o(.text.OV5640_Contrast)
    OV5640_Flash_Lamp                        0x0804324d   Thumb Code    44  ov5640.o(.text.OV5640_Flash_Lamp)
    OV5640_Focus_Init                        0x08043279   Thumb Code   160  ov5640.o(.text.OV5640_Focus_Init)
    OV5640_Init                              0x08043319   Thumb Code   144  ov5640.o(.text.OV5640_Init)
    OV5640_JPEG_Mode                         0x080433a9   Thumb Code    36  ov5640.o(.text.OV5640_JPEG_Mode)
    OV5640_Light_Mode                        0x080433cd   Thumb Code    72  ov5640.o(.text.OV5640_Light_Mode)
    OV5640_OutSize_Set                       0x08043415   Thumb Code   116  ov5640.o(.text.OV5640_OutSize_Set)
    OV5640_RD_Reg                            0x08043489   Thumb Code    52  ov5640.o(.text.OV5640_RD_Reg)
    OV5640_Sharpness                         0x080434bd   Thumb Code   116  ov5640.o(.text.OV5640_Sharpness)
    OV5640_WR_Reg                            0x08043531   Thumb Code    56  ov5640.o(.text.OV5640_WR_Reg)
    PendSV_Handler                           0x08043569   Thumb Code     2  stm32f7xx_it.o(.text.PendSV_Handler)
    SCCB_No_Ack                              0x0804356d   Thumb Code    56  sccb.o(.text.SCCB_No_Ack)
    SCCB_RD_Byte                             0x080435a5   Thumb Code    68  sccb.o(.text.SCCB_RD_Byte)
    SCCB_Start                               0x080435e9   Thumb Code    52  sccb.o(.text.SCCB_Start)
    SCCB_Stop                                0x0804361d   Thumb Code    48  sccb.o(.text.SCCB_Stop)
    SCCB_WR_Byte                             0x0804364d   Thumb Code   112  sccb.o(.text.SCCB_WR_Byte)
    SDMMC1_IRQHandler                        0x080436bd   Thumb Code    12  stm32f7xx_it.o(.text.SDMMC1_IRQHandler)
    SDMMC_CmdAppCommand                      0x080436c9   Thumb Code    52  stm32f7xx_ll_sdmmc.o(.text.SDMMC_CmdAppCommand)
    SDMMC_CmdAppOperCommand                  0x080436fd   Thumb Code    56  stm32f7xx_ll_sdmmc.o(.text.SDMMC_CmdAppOperCommand)
    SDMMC_CmdBlockLength                     0x08043735   Thumb Code    52  stm32f7xx_ll_sdmmc.o(.text.SDMMC_CmdBlockLength)
    SDMMC_CmdBusWidth                        0x08043769   Thumb Code    52  stm32f7xx_ll_sdmmc.o(.text.SDMMC_CmdBusWidth)
    SDMMC_CmdGoIdleState                     0x0804379d   Thumb Code    76  stm32f7xx_ll_sdmmc.o(.text.SDMMC_CmdGoIdleState)
    SDMMC_CmdOperCond                        0x080437e9   Thumb Code   120  stm32f7xx_ll_sdmmc.o(.text.SDMMC_CmdOperCond)
    SDMMC_CmdReadMultiBlock                  0x08043861   Thumb Code    52  stm32f7xx_ll_sdmmc.o(.text.SDMMC_CmdReadMultiBlock)
    SDMMC_CmdReadSingleBlock                 0x08043895   Thumb Code    52  stm32f7xx_ll_sdmmc.o(.text.SDMMC_CmdReadSingleBlock)
    SDMMC_CmdSelDesel                        0x080438c9   Thumb Code    52  stm32f7xx_ll_sdmmc.o(.text.SDMMC_CmdSelDesel)
    SDMMC_CmdSendCID                         0x080438fd   Thumb Code    46  stm32f7xx_ll_sdmmc.o(.text.SDMMC_CmdSendCID)
    SDMMC_CmdSendCSD                         0x0804392b   Thumb Code    46  stm32f7xx_ll_sdmmc.o(.text.SDMMC_CmdSendCSD)
    SDMMC_CmdSendSCR                         0x08043959   Thumb Code    52  stm32f7xx_ll_sdmmc.o(.text.SDMMC_CmdSendSCR)
    SDMMC_CmdSendStatus                      0x0804398d   Thumb Code    52  stm32f7xx_ll_sdmmc.o(.text.SDMMC_CmdSendStatus)
    SDMMC_CmdSetRelAdd                       0x080439c1   Thumb Code   164  stm32f7xx_ll_sdmmc.o(.text.SDMMC_CmdSetRelAdd)
    SDMMC_CmdStopTransfer                    0x08043a65   Thumb Code    56  stm32f7xx_ll_sdmmc.o(.text.SDMMC_CmdStopTransfer)
    SDMMC_CmdWriteMultiBlock                 0x08043a9d   Thumb Code    52  stm32f7xx_ll_sdmmc.o(.text.SDMMC_CmdWriteMultiBlock)
    SDMMC_CmdWriteSingleBlock                0x08043ad1   Thumb Code    52  stm32f7xx_ll_sdmmc.o(.text.SDMMC_CmdWriteSingleBlock)
    SDMMC_ConfigData                         0x08043b05   Thumb Code    36  stm32f7xx_ll_sdmmc.o(.text.SDMMC_ConfigData)
    SDMMC_GetPowerState                      0x08043cd1   Thumb Code     8  stm32f7xx_ll_sdmmc.o(.text.SDMMC_GetPowerState)
    SDMMC_GetResponse                        0x08043cd9   Thumb Code     6  stm32f7xx_ll_sdmmc.o(.text.SDMMC_GetResponse)
    SDMMC_Init                               0x08043cdf   Thumb Code    34  stm32f7xx_ll_sdmmc.o(.text.SDMMC_Init)
    SDMMC_PowerState_OFF                     0x08043d01   Thumb Code     8  stm32f7xx_ll_sdmmc.o(.text.SDMMC_PowerState_OFF)
    SDMMC_PowerState_ON                      0x08043d09   Thumb Code    16  stm32f7xx_ll_sdmmc.o(.text.SDMMC_PowerState_ON)
    SDMMC_ReadFIFO                           0x08043d19   Thumb Code     6  stm32f7xx_ll_sdmmc.o(.text.SDMMC_ReadFIFO)
    SDMMC_SendCommand                        0x08043d1f   Thumb Code    32  stm32f7xx_ll_sdmmc.o(.text.SDMMC_SendCommand)
    SDMMC_WriteFIFO                          0x08043d3f   Thumb Code    10  stm32f7xx_ll_sdmmc.o(.text.SDMMC_WriteFIFO)
    SD_initialize                            0x08043eb9   Thumb Code    24  sd_diskio.o(.text.SD_initialize)
    SD_ioctl                                 0x08043ed1   Thumb Code    80  sd_diskio.o(.text.SD_ioctl)
    SD_read                                  0x08043f21   Thumb Code    34  sd_diskio.o(.text.SD_read)
    SD_status                                0x08043f43   Thumb Code     4  sd_diskio.o(.text.SD_status)
    SD_write                                 0x08043f47   Thumb Code    34  sd_diskio.o(.text.SD_write)
    SPI1_IRQHandler                          0x08043f69   Thumb Code    12  stm32f7xx_it.o(.text.SPI1_IRQHandler)
    SVC_Handler                              0x08043f75   Thumb Code     2  stm32f7xx_it.o(.text.SVC_Handler)
    SysTick_Handler                          0x08043f77   Thumb Code     4  stm32f7xx_it.o(.text.SysTick_Handler)
    SystemClock_Config                       0x08043f7d   Thumb Code   192  main.o(.text.SystemClock_Config)
    SystemInit                               0x0804403d   Thumb Code    16  system_stm32f7xx.o(.text.SystemInit)
    UsageFault_Handler                       0x0804404d   Thumb Code     2  stm32f7xx_it.o(.text.UsageFault_Handler)
    dcmi_to_fs                               0x08044261   Thumb Code   364  main.o(.text.dcmi_to_fs)
    delay_6us                                0x08044405   Thumb Code    44  sccb.o(.text.delay_6us)
    disk_initialize                          0x080449c5   Thumb Code    32  diskio.o(.text.disk_initialize)
    disk_ioctl                               0x080449e5   Thumb Code    28  diskio.o(.text.disk_ioctl)
    disk_read                                0x08044a01   Thumb Code    28  diskio.o(.text.disk_read)
    disk_status                              0x08044a1d   Thumb Code    20  diskio.o(.text.disk_status)
    disk_write                               0x08044a31   Thumb Code    32  diskio.o(.text.disk_write)
    f_close                                  0x08044a51   Thumb Code    40  ff.o(.text.f_close)
    f_mkdir                                  0x08044a79   Thumb Code   352  ff.o(.text.f_mkdir)
    f_mount                                  0x08044bd9   Thumb Code    80  ff.o(.text.f_mount)
    f_open                                   0x08044c29   Thumb Code   584  ff.o(.text.f_open)
    f_sync                                   0x08044e71   Thumb Code   142  ff.o(.text.f_sync)
    f_write                                  0x08044eff   Thumb Code   404  ff.o(.text.f_write)
    ff_convert                               0x08045095   Thumb Code    64  ccsbcs.o(.text.ff_convert)
    ff_wtoupper                              0x080450d5   Thumb Code   128  ccsbcs.o(.text.ff_wtoupper)
    file_err_handler                         0x08045155   Thumb Code   104  main.o(.text.file_err_handler)
    get_fattime                              0x08045771   Thumb Code     4  fatfs.o(.text.get_fattime)
    i2s_to_fs                                0x080457b5   Thumb Code   264  main.o(.text.i2s_to_fs)
    indicate_err                             0x0804592d   Thumb Code    48  main.o(.text.indicate_err)
    indicate_ready                           0x0804595d   Thumb Code    12  main.o(.text.indicate_ready)
    indicate_stop                            0x08045969   Thumb Code    48  main.o(.text.indicate_stop)
    indicate_success                         0x08045999   Thumb Code    52  main.o(.text.indicate_success)
    init_camera                              0x080459cd   Thumb Code    80  main.o(.text.init_camera)
    jpeg_dcmi_frame_callback                 0x08045a1d   Thumb Code    20  ov5640.o(.text.jpeg_dcmi_frame_callback)
    jpeg_test                                0x08045a31   Thumb Code   196  ov5640.o(.text.jpeg_test)
    main                                     0x08045b11   Thumb Code   836  main.o(.text.main)
    start_recording                          0x08046009   Thumb Code   188  main.o(.text.start_recording)
    stop_recording                           0x080460c5   Thumb Code    64  main.o(.text.stop_recording)
    __0sprintf$1                             0x08046225   Thumb Code    34  printf1.o(i.__0sprintf$1)
    __1sprintf$1                             0x08046225   Thumb Code     0  printf1.o(i.__0sprintf$1)
    __2sprintf                               0x08046225   Thumb Code     0  printf1.o(i.__0sprintf$1)
    __scatterload_copy                       0x0804624d   Thumb Code    14  handlers.o(i.__scatterload_copy)
    __scatterload_null                       0x0804625b   Thumb Code     2  handlers.o(i.__scatterload_null)
    __scatterload_zeroinit                   0x0804625d   Thumb Code    14  handlers.o(i.__scatterload_zeroinit)
    AHBPrescTable                            0x080463ca   Data          16  system_stm32f7xx.o(.rodata.AHBPrescTable)
    OV5640_AF_Config                         0x08046467   Data        4077  ov5640.o(.rodata.OV5640_AF_Config)
    OV5640_jpeg_reg_tbl                      0x080474a2   Data         180  ov5640.o(.rodata.OV5640_jpeg_reg_tbl)
    SD_Driver                                0x08047558   Data          20  sd_diskio.o(.rodata.SD_Driver)
    jpeg_size_tbl                            0x0804766c   Data          28  ov5640.o(.rodata.jpeg_size_tbl)
    ov5640_init_reg_tbl                      0x08047688   Data         828  ov5640.o(.rodata.ov5640_init_reg_tbl)
    Region$$Table$$Base                      0x08047c78   Number         0  anon$$obj.o(Region$$Table)
    Region$$Table$$Limit                     0x08047c98   Number         0  anon$$obj.o(Region$$Table)
    result_audio_write                       0x20000000   Data           1  main.o(.data..L_MergedGlobals)
    result_audio_open                        0x20000001   Data           1  main.o(.data..L_MergedGlobals)
    result_video_write                       0x20000002   Data           1  main.o(.data..L_MergedGlobals)
    result_video_close                       0x20000003   Data           1  main.o(.data..L_MergedGlobals)
    result_video_open                        0x20000004   Data           1  main.o(.data..L_MergedGlobals)
    uwTickFreq                               0x20000008   Data           1  stm32f7xx_hal.o(.data..L_MergedGlobals)
    uwTickPrio                               0x2000000c   Data           4  stm32f7xx_hal.o(.data..L_MergedGlobals)
    SystemCoreClock                          0x20000014   Data           4  system_stm32f7xx.o(.data.SystemCoreClock)
    result_audio_close                       0x20000018   Data           1  main.o(.data.result_audio_close)
    retSD                                    0x20000020   Data           1  fatfs.o(.bss..L_MergedGlobals)
    SDPath                                   0x20000021   Data           4  fatfs.o(.bss..L_MergedGlobals)
    i2s_queue_head                           0x20000030   Data           1  main.o(.bss..L_MergedGlobals.8)
    i2s_queue_tail                           0x20000031   Data           1  main.o(.bss..L_MergedGlobals.8)
    cmd_start                                0x20000032   Data           1  main.o(.bss..L_MergedGlobals.8)
    run_state                                0x20000033   Data           1  main.o(.bss..L_MergedGlobals.8)
    i2s_file_opened                          0x20000034   Data           1  main.o(.bss..L_MergedGlobals.8)
    dcmi_data_valid                          0x20000035   Data           1  main.o(.bss..L_MergedGlobals.8)
    init_done                                0x20000036   Data           1  main.o(.bss..L_MergedGlobals.8)
    i2s_int_cnt                              0x20000038   Data           4  main.o(.bss..L_MergedGlobals.8)
    i2s_fs_cnt                               0x2000003c   Data           4  main.o(.bss..L_MergedGlobals.8)
    dcmi_fs_cnt                              0x20000040   Data           4  main.o(.bss..L_MergedGlobals.8)
    fs_fail_cnt                              0x20000044   Data           4  main.o(.bss..L_MergedGlobals.8)
    exti3_int_cnt                            0x20000048   Data           4  main.o(.bss..L_MergedGlobals.8)
    audio_filename                           0x20000050   Data          30  main.o(.bss..L_MergedGlobals.8)
    SDFatFS                                  0x20000290   Data         564  fatfs.o(.bss.SDFatFS)
    SDFile                                   0x200004c4   Data         560  fatfs.o(.bss.SDFile)
    VideoFile                                0x200006f4   Data         560  fatfs.o(.bss.VideoFile)
    audio_fwrite_buf                         0x20000924   Data        5512  main.o(.bss.audio_fwrite_buf)
    audio_sample_buf                         0x20001eac   Data       66144  main.o(.bss.audio_sample_buf)
    disk                                     0x2001210c   Data          12  ff_gen_drv.o(.bss.disk)
    hdcmi                                    0x20012118   Data          80  main.o(.bss.hdcmi)
    hdma_dcmi                                0x20012168   Data          96  main.o(.bss.hdma_dcmi)
    hdma_spi1_rx                             0x200121c8   Data          96  main.o(.bss.hdma_spi1_rx)
    hi2s1                                    0x20012228   Data          64  main.o(.bss.hi2s1)
    hsd1                                     0x20012268   Data         132  main.o(.bss.hsd1)
    jpeg_data_buf                            0x200122ec   Data       245760  ov5640.o(.bss.jpeg_data_buf)
    jpeg_mode                                0x2004e2ec   Data           1  ov5640.o(.bss.jpeg_mode)
    uwTick                                   0x2004e2f0   Data           4  stm32f7xx_hal.o(.bss.uwTick)
    __initial_sp                             0x2004eaf8   Data           0  startup_stm32f746xx.o(STACK)



==============================================================================

Memory Map of the image

  Image Entry point : 0x080401c9

  Load Region LR_IROM1 (Base: 0x08040000, Size: 0x00007cb8, Max: 0x000a0000, ABSOLUTE)

    Execution Region ER_IROM1 (Exec base: 0x08040000, Load base: 0x08040000, Size: 0x00007c98, Max: 0x000a0000, ABSOLUTE)

    Exec Addr    Load Addr    Size         Type   Attr      Idx    E Section Name        Object

    0x08040000   0x08040000   0x000001c8   Data   RO            3    RESET               startup_stm32f746xx.o
    0x080401c8   0x080401c8   0x00000000   Code   RO         1384  * .ARM.Collect$$$$00000000  mc_w.l(entry.o)
    0x080401c8   0x080401c8   0x00000004   Code   RO         1656    .ARM.Collect$$$$00000001  mc_w.l(entry2.o)
    0x080401cc   0x080401cc   0x00000004   Code   RO         1659    .ARM.Collect$$$$00000004  mc_w.l(entry5.o)
    0x080401d0   0x080401d0   0x00000000   Code   RO         1661    .ARM.Collect$$$$00000008  mc_w.l(entry7b.o)
    0x080401d0   0x080401d0   0x00000000   Code   RO         1663    .ARM.Collect$$$$0000000A  mc_w.l(entry8b.o)
    0x080401d0   0x080401d0   0x00000008   Code   RO         1664    .ARM.Collect$$$$0000000B  mc_w.l(entry9a.o)
    0x080401d8   0x080401d8   0x00000000   Code   RO         1666    .ARM.Collect$$$$0000000D  mc_w.l(entry10a.o)
    0x080401d8   0x080401d8   0x00000000   Code   RO         1668    .ARM.Collect$$$$0000000F  mc_w.l(entry11a.o)
    0x080401d8   0x080401d8   0x00000004   Code   RO         1657    .ARM.Collect$$$$00002712  mc_w.l(entry2.o)
    0x080401dc   0x080401dc   0x00000024   Code   RO            4    .text               startup_stm32f746xx.o
    0x08040200   0x08040200   0x00000062   Code   RO         1387    .text               mc_w.l(uldiv.o)
    0x08040262   0x08040262   0x00000024   Code   RO         1389    .text               mc_w.l(memseta.o)
    0x08040286   0x08040286   0x00000018   Code   RO         1391    .text               mc_w.l(strcat.o)
    0x0804029e   0x0804029e   0x0000000e   Code   RO         1393    .text               mc_w.l(strlen.o)
    0x080402ac   0x080402ac   0x0000002c   Code   RO         1675    .text               mc_w.l(uidiv.o)
    0x080402d8   0x080402d8   0x0000001e   Code   RO         1677    .text               mc_w.l(llshl.o)
    0x080402f6   0x080402f6   0x00000020   Code   RO         1679    .text               mc_w.l(llushr.o)
    0x08040316   0x08040316   0x00000002   PAD
    0x08040318   0x08040318   0x00000024   Code   RO         1692    .text               mc_w.l(init.o)
    0x0804033c   0x0804033c   0x00000018   Code   RO          147    .text.BSP_PlatformIsDetected  fatfs_platform.o
    0x08040354   0x08040354   0x00000002   Code   RO           92    .text.BSP_SD_AbortCallback  bsp_driver_sd.o
    0x08040356   0x08040356   0x00000002   PAD
    0x08040358   0x08040358   0x00000008   Code   RO           88    .text.BSP_SD_GetCardInfo  bsp_driver_sd.o
    0x08040360   0x08040360   0x00000010   Code   RO           86    .text.BSP_SD_GetCardState  bsp_driver_sd.o
    0x08040370   0x08040370   0x0000002c   Code   RO           70    .text.BSP_SD_Init   bsp_driver_sd.o
    0x0804039c   0x0804039c   0x0000001a   Code   RO           72    .text.BSP_SD_IsDetected  bsp_driver_sd.o
    0x080403b6   0x080403b6   0x00000002   PAD
    0x080403b8   0x080403b8   0x0000001c   Code   RO           76    .text.BSP_SD_ReadBlocks  bsp_driver_sd.o
    0x080403d4   0x080403d4   0x00000002   Code   RO          100    .text.BSP_SD_ReadCpltCallback  bsp_driver_sd.o
    0x080403d6   0x080403d6   0x00000002   PAD
    0x080403d8   0x080403d8   0x00000020   Code   RO           78    .text.BSP_SD_WriteBlocks  bsp_driver_sd.o
    0x080403f8   0x080403f8   0x00000002   Code   RO           96    .text.BSP_SD_WriteCpltCallback  bsp_driver_sd.o
    0x080403fa   0x080403fa   0x00000002   Code   RO          162    .text.BusFault_Handler  stm32f7xx_it.o
    0x080403fc   0x080403fc   0x0000001c   Code   RO          277    .text.DCMI_DMAError  stm32f7xx_hal_dcmi.o
    0x08040418   0x08040418   0x00000080   Code   RO          275    .text.DCMI_DMAXferCplt  stm32f7xx_hal_dcmi.o
    0x08040498   0x08040498   0x0000000c   Code   RO          186    .text.DCMI_IRQHandler  stm32f7xx_it.o
    0x080404a4   0x080404a4   0x0000000c   Code   RO          182    .text.DMA2_Stream0_IRQHandler  stm32f7xx_it.o
    0x080404b0   0x080404b0   0x00000008   Code   RO          184    .text.DMA2_Stream1_IRQHandler  stm32f7xx_it.o
    0x080404b8   0x080404b8   0x00000034   Code   RO          465    .text.DMA_CalcBaseAndBitshift  stm32f7xx_hal_dma.o
    0x080404ec   0x080404ec   0x00000022   Code   RO          471    .text.DMA_SetConfig  stm32f7xx_hal_dma.o
    0x0804050e   0x0804050e   0x00000002   Code   RO          168    .text.DebugMon_Handler  stm32f7xx_it.o
    0x08040510   0x08040510   0x00000006   Code   RO          174    .text.EXTI2_IRQHandler  stm32f7xx_it.o
    0x08040516   0x08040516   0x00000006   Code   RO          176    .text.EXTI3_IRQHandler  stm32f7xx_it.o
    0x0804051c   0x0804051c   0x00000002   Code   RO           15    .text.Error_Handler  main.o
    0x0804051e   0x0804051e   0x00000006   Code   RO         1353    .text.FATFS_LinkDriver  ff_gen_drv.o
    0x08040524   0x08040524   0x0000003c   Code   RO         1351    .text.FATFS_LinkDriverEx  ff_gen_drv.o
    0x08040560   0x08040560   0x00000002   Code   RO          293    .text.HAL_DCMI_ErrorCallback  stm32f7xx_hal_dcmi.o
    0x08040562   0x08040562   0x00000002   PAD
    0x08040564   0x08040564   0x00000014   Code   RO         1146    .text.HAL_DCMI_FrameEventCallback  ov5640.o
    0x08040578   0x08040578   0x0000009c   Code   RO          285    .text.HAL_DCMI_IRQHandler  stm32f7xx_hal_dcmi.o
    0x08040614   0x08040614   0x00000098   Code   RO          265    .text.HAL_DCMI_Init  stm32f7xx_hal_dcmi.o
    0x080406ac   0x080406ac   0x00000002   Code   RO          287    .text.HAL_DCMI_LineEventCallback  stm32f7xx_hal_dcmi.o
    0x080406ae   0x080406ae   0x00000002   PAD
    0x080406b0   0x080406b0   0x00000148   Code   RO          197    .text.HAL_DCMI_MspInit  stm32f7xx_hal_msp.o
    0x080407f8   0x080407f8   0x000000b4   Code   RO          273    .text.HAL_DCMI_Start_DMA  stm32f7xx_hal_dcmi.o
    0x080408ac   0x080408ac   0x00000074   Code   RO          279    .text.HAL_DCMI_Stop  stm32f7xx_hal_dcmi.o
    0x08040920   0x08040920   0x00000002   Code   RO         1148    .text.HAL_DCMI_VsyncEventCallback  ov5640.o
    0x08040922   0x08040922   0x00000010   Code   RO          503    .text.HAL_DMAEx_ChangeMemory  stm32f7xx_hal_dma_ex.o
    0x08040932   0x08040932   0x00000002   PAD
    0x08040934   0x08040934   0x00000408   Code   RO          501    .text.HAL_DMAEx_MultiBufferStart_IT  stm32f7xx_hal_dma_ex.o
    0x08040d3c   0x08040d3c   0x0000008a   Code   RO          475    .text.HAL_DMA_Abort  stm32f7xx_hal_dma.o
    0x08040dc6   0x08040dc6   0x00000024   Code   RO          477    .text.HAL_DMA_Abort_IT  stm32f7xx_hal_dma.o
    0x08040dea   0x08040dea   0x00000058   Code   RO          467    .text.HAL_DMA_DeInit  stm32f7xx_hal_dma.o
    0x08040e42   0x08040e42   0x00000002   PAD
    0x08040e44   0x08040e44   0x00000170   Code   RO          481    .text.HAL_DMA_IRQHandler  stm32f7xx_hal_dma.o
    0x08040fb4   0x08040fb4   0x0000011c   Code   RO          463    .text.HAL_DMA_Init  stm32f7xx_hal_dma.o
    0x080410d0   0x080410d0   0x0000006a   Code   RO          473    .text.HAL_DMA_Start_IT  stm32f7xx_hal_dma.o
    0x0804113a   0x0804113a   0x00000002   PAD
    0x0804113c   0x0804113c   0x00000024   Code   RO          609    .text.HAL_Delay     stm32f7xx_hal.o
    0x08041160   0x08041160   0x000000d4   Code   RO          441    .text.HAL_GPIO_DeInit  stm32f7xx_hal_gpio.o
    0x08041234   0x08041234   0x0000008c   Code   RO           17    .text.HAL_GPIO_EXTI_Callback  main.o
    0x080412c0   0x080412c0   0x00000014   Code   RO          451    .text.HAL_GPIO_EXTI_IRQHandler  stm32f7xx_hal_gpio.o
    0x080412d4   0x080412d4   0x00000190   Code   RO          439    .text.HAL_GPIO_Init  stm32f7xx_hal_gpio.o
    0x08041464   0x08041464   0x0000000a   Code   RO          443    .text.HAL_GPIO_ReadPin  stm32f7xx_hal_gpio.o
    0x0804146e   0x0804146e   0x00000010   Code   RO          447    .text.HAL_GPIO_TogglePin  stm32f7xx_hal_gpio.o
    0x0804147e   0x0804147e   0x0000000a   Code   RO          445    .text.HAL_GPIO_WritePin  stm32f7xx_hal_gpio.o
    0x08041488   0x08041488   0x0000000c   Code   RO          601    .text.HAL_GetTick   stm32f7xx_hal.o
    0x08041494   0x08041494   0x0000002e   Code   RO          869    .text.HAL_I2S_DeInit  stm32f7xx_hal_i2s.o
    0x080414c2   0x080414c2   0x00000002   Code   RO           25    .text.HAL_I2S_ErrorCallback  main.o
    0x080414c4   0x080414c4   0x00000006   Code   RO          915    .text.HAL_I2S_GetState  stm32f7xx_hal_i2s.o
    0x080414ca   0x080414ca   0x000000b0   Code   RO          903    .text.HAL_I2S_IRQHandler  stm32f7xx_hal_i2s.o
    0x0804157a   0x0804157a   0x00000002   PAD
    0x0804157c   0x0804157c   0x00000134   Code   RO          865    .text.HAL_I2S_Init  stm32f7xx_hal_i2s.o
    0x080416b0   0x080416b0   0x00000044   Code   RO          203    .text.HAL_I2S_MspDeInit  stm32f7xx_hal_msp.o
    0x080416f4   0x080416f4   0x000000ec   Code   RO          201    .text.HAL_I2S_MspInit  stm32f7xx_hal_msp.o
    0x080417e0   0x080417e0   0x000000d0   Code   RO          891    .text.HAL_I2S_Receive_DMA  stm32f7xx_hal_i2s.o
    0x080418b0   0x080418b0   0x00000050   Code   RO           23    .text.HAL_I2S_RxCpltCallback  main.o
    0x08041900   0x08041900   0x00000002   Code   RO          911    .text.HAL_I2S_RxHalfCpltCallback  stm32f7xx_hal_i2s.o
    0x08041902   0x08041902   0x00000002   Code   RO          909    .text.HAL_I2S_TxCpltCallback  stm32f7xx_hal_i2s.o
    0x08041904   0x08041904   0x00000014   Code   RO          599    .text.HAL_IncTick   stm32f7xx_hal.o
    0x08041918   0x08041918   0x00000016   Code   RO          589    .text.HAL_Init      stm32f7xx_hal.o
    0x0804192e   0x0804192e   0x00000002   PAD
    0x08041930   0x08041930   0x00000040   Code   RO          591    .text.HAL_InitTick  stm32f7xx_hal.o
    0x08041970   0x08041970   0x00000030   Code   RO          195    .text.HAL_MspInit   stm32f7xx_hal_msp.o
    0x080419a0   0x080419a0   0x0000001c   Code   RO          247    .text.HAL_NVIC_ClearPendingIRQ  stm32f7xx_hal_cortex.o
    0x080419bc   0x080419bc   0x00000024   Code   RO          225    .text.HAL_NVIC_DisableIRQ  stm32f7xx_hal_cortex.o
    0x080419e0   0x080419e0   0x0000001c   Code   RO          223    .text.HAL_NVIC_EnableIRQ  stm32f7xx_hal_cortex.o
    0x080419fc   0x080419fc   0x00000038   Code   RO          219    .text.HAL_NVIC_SetPriority  stm32f7xx_hal_cortex.o
    0x08041a34   0x08041a34   0x00000020   Code   RO          217    .text.HAL_NVIC_SetPriorityGrouping  stm32f7xx_hal_cortex.o
    0x08041a54   0x08041a54   0x000004ca   Code   RO          352    .text.HAL_RCCEx_PeriphCLKConfig  stm32f7xx_hal_rcc_ex.o
    0x08041f1e   0x08041f1e   0x00000002   PAD
    0x08041f20   0x08041f20   0x00000138   Code   RO          320    .text.HAL_RCC_ClockConfig  stm32f7xx_hal_rcc.o
    0x08042058   0x08042058   0x0000005c   Code   RO          322    .text.HAL_RCC_GetSysClockFreq  stm32f7xx_hal_rcc.o
    0x080420b4   0x080420b4   0x00000090   Code   RO          324    .text.HAL_RCC_MCOConfig  stm32f7xx_hal_rcc.o
    0x08042144   0x08042144   0x00000354   Code   RO          318    .text.HAL_RCC_OscConfig  stm32f7xx_hal_rcc.o
    0x08042498   0x08042498   0x00000004   Code   RO           90    .text.HAL_SD_AbortCallback  bsp_driver_sd.o
    0x0804249c   0x0804249c   0x0000010c   Code   RO         1075    .text.HAL_SD_ConfigWideBusOperation  stm32f7xx_hal_sd.o
    0x080425a8   0x080425a8   0x00000026   Code   RO         1025    .text.HAL_SD_DeInit  stm32f7xx_hal_sd.o
    0x080425ce   0x080425ce   0x00000002   Code   RO         1051    .text.HAL_SD_ErrorCallback  stm32f7xx_hal_sd.o
    0x080425d0   0x080425d0   0x00000178   Code   RO         1069    .text.HAL_SD_GetCardCSD  stm32f7xx_hal_sd.o
    0x08042748   0x08042748   0x00000020   Code   RO         1073    .text.HAL_SD_GetCardInfo  stm32f7xx_hal_sd.o
    0x08042768   0x08042768   0x00000028   Code   RO         1077    .text.HAL_SD_GetCardState  stm32f7xx_hal_sd.o
    0x08042790   0x08042790   0x00000210   Code   RO         1049    .text.HAL_SD_IRQHandler  stm32f7xx_hal_sd.o
    0x080429a0   0x080429a0   0x0000003c   Code   RO         1019    .text.HAL_SD_Init   stm32f7xx_hal_sd.o
    0x080429dc   0x080429dc   0x000001dc   Code   RO         1023    .text.HAL_SD_InitCard  stm32f7xx_hal_sd.o
    0x08042bb8   0x08042bb8   0x0000003c   Code   RO          207    .text.HAL_SD_MspDeInit  stm32f7xx_hal_msp.o
    0x08042bf4   0x08042bf4   0x000000b0   Code   RO          205    .text.HAL_SD_MspInit  stm32f7xx_hal_msp.o
    0x08042ca4   0x08042ca4   0x000001d4   Code   RO         1029    .text.HAL_SD_ReadBlocks  stm32f7xx_hal_sd.o
    0x08042e78   0x08042e78   0x00000004   Code   RO           98    .text.HAL_SD_RxCpltCallback  bsp_driver_sd.o
    0x08042e7c   0x08042e7c   0x00000004   Code   RO           94    .text.HAL_SD_TxCpltCallback  bsp_driver_sd.o
    0x08042e80   0x08042e80   0x000001a4   Code   RO         1031    .text.HAL_SD_WriteBlocks  stm32f7xx_hal_sd.o
    0x08043024   0x08043024   0x00000028   Code   RO          231    .text.HAL_SYSTICK_Config  stm32f7xx_hal_cortex.o
    0x0804304c   0x0804304c   0x00000002   Code   RO          158    .text.HardFault_Handler  stm32f7xx_it.o
    0x0804304e   0x0804304e   0x00000024   Code   RO          889    .text.I2S_DMAError  stm32f7xx_hal_i2s.o
    0x08043072   0x08043072   0x00000022   Code   RO          895    .text.I2S_DMARxCplt  stm32f7xx_hal_i2s.o
    0x08043094   0x08043094   0x00000006   Code   RO          893    .text.I2S_DMARxHalfCplt  stm32f7xx_hal_i2s.o
    0x0804309a   0x0804309a   0x00000002   PAD
    0x0804309c   0x0804309c   0x00000018   Code   RO          132    .text.MX_FATFS_Init  fatfs.o
    0x080430b4   0x080430b4   0x00000002   Code   RO          160    .text.MemManage_Handler  stm32f7xx_it.o
    0x080430b6   0x080430b6   0x00000002   Code   RO          156    .text.NMI_Handler   stm32f7xx_it.o
    0x080430b8   0x080430b8   0x0000006e   Code   RO         1140    .text.OV5640_Auto_Focus  ov5640.o
    0x08043126   0x08043126   0x00000002   PAD
    0x08043128   0x08043128   0x00000048   Code   RO         1128    .text.OV5640_Brightness  ov5640.o
    0x08043170   0x08043170   0x00000074   Code   RO         1126    .text.OV5640_Color_Saturation  ov5640.o
    0x080431e4   0x080431e4   0x00000068   Code   RO         1130    .text.OV5640_Contrast  ov5640.o
    0x0804324c   0x0804324c   0x0000002c   Code   RO         1116    .text.OV5640_Flash_Lamp  ov5640.o
    0x08043278   0x08043278   0x000000a0   Code   RO         1138    .text.OV5640_Focus_Init  ov5640.o
    0x08043318   0x08043318   0x00000090   Code   RO         1114    .text.OV5640_Init   ov5640.o
    0x080433a8   0x080433a8   0x00000024   Code   RO         1118    .text.OV5640_JPEG_Mode  ov5640.o
    0x080433cc   0x080433cc   0x00000048   Code   RO         1124    .text.OV5640_Light_Mode  ov5640.o
    0x08043414   0x08043414   0x00000074   Code   RO         1136    .text.OV5640_OutSize_Set  ov5640.o
    0x08043488   0x08043488   0x00000034   Code   RO         1112    .text.OV5640_RD_Reg  ov5640.o
    0x080434bc   0x080434bc   0x00000074   Code   RO         1132    .text.OV5640_Sharpness  ov5640.o
    0x08043530   0x08043530   0x00000038   Code   RO         1110    .text.OV5640_WR_Reg  ov5640.o
    0x08043568   0x08043568   0x00000002   Code   RO          170    .text.PendSV_Handler  stm32f7xx_it.o
    0x0804356a   0x0804356a   0x00000002   PAD
    0x0804356c   0x0804356c   0x00000038   Code   RO         1177    .text.SCCB_No_Ack   sccb.o
    0x080435a4   0x080435a4   0x00000044   Code   RO         1181    .text.SCCB_RD_Byte  sccb.o
    0x080435e8   0x080435e8   0x00000034   Code   RO         1173    .text.SCCB_Start    sccb.o
    0x0804361c   0x0804361c   0x00000030   Code   RO         1175    .text.SCCB_Stop     sccb.o
    0x0804364c   0x0804364c   0x00000070   Code   RO         1179    .text.SCCB_WR_Byte  sccb.o
    0x080436bc   0x080436bc   0x0000000c   Code   RO          180    .text.SDMMC1_IRQHandler  stm32f7xx_it.o
    0x080436c8   0x080436c8   0x00000034   Code   RO          983    .text.SDMMC_CmdAppCommand  stm32f7xx_ll_sdmmc.o
    0x080436fc   0x080436fc   0x00000038   Code   RO          985    .text.SDMMC_CmdAppOperCommand  stm32f7xx_ll_sdmmc.o
    0x08043734   0x08043734   0x00000034   Code   RO          953    .text.SDMMC_CmdBlockLength  stm32f7xx_ll_sdmmc.o
    0x08043768   0x08043768   0x00000034   Code   RO          989    .text.SDMMC_CmdBusWidth  stm32f7xx_ll_sdmmc.o
    0x0804379c   0x0804379c   0x0000004c   Code   RO          979    .text.SDMMC_CmdGoIdleState  stm32f7xx_ll_sdmmc.o
    0x080437e8   0x080437e8   0x00000078   Code   RO          981    .text.SDMMC_CmdOperCond  stm32f7xx_ll_sdmmc.o
    0x08043860   0x08043860   0x00000034   Code   RO          959    .text.SDMMC_CmdReadMultiBlock  stm32f7xx_ll_sdmmc.o
    0x08043894   0x08043894   0x00000034   Code   RO          957    .text.SDMMC_CmdReadSingleBlock  stm32f7xx_ll_sdmmc.o
    0x080438c8   0x080438c8   0x00000034   Code   RO          977    .text.SDMMC_CmdSelDesel  stm32f7xx_ll_sdmmc.o
    0x080438fc   0x080438fc   0x0000002e   Code   RO          993    .text.SDMMC_CmdSendCID  stm32f7xx_ll_sdmmc.o
    0x0804392a   0x0804392a   0x0000002e   Code   RO          997    .text.SDMMC_CmdSendCSD  stm32f7xx_ll_sdmmc.o
    0x08043958   0x08043958   0x00000034   Code   RO          991    .text.SDMMC_CmdSendSCR  stm32f7xx_ll_sdmmc.o
    0x0804398c   0x0804398c   0x00000034   Code   RO         1001    .text.SDMMC_CmdSendStatus  stm32f7xx_ll_sdmmc.o
    0x080439c0   0x080439c0   0x000000a4   Code   RO          999    .text.SDMMC_CmdSetRelAdd  stm32f7xx_ll_sdmmc.o
    0x08043a64   0x08043a64   0x00000038   Code   RO          975    .text.SDMMC_CmdStopTransfer  stm32f7xx_ll_sdmmc.o
    0x08043a9c   0x08043a9c   0x00000034   Code   RO          963    .text.SDMMC_CmdWriteMultiBlock  stm32f7xx_ll_sdmmc.o
    0x08043ad0   0x08043ad0   0x00000034   Code   RO          961    .text.SDMMC_CmdWriteSingleBlock  stm32f7xx_ll_sdmmc.o
    0x08043b04   0x08043b04   0x00000024   Code   RO          945    .text.SDMMC_ConfigData  stm32f7xx_ll_sdmmc.o
    0x08043b28   0x08043b28   0x00000118   Code   RO          955    .text.SDMMC_GetCmdResp1  stm32f7xx_ll_sdmmc.o
    0x08043c40   0x08043c40   0x0000004c   Code   RO          995    .text.SDMMC_GetCmdResp2  stm32f7xx_ll_sdmmc.o
    0x08043c8c   0x08043c8c   0x00000044   Code   RO          987    .text.SDMMC_GetCmdResp3  stm32f7xx_ll_sdmmc.o
    0x08043cd0   0x08043cd0   0x00000008   Code   RO          937    .text.SDMMC_GetPowerState  stm32f7xx_ll_sdmmc.o
    0x08043cd8   0x08043cd8   0x00000006   Code   RO          943    .text.SDMMC_GetResponse  stm32f7xx_ll_sdmmc.o
    0x08043cde   0x08043cde   0x00000022   Code   RO          927    .text.SDMMC_Init    stm32f7xx_ll_sdmmc.o
    0x08043d00   0x08043d00   0x00000008   Code   RO          935    .text.SDMMC_PowerState_OFF  stm32f7xx_ll_sdmmc.o
    0x08043d08   0x08043d08   0x00000010   Code   RO          933    .text.SDMMC_PowerState_ON  stm32f7xx_ll_sdmmc.o
    0x08043d18   0x08043d18   0x00000006   Code   RO          929    .text.SDMMC_ReadFIFO  stm32f7xx_ll_sdmmc.o
    0x08043d1e   0x08043d1e   0x00000020   Code   RO          939    .text.SDMMC_SendCommand  stm32f7xx_ll_sdmmc.o
    0x08043d3e   0x08043d3e   0x0000000a   Code   RO          931    .text.SDMMC_WriteFIFO  stm32f7xx_ll_sdmmc.o
    0x08043d48   0x08043d48   0x0000001c   Code   RO          120    .text.SD_CheckStatus  sd_diskio.o
    0x08043d64   0x08043d64   0x00000044   Code   RO         1059    .text.SD_DMARxAbort  stm32f7xx_hal_sd.o
    0x08043da8   0x08043da8   0x00000044   Code   RO         1057    .text.SD_DMATxAbort  stm32f7xx_hal_sd.o
    0x08043dec   0x08043dec   0x000000cc   Code   RO         1083    .text.SD_FindSCR    stm32f7xx_hal_sd.o
    0x08043eb8   0x08043eb8   0x00000018   Code   RO          110    .text.SD_initialize  sd_diskio.o
    0x08043ed0   0x08043ed0   0x00000050   Code   RO          118    .text.SD_ioctl      sd_diskio.o
    0x08043f20   0x08043f20   0x00000022   Code   RO          114    .text.SD_read       sd_diskio.o
    0x08043f42   0x08043f42   0x00000004   Code   RO          112    .text.SD_status     sd_diskio.o
    0x08043f46   0x08043f46   0x00000022   Code   RO          116    .text.SD_write      sd_diskio.o
    0x08043f68   0x08043f68   0x0000000c   Code   RO          178    .text.SPI1_IRQHandler  stm32f7xx_it.o
    0x08043f74   0x08043f74   0x00000002   Code   RO          166    .text.SVC_Handler   stm32f7xx_it.o
    0x08043f76   0x08043f76   0x00000004   Code   RO          172    .text.SysTick_Handler  stm32f7xx_it.o
    0x08043f7a   0x08043f7a   0x00000002   PAD
    0x08043f7c   0x08043f7c   0x000000c0   Code   RO           13    .text.SystemClock_Config  main.o
    0x0804403c   0x0804403c   0x00000010   Code   RO         1095    .text.SystemInit    system_stm32f7xx.o
    0x0804404c   0x0804404c   0x00000002   Code   RO          164    .text.UsageFault_Handler  stm32f7xx_it.o
    0x0804404e   0x0804404e   0x00000002   PAD
    0x08044050   0x08044050   0x00000024   Code   RO          221    .text.__NVIC_SetPriority  stm32f7xx_hal_cortex.o
    0x08044074   0x08044074   0x0000006c   Code   RO         1327    .text.check_fs      ff.o
    0x080440e0   0x080440e0   0x0000000e   Code   RO         1331    .text.chk_chr       ff.o
    0x080440ee   0x080440ee   0x00000002   PAD
    0x080440f0   0x080440f0   0x00000058   Code   RO         1239    .text.chk_lock      ff.o
    0x08044148   0x08044148   0x0000001c   Code   RO         1231    .text.clear_lock    ff.o
    0x08044164   0x08044164   0x00000026   Code   RO         1265    .text.clmt_clust    ff.o
    0x0804418a   0x0804418a   0x00000016   Code   RO         1259    .text.clust2sect    ff.o
    0x080441a0   0x080441a0   0x000000be   Code   RO         1271    .text.create_chain  ff.o
    0x0804425e   0x0804425e   0x00000002   PAD
    0x08044260   0x08044260   0x0000016c   Code   RO           45    .text.dcmi_to_fs    main.o
    0x080443cc   0x080443cc   0x00000038   Code   RO         1279    .text.dec_lock      ff.o
    0x08044404   0x08044404   0x0000002c   Code   RO         1169    .text.delay_6us     sccb.o
    0x08044430   0x08044430   0x00000168   Code   RO         1329    .text.dir_find      ff.o
    0x08044598   0x08044598   0x00000118   Code   RO         1295    .text.dir_next      ff.o
    0x080446b0   0x080446b0   0x00000278   Code   RO         1241    .text.dir_register  ff.o
    0x08044928   0x08044928   0x0000009c   Code   RO         1285    .text.dir_sdi       ff.o
    0x080449c4   0x080449c4   0x00000020   Code   RO         1209    .text.disk_initialize  diskio.o
    0x080449e4   0x080449e4   0x0000001c   Code   RO         1215    .text.disk_ioctl    diskio.o
    0x08044a00   0x08044a00   0x0000001c   Code   RO         1211    .text.disk_read     diskio.o
    0x08044a1c   0x08044a1c   0x00000014   Code   RO         1207    .text.disk_status   diskio.o
    0x08044a30   0x08044a30   0x00000020   Code   RO         1213    .text.disk_write    diskio.o
    0x08044a50   0x08044a50   0x00000028   Code   RO         1277    .text.f_close       ff.o
    0x08044a78   0x08044a78   0x00000160   Code   RO         1307    .text.f_mkdir       ff.o
    0x08044bd8   0x08044bd8   0x00000050   Code   RO         1227    .text.f_mount       ff.o
    0x08044c28   0x08044c28   0x00000248   Code   RO         1235    .text.f_open        ff.o
    0x08044e70   0x08044e70   0x0000008e   Code   RO         1273    .text.f_sync        ff.o
    0x08044efe   0x08044efe   0x00000194   Code   RO         1269    .text.f_write       ff.o
    0x08045092   0x08045092   0x00000002   PAD
    0x08045094   0x08045094   0x00000040   Code   RO         1371    .text.ff_convert    ccsbcs.o
    0x080450d4   0x080450d4   0x00000080   Code   RO         1373    .text.ff_wtoupper   ccsbcs.o
    0x08045154   0x08045154   0x00000068   Code   RO           47    .text.file_err_handler  main.o
    0x080451bc   0x080451bc   0x0000026c   Code   RO         1233    .text.find_volume   ff.o
    0x08045428   0x08045428   0x0000029c   Code   RO         1237    .text.follow_path   ff.o
    0x080456c4   0x080456c4   0x000000ac   Code   RO         1257    .text.get_fat       ff.o
    0x08045770   0x08045770   0x00000004   Code   RO          134    .text.get_fattime   fatfs.o
    0x08045774   0x08045774   0x0000003e   Code   RO         1229    .text.get_ldnumber  ff.o
    0x080457b2   0x080457b2   0x00000002   PAD
    0x080457b4   0x080457b4   0x00000108   Code   RO           43    .text.i2s_to_fs     main.o
    0x080458bc   0x080458bc   0x00000070   Code   RO         1253    .text.inc_lock      ff.o
    0x0804592c   0x0804592c   0x00000030   Code   RO           27    .text.indicate_err  main.o
    0x0804595c   0x0804595c   0x0000000c   Code   RO           33    .text.indicate_ready  main.o
    0x08045968   0x08045968   0x00000030   Code   RO           35    .text.indicate_stop  main.o
    0x08045998   0x08045998   0x00000034   Code   RO           31    .text.indicate_success  main.o
    0x080459cc   0x080459cc   0x00000050   Code   RO           41    .text.init_camera   main.o
    0x08045a1c   0x08045a1c   0x00000014   Code   RO         1144    .text.jpeg_dcmi_frame_callback  ov5640.o
    0x08045a30   0x08045a30   0x000000c4   Code   RO         1142    .text.jpeg_test     ov5640.o
    0x08045af4   0x08045af4   0x00000018   Code   RO         1245    .text.ld_clust      ff.o
    0x08045b0c   0x08045b0c   0x00000004   Code   RO         1255    .text.ld_dword      ff.o
    0x08045b10   0x08045b10   0x00000344   Code   RO           11    .text.main          main.o
    0x08045e54   0x08045e54   0x00000010   Code   RO         1267    .text.mem_cpy       ff.o
    0x08045e64   0x08045e64   0x00000038   Code   RO         1251    .text.move_window   ff.o
    0x08045e9c   0x08045e9c   0x000000e4   Code   RO         1335    .text.put_fat       ff.o
    0x08045f80   0x08045f80   0x00000070   Code   RO         1249    .text.remove_chain  ff.o
    0x08045ff0   0x08045ff0   0x00000012   Code   RO         1247    .text.st_clust      ff.o
    0x08046002   0x08046002   0x00000004   Code   RO         1243    .text.st_dword      ff.o
    0x08046006   0x08046006   0x00000002   PAD
    0x08046008   0x08046008   0x000000bc   Code   RO           39    .text.start_recording  main.o
    0x080460c4   0x080460c4   0x00000040   Code   RO           37    .text.stop_recording  main.o
    0x08046104   0x08046104   0x0000001c   Code   RO         1333    .text.sum_sfn       ff.o
    0x08046120   0x08046120   0x00000088   Code   RO         1275    .text.sync_fs       ff.o
    0x080461a8   0x080461a8   0x0000004c   Code   RO         1309    .text.sync_window   ff.o
    0x080461f4   0x080461f4   0x00000030   Code   RO         1263    .text.validate      ff.o
    0x08046224   0x08046224   0x00000028   Code   RO         1442    i.__0sprintf$1      mc_w.l(printf1.o)
    0x0804624c   0x0804624c   0x0000000e   Code   RO         1702    i.__scatterload_copy  mc_w.l(handlers.o)
    0x0804625a   0x0804625a   0x00000002   Code   RO         1703    i.__scatterload_null  mc_w.l(handlers.o)
    0x0804625c   0x0804625c   0x0000000e   Code   RO         1704    i.__scatterload_zeroinit  mc_w.l(handlers.o)
    0x0804626a   0x0804626a   0x00000002   PAD
    0x0804626c   0x0804626c   0x00000154   Code   RO         1447    i._printf_core      mc_w.l(printf1.o)
    0x080463c0   0x080463c0   0x0000000a   Code   RO         1449    i._sputc            mc_w.l(printf1.o)
    0x080463ca   0x080463ca   0x00000010   Data   RO         1100    .rodata.AHBPrescTable  system_stm32f7xx.o
    0x080463da   0x080463da   0x00000080   Data   RO         1340    .rodata.ExCvt       ff.o
    0x0804645a   0x0804645a   0x0000000d   Data   RO         1341    .rodata.LfnOfs      ff.o
    0x08046467   0x08046467   0x00000fed   Data   RO         1153    .rodata.OV5640_AF_Config  ov5640.o
    0x08047454   0x08047454   0x00000023   Data   RO         1157    .rodata.OV5640_LIGHTMODE_TBL  ov5640.o
    0x08047477   0x08047477   0x0000002a   Data   RO         1158    .rodata.OV5640_SATURATION_TBL  ov5640.o
    0x080474a1   0x080474a1   0x00000001   PAD
    0x080474a2   0x080474a2   0x000000b4   Data   RO         1150    .rodata.OV5640_jpeg_reg_tbl  ov5640.o
    0x08047556   0x08047556   0x00000002   PAD
    0x08047558   0x08047558   0x00000014   Data   RO          122    .rodata.SD_Driver   sd_diskio.o
    0x0804756c   0x0804756c   0x00000100   Data   RO         1375    .rodata.Tbl         ccsbcs.o
    0x0804766c   0x0804766c   0x0000001c   Data   RO         1155    .rodata.jpeg_size_tbl  ov5640.o
    0x08047688   0x08047688   0x0000033c   Data   RO         1152    .rodata.ov5640_init_reg_tbl  ov5640.o
    0x080479c4   0x080479c4   0x00000003   Data   RO           54    .rodata.str1.1      main.o
    0x080479c7   0x080479c7   0x00000001   PAD
    0x080479c8   0x080479c8   0x000002ae   Data   RO         1376    .rodata.str2.2      ccsbcs.o
    0x08047c76   0x08047c76   0x00000002   PAD
    0x08047c78   0x08047c78   0x00000020   Data   RO         1701    Region$$Table       anon$$obj.o


    Execution Region RW_IRAM1 (Exec base: 0x20000000, Load base: 0x08047c98, Size: 0x0004eaf8, Max: 0x00050000, ABSOLUTE)

    Exec Addr    Load Addr    Size         Type   Attr      Idx    E Section Name        Object

    0x20000000   0x08047c98   0x00000005   Data   RW           60    .data..L_MergedGlobals  main.o
    0x20000005   0x08047c9d   0x00000003   PAD
    0x20000008   0x08047ca0   0x00000008   Data   RW          648    .data..L_MergedGlobals  stm32f7xx_hal.o
    0x20000010   0x08047ca8   0x00000001   Data   RW          123    .data.Stat          sd_diskio.o
    0x20000011   0x08047ca9   0x00000003   PAD
    0x20000014   0x08047cac   0x00000004   Data   RW         1099    .data.SystemCoreClock  system_stm32f7xx.o
    0x20000018   0x08047cb0   0x00000001   Data   RW           49    .data.result_audio_close  main.o
    0x20000019   0x08047cb1   0x00000007   PAD
    0x20000020        -       0x00000005   Zero   RW          139    .bss..L_MergedGlobals  fatfs.o
    0x20000025   0x08047cb1   0x00000003   PAD
    0x20000028        -       0x00000008   Zero   RW         1342    .bss..L_MergedGlobals  ff.o
    0x20000030        -       0x0000003e   Zero   RW           61    .bss..L_MergedGlobals.8  main.o
    0x2000006e   0x08047cb1   0x00000002   PAD
    0x20000070        -       0x00000020   Zero   RW         1338    .bss.Files          ff.o
    0x20000090        -       0x00000200   Zero   RW         1339    .bss.LfnBuf         ff.o
    0x20000290        -       0x00000234   Zero   RW          136    .bss.SDFatFS        fatfs.o
    0x200004c4        -       0x00000230   Zero   RW          137    .bss.SDFile         fatfs.o
    0x200006f4        -       0x00000230   Zero   RW          138    .bss.VideoFile      fatfs.o
    0x20000924        -       0x00001588   Zero   RW           55    .bss.audio_fwrite_buf  main.o
    0x20001eac        -       0x00010260   Zero   RW           52    .bss.audio_sample_buf  main.o
    0x2001210c        -       0x0000000c   Zero   RW         1361    .bss.disk           ff_gen_drv.o
    0x20012118        -       0x00000050   Zero   RW           53    .bss.hdcmi          main.o
    0x20012168        -       0x00000060   Zero   RW           56    .bss.hdma_dcmi      main.o
    0x200121c8        -       0x00000060   Zero   RW           57    .bss.hdma_spi1_rx   main.o
    0x20012228        -       0x00000040   Zero   RW           50    .bss.hi2s1          main.o
    0x20012268        -       0x00000084   Zero   RW           51    .bss.hsd1           main.o
    0x200122ec        -       0x0003c000   Zero   RW         1160    .bss.jpeg_data_buf  ov5640.o
    0x2004e2ec        -       0x00000001   Zero   RW         1154    .bss.jpeg_mode      ov5640.o
    0x2004e2ed   0x08047cb1   0x00000003   PAD
    0x2004e2f0        -       0x00000004   Zero   RW          647    .bss.uwTick         stm32f7xx_hal.o
    0x2004e2f4   0x08047cb1   0x00000004   PAD
    0x2004e2f8        -       0x00000800   Zero   RW            1    STACK               startup_stm32f746xx.o


==============================================================================

Image component sizes


      Code (inc. data)   RO Data    RW Data    ZI Data      Debug   Object Name

       172          4          0          0          0       6644   bsp_driver_sd.o
       192         22        942          0          0       1705   ccsbcs.o
       140          4          0          0          0       2088   diskio.o
        28          8          0          0       1689       1871   fatfs.o
        24          4          0          0          0       1177   fatfs_platform.o
      5958         96        141          0        552      49365   ff.o
        66          4          0          0         12       2530   ff_gen_drv.o
      2476        220          3          6      72186      17742   main.o
      1436         80       5190          0     245761       9297   ov5640.o
       380         12          0          0          0       2534   sccb.o
       204          8         20          1          0       3164   sd_diskio.o
        36          8        456          0       2048        840   startup_stm32f746xx.o
       154         20          0          8          4       7899   stm32f7xx_hal.o
       256         36          0          0          0      11250   stm32f7xx_hal_cortex.o
       764         16          0          0          0       8309   stm32f7xx_hal_dcmi.o
      1106         20          0          0          0       8928   stm32f7xx_hal_dma.o
      1048         60          0          0          0       4788   stm32f7xx_hal_dma_ex.o
       668         24          0          0          0       5272   stm32f7xx_hal_gpio.o
       824         24          0          0          0      12422   stm32f7xx_hal_i2s.o
       916         60          0          0          0      10779   stm32f7xx_hal_msp.o
      1400         44          0          0          0       7885   stm32f7xx_hal_rcc.o
      1226         12          0          0          0       6729   stm32f7xx_hal_rcc_ex.o
      3048         28          0          0          0      23519   stm32f7xx_hal_sd.o
        88         16          0          0          0       1785   stm32f7xx_it.o
      1664         20          0          0          0      13594   stm32f7xx_ll_sdmmc.o
        16          4         16          4          0       3350   system_stm32f7xx.o

    ----------------------------------------------------------------------
     24332        854       6806         28     322268     225466   Object Totals
         0          0         32          0          0          0   (incl. Generated)
        42          0          6          9         16          0   (incl. Padding)

    ----------------------------------------------------------------------

      Code (inc. data)   RO Data    RW Data    ZI Data      Debug   Library Member Name

         0          0          0          0          0          0   entry.o
         0          0          0          0          0          0   entry10a.o
         0          0          0          0          0          0   entry11a.o
         8          4          0          0          0          0   entry2.o
         4          0          0          0          0          0   entry5.o
         0          0          0          0          0          0   entry7b.o
         0          0          0          0          0          0   entry8b.o
         8          4          0          0          0          0   entry9a.o
        30          0          0          0          0          0   handlers.o
        36          8          0          0          0         68   init.o
        30          0          0          0          0         68   llshl.o
        32          0          0          0          0         68   llushr.o
        36          0          0          0          0        108   memseta.o
       390         10          0          0          0        252   printf1.o
        24          0          0          0          0         68   strcat.o
        14          0          0          0          0         68   strlen.o
        44          0          0          0          0         80   uidiv.o
        98          0          0          0          0         92   uldiv.o

    ----------------------------------------------------------------------
       758         26          0          0          0        872   Library Totals
         4          0          0          0          0          0   (incl. Padding)

    ----------------------------------------------------------------------

      Code (inc. data)   RO Data    RW Data    ZI Data      Debug   Library Name

       754         26          0          0          0        872   mc_w.l

    ----------------------------------------------------------------------
       758         26          0          0          0        872   Library Totals

    ----------------------------------------------------------------------

==============================================================================


      Code (inc. data)   RO Data    RW Data    ZI Data      Debug   

     25090        880       6806         28     322268     225794   Grand Totals
     25090        880       6806         28     322268     225794   ELF Image Totals
     25090        880       6806         28          0          0   ROM Totals

==============================================================================

    Total RO  Size (Code + RO Data)                31896 (  31.15kB)
    Total RW  Size (RW Data + ZI Data)            322296 ( 314.74kB)
    Total ROM Size (Code + RO Data + RW Data)      31924 (  31.18kB)

==============================================================================

