Component: ARM Compiler 6.14 Tool: armlink [5db06800]

==============================================================================

Section Cross References

    startup_stm32f746xx.o(RESET) refers to startup_stm32f746xx.o(STACK) for __initial_sp
    startup_stm32f746xx.o(RESET) refers to startup_stm32f746xx.o(.text) for Reset_Handler
    startup_stm32f746xx.o(RESET) refers to stm32f7xx_it.o(.text.NMI_Handler) for NMI_Handler
    startup_stm32f746xx.o(RESET) refers to stm32f7xx_it.o(.text.HardFault_Handler) for HardFault_Handler
    startup_stm32f746xx.o(RESET) refers to stm32f7xx_it.o(.text.MemManage_Handler) for MemManage_Handler
    startup_stm32f746xx.o(RESET) refers to stm32f7xx_it.o(.text.BusFault_Handler) for BusFault_Handler
    startup_stm32f746xx.o(RESET) refers to stm32f7xx_it.o(.text.UsageFault_Handler) for UsageFault_Handler
    startup_stm32f746xx.o(RESET) refers to stm32f7xx_it.o(.text.SVC_Handler) for SVC_Handler
    startup_stm32f746xx.o(RESET) refers to stm32f7xx_it.o(.text.DebugMon_Handler) for DebugMon_Handler
    startup_stm32f746xx.o(RESET) refers to stm32f7xx_it.o(.text.PendSV_Handler) for PendSV_Handler
    startup_stm32f746xx.o(RESET) refers to stm32f7xx_it.o(.text.SysTick_Handler) for SysTick_Handler
    startup_stm32f746xx.o(RESET) refers to stm32f7xx_it.o(.text.EXTI2_IRQHandler) for EXTI2_IRQHandler
    startup_stm32f746xx.o(RESET) refers to stm32f7xx_it.o(.text.EXTI3_IRQHandler) for EXTI3_IRQHandler
    startup_stm32f746xx.o(RESET) refers to stm32f7xx_it.o(.text.SPI1_IRQHandler) for SPI1_IRQHandler
    startup_stm32f746xx.o(RESET) refers to stm32f7xx_it.o(.text.SDMMC1_IRQHandler) for SDMMC1_IRQHandler
    startup_stm32f746xx.o(RESET) refers to stm32f7xx_it.o(.text.DMA2_Stream0_IRQHandler) for DMA2_Stream0_IRQHandler
    startup_stm32f746xx.o(RESET) refers to stm32f7xx_it.o(.text.DMA2_Stream1_IRQHandler) for DMA2_Stream1_IRQHandler
    startup_stm32f746xx.o(RESET) refers to stm32f7xx_it.o(.text.DCMI_IRQHandler) for DCMI_IRQHandler
    startup_stm32f746xx.o(.text) refers to system_stm32f7xx.o(.text.SystemInit) for SystemInit
    startup_stm32f746xx.o(.text) refers to entry.o(.ARM.Collect$$$$00000000) for __main
    audio.o(.text.get_audio_filename) refers to audio.o(.bss..L_MergedGlobals.4) for [Anonymous Symbol]
    audio.o(.ARM.exidx.text.get_audio_filename) refers to audio.o(.text.get_audio_filename) for [Anonymous Symbol]
    audio.o(.text.getNextI2sQueueTail) refers to audio.o(.bss..L_MergedGlobals.4) for [Anonymous Symbol]
    audio.o(.ARM.exidx.text.getNextI2sQueueTail) refers to audio.o(.text.getNextI2sQueueTail) for [Anonymous Symbol]
    audio.o(.text.getNextI2sQueueHead) refers to audio.o(.bss..L_MergedGlobals.4) for [Anonymous Symbol]
    audio.o(.ARM.exidx.text.getNextI2sQueueHead) refers to audio.o(.text.getNextI2sQueueHead) for [Anonymous Symbol]
    audio.o(.text.app_audio_callback) refers to stm32f7xx_hal_i2s.o(.text.HAL_I2S_GetState) for HAL_I2S_GetState
    audio.o(.text.app_audio_callback) refers to stm32f7xx_hal_i2s.o(.text.HAL_I2S_Receive_DMA) for HAL_I2S_Receive_DMA
    audio.o(.text.app_audio_callback) refers to audio.o(.bss..L_MergedGlobals.4) for [Anonymous Symbol]
    audio.o(.text.app_audio_callback) refers to audio.o(.bss.audio_sample_buf) for audio_sample_buf
    audio.o(.ARM.exidx.text.app_audio_callback) refers to audio.o(.text.app_audio_callback) for [Anonymous Symbol]
    audio.o(.text.i2s_to_fs) refers to ff.o(.text.f_write) for f_write
    audio.o(.text.i2s_to_fs) refers to ff.o(.text.f_close) for f_close
    audio.o(.text.i2s_to_fs) refers to ff.o(.text.f_open) for f_open
    audio.o(.text.i2s_to_fs) refers to audio.o(.bss..L_MergedGlobals.4) for [Anonymous Symbol]
    audio.o(.text.i2s_to_fs) refers to audio.o(.bss.audio_sample_buf) for audio_sample_buf
    audio.o(.text.i2s_to_fs) refers to fatfs.o(.bss.SDFile) for SDFile
    audio.o(.text.i2s_to_fs) refers to audio.o(.bss.audio_fwrite_buf) for audio_fwrite_buf
    audio.o(.text.i2s_to_fs) refers to audio.o(.data..L_MergedGlobals) for [Anonymous Symbol]
    audio.o(.ARM.exidx.text.i2s_to_fs) refers to audio.o(.text.i2s_to_fs) for [Anonymous Symbol]
    audio.o(.text.start_audio) refers to memseta.o(.text) for __aeabi_memclr4
    audio.o(.text.start_audio) refers to printf1.o(i.__0sprintf$1) for __2sprintf
    audio.o(.text.start_audio) refers to strlen.o(.text) for strlen
    audio.o(.text.start_audio) refers to strcat.o(.text) for strcat
    audio.o(.text.start_audio) refers to ff.o(.text.f_open) for f_open
    audio.o(.text.start_audio) refers to led.o(.text.led_err) for led_err
    audio.o(.text.start_audio) refers to stm32f7xx_hal_i2s.o(.text.HAL_I2S_Init) for HAL_I2S_Init
    audio.o(.text.start_audio) refers to main.o(.text.Error_Handler) for Error_Handler
    audio.o(.text.start_audio) refers to stm32f7xx_hal_cortex.o(.text.HAL_NVIC_EnableIRQ) for HAL_NVIC_EnableIRQ
    audio.o(.text.start_audio) refers to stm32f7xx_hal_i2s.o(.text.HAL_I2S_Receive_DMA) for HAL_I2S_Receive_DMA
[...]
    [Anonymous Symbol]                       0x08045e94   Section        0  ff.o(.text.move_window)
    put_fat                                  0x08045ecd   Thumb Code   228  ff.o(.text.put_fat)
    [Anonymous Symbol]                       0x08045ecc   Section        0  ff.o(.text.put_fat)
    remove_chain                             0x08045fb1   Thumb Code   112  ff.o(.text.remove_chain)
    [Anonymous Symbol]                       0x08045fb0   Section        0  ff.o(.text.remove_chain)
    [Anonymous Symbol]                       0x08046020   Section        0  sdio.o(.text.sd_err_handler)
    __arm_cp.0_0                             0x08046070   Number         4  sdio.o(.text.sd_err_handler)
    __arm_cp.0_2                             0x08046074   Number         4  sdio.o(.text.sd_err_handler)
    __arm_cp.0_3                             0x08046078   Number         4  sdio.o(.text.sd_err_handler)
    __arm_cp.0_4                             0x0804607c   Number         4  sdio.o(.text.sd_err_handler)
    __arm_cp.0_5                             0x08046080   Number         4  sdio.o(.text.sd_err_handler)
    st_clust                                 0x08046085   Thumb Code    18  ff.o(.text.st_clust)
    [Anonymous Symbol]                       0x08046084   Section        0  ff.o(.text.st_clust)
    st_dword                                 0x08046097   Thumb Code     4  ff.o(.text.st_dword)
    [Anonymous Symbol]                       0x08046096   Section        0  ff.o(.text.st_dword)
    [Anonymous Symbol]                       0x0804609c   Section        0  audio.o(.text.start_audio)
    __arm_cp.5_1                             0x08046130   Number         4  audio.o(.text.start_audio)
    __arm_cp.5_2                             0x08046134   Number         4  audio.o(.text.start_audio)
    __arm_cp.5_3                             0x08046138   Number         4  audio.o(.text.start_audio)
    __arm_cp.5_4                             0x0804613c   Number         4  audio.o(.text.start_audio)
    __arm_cp.5_5                             0x08046140   Number         4  audio.o(.text.start_audio)
    __arm_cp.5_6                             0x08046144   Number         4  audio.o(.text.start_audio)
    __arm_cp.5_8                             0x08046148   Number         4  audio.o(.text.start_audio)
    [Anonymous Symbol]                       0x0804614c   Section        0  camera.o(.text.start_camera)
    [Anonymous Symbol]                       0x08046154   Section        0  main.o(.text.start_recording)
    __arm_cp.7_0                             0x08046170   Number         4  main.o(.text.start_recording)
    [Anonymous Symbol]                       0x08046174   Section        0  audio.o(.text.stop_audio)
    __arm_cp.6_0                             0x0804619c   Number         4  audio.o(.text.stop_audio)
    [Anonymous Symbol]                       0x080461a0   Section        0  camera.o(.text.stop_camera)
    __arm_cp.1_0                             0x080461a8   Number         4  camera.o(.text.stop_camera)
    [Anonymous Symbol]                       0x080461ac   Section        0  main.o(.text.stop_recording)
    __arm_cp.6_0                             0x080461c4   Number         4  main.o(.text.stop_recording)
    sum_sfn                                  0x080461c9   Thumb Code    28  ff.o(.text.sum_sfn)
    [Anonymous Symbol]                       0x080461c8   Section        0  ff.o(.text.sum_sfn)
    sync_fs                                  0x080461e5   Thumb Code   136  ff.o(.text.sync_fs)
    [Anonymous Symbol]                       0x080461e4   Section        0  ff.o(.text.sync_fs)
    __arm_cp.24_0                            0x08046264   Number         4  ff.o(.text.sync_fs)
    __arm_cp.24_1                            0x08046268   Number         4  ff.o(.text.sync_fs)
    sync_window                              0x0804626d   Thumb Code    76  ff.o(.text.sync_window)
    [Anonymous Symbol]                       0x0804626c   Section        0  ff.o(.text.sync_window)
    [Anonymous Symbol]                       0x080462b8   Section        0  led.o(.text.toggle_flashlight)
    __arm_cp.5_0                             0x080462c0   Number         4  led.o(.text.toggle_flashlight)
    validate                                 0x080462c5   Thumb Code    48  ff.o(.text.validate)
    [Anonymous Symbol]                       0x080462c4   Section        0  ff.o(.text.validate)
    i.__0sprintf$1                           0x080462f4   Section        0  printf1.o(i.__0sprintf$1)
    i.__scatterload_copy                     0x0804631c   Section       14  handlers.o(i.__scatterload_copy)
    i.__scatterload_null                     0x0804632a   Section        2  handlers.o(i.__scatterload_null)
    i.__scatterload_zeroinit                 0x0804632c   Section       14  handlers.o(i.__scatterload_zeroinit)
    _printf_core                             0x0804633d   Thumb Code   336  printf1.o(i._printf_core)
    i._printf_core                           0x0804633c   Section        0  printf1.o(i._printf_core)
    _sputc                                   0x08046491   Thumb Code    10  printf1.o(i._sputc)
    i._sputc                                 0x08046490   Section        0  printf1.o(i._sputc)
    ExCvt                                    0x080464aa   Data         128  ff.o(.rodata.ExCvt)
    [Anonymous Symbol]                       0x080464aa   Section        0  ff.o(.rodata.ExCvt)
    LfnOfs                                   0x0804652a   Data          13  ff.o(.rodata.LfnOfs)
    [Anonymous Symbol]                       0x0804652a   Section        0  ff.o(.rodata.LfnOfs)
    OV5640_LIGHTMODE_TBL                     0x08047524   Data          35  ov5640.o(.rodata.OV5640_LIGHTMODE_TBL)
    [Anonymous Symbol]                       0x08047524   Section        0  ov5640.o(.rodata.OV5640_LIGHTMODE_TBL)
    OV5640_SATURATION_TBL                    0x08047547   Data          42  ov5640.o(.rodata.OV5640_SATURATION_TBL)
    [Anonymous Symbol]                       0x08047547   Section        0  ov5640.o(.rodata.OV5640_SATURATION_TBL)
    Tbl                                      0x0804763c   Data         256  ccsbcs.o(.rodata.Tbl)
    [Anonymous Symbol]                       0x0804763c   Section        0  ccsbcs.o(.rodata.Tbl)
    ff_wtoupper.cvt2                         0x08047a94   Data         188  ccsbcs.o(.rodata.str2.2)
    [Anonymous Symbol]                       0x08047a94   Section        0  ccsbcs.o(.rodata.str2.2)
    ff_wtoupper.cvt1                         0x08047b50   Data         498  ccsbcs.o(.rodata.str2.2)
    [Anonymous Symbol]                       0x20000000   Section        0  audio.o(.data..L_MergedGlobals)
    [Anonymous Symbol]                       0x20000002   Section        0  camera.o(.data..L_MergedGlobals)
    [Anonymous Symbol]                       0x20000008   Section        0  stm32f7xx_hal.o(.data..L_MergedGlobals)
    Stat                                     0x20000010   Data           1  sd_diskio.o(.data.Stat)
    [Anonymous Symbol]                       0x20000010   Section        0  sd_diskio.o(.data.Stat)
    [Anonymous Symbol]                       0x20000030   Section        0  main.o(.bss..L_MergedGlobals)
    [Anonymous Symbol]                       0x20000078   Section        0  fatfs.o(.bss..L_MergedGlobals)
    [Anonymous Symbol]                       0x20000080   Section        0  dsp.o(.bss..L_MergedGlobals)
    Fsid                                     0x200000ac   Data           2  ff.o(.bss..L_MergedGlobals)
    [Anonymous Symbol]                       0x200000ac   Section        0  ff.o(.bss..L_MergedGlobals)
    FatFs                                    0x200000b0   Data           4  ff.o(.bss..L_MergedGlobals)
    [Anonymous Symbol]                       0x200000b4   Section        0  camera.o(.bss..L_MergedGlobals.3)
    [Anonymous Symbol]                       0x200000bc   Section        0  audio.o(.bss..L_MergedGlobals.4)
    Files                                    0x200000e8   Data          32  ff.o(.bss.Files)
    [Anonymous Symbol]                       0x200000e8   Section        0  ff.o(.bss.Files)
    LfnBuf                                   0x20000108   Data         512  ff.o(.bss.LfnBuf)
    [Anonymous Symbol]                       0x20000108   Section        0  ff.o(.bss.LfnBuf)
    dcmi_to_fs.img_idx                       0x20012184   Data           4  camera.o(.bss.dcmi_to_fs.img_idx)
    [Anonymous Symbol]                       0x20012184   Section        0  camera.o(.bss.dcmi_to_fs.img_idx)
    STACK                                    0x2004e338   Section     2048  startup_stm32f746xx.o(STACK)

    Global Symbols

    Symbol Name                              Value     Ov Type        Size  Object(Section)

    BuildAttributes$$THM_ISAv4$E$P$D$K$B$S$7EM$VFPi5$EXTD16$VFPS$VFMA$PE$PLD8$A:L22UL41UL21$X:L11$S22US41US21$IEEE1$IW$~IW$USESV6$~STKCKD$USESV7$~SHL$OTIME$ROPI$IEEEJ$EBA8$MICROLIB$REQ8$PRES8$EABIv2 0x00000000   Number         0  anon$$obj.o ABSOLUTE
    _printf_a                                0x00000000   Number         0  printfstubs.o ABSOLUTE
    _printf_c                                0x00000000   Number         0  printfstubs.o ABSOLUTE
    _printf_charcount                        0x00000000   Number         0  printfstubs.o ABSOLUTE
    _printf_d                                0x00000000   Number         0  printfstubs.o ABSOLUTE
    _printf_e                                0x00000000   Number         0  printfstubs.o ABSOLUTE
    _printf_f                                0x00000000   Number         0  printfstubs.o ABSOLUTE
    _printf_flags                            0x00000000   Number         0  printfstubs.o ABSOLUTE
    _printf_fp_dec                           0x00000000   Number         0  printfstubs.o ABSOLUTE
    _printf_fp_hex                           0x00000000   Number         0  printfstubs.o ABSOLUTE
    _printf_g                                0x00000000   Number         0  printfstubs.o ABSOLUTE
    _printf_i                                0x00000000   Number         0  printfstubs.o ABSOLUTE
    _printf_int_dec                          0x00000000   Number         0  printfstubs.o ABSOLUTE
    _printf_l                                0x00000000   Number         0  printfstubs.o ABSOLUTE
    _printf_lc                               0x00000000   Number         0  printfstubs.o ABSOLUTE
    _printf_ll                               0x00000000   Number         0  printfstubs.o ABSOLUTE
    _printf_lld                              0x00000000   Number         0  printfstubs.o ABSOLUTE
    _printf_lli                              0x00000000   Number         0  printfstubs.o ABSOLUTE
    _printf_llo                              0x00000000   Number         0  printfstubs.o ABSOLUTE
    _printf_llu                              0x00000000   Number         0  printfstubs.o ABSOLUTE
    _printf_llx                              0x00000000   Number         0  printfstubs.o ABSOLUTE
    _printf_longlong_dec                     0x00000000   Number         0  printfstubs.o ABSOLUTE
    _printf_longlong_hex                     0x00000000   Number         0  printfstubs.o ABSOLUTE
    _printf_longlong_oct                     0x00000000   Number         0  printfstubs.o ABSOLUTE
    _printf_ls                               0x00000000   Number         0  printfstubs.o ABSOLUTE
    _printf_mbtowc                           0x00000000   Number         0  printfstubs.o ABSOLUTE
    _printf_n                                0x00000000   Number         0  printfstubs.o ABSOLUTE
    _printf_o                                0x00000000   Number         0  printfstubs.o ABSOLUTE
    _printf_p                                0x00000000   Number         0  printfstubs.o ABSOLUTE
    _printf_percent                          0x00000000   Number         0  printfstubs.o ABSOLUTE
    _printf_pre_padding                      0x00000000   Number         0  printfstubs.o ABSOLUTE
    _printf_return_value                     0x00000000   Number         0  printfstubs.o ABSOLUTE
    _printf_s                                0x00000000   Number         0  printfstubs.o ABSOLUTE
    _printf_sizespec                         0x00000000   Number         0  printfstubs.o ABSOLUTE
    _printf_str                              0x00000000   Number         0  printfstubs.o ABSOLUTE
    _printf_truncate_signed                  0x00000000   Number         0  printfstubs.o ABSOLUTE
    _printf_truncate_unsigned                0x00000000   Number         0  printfstubs.o ABSOLUTE
    _printf_u                                0x00000000   Number         0  printfstubs.o ABSOLUTE
    _printf_wc                               0x00000000   Number         0  printfstubs.o ABSOLUTE
    _printf_wctomb                           0x00000000   Number         0  printfstubs.o ABSOLUTE
    _printf_widthprec                        0x00000000   Number         0  printfstubs.o ABSOLUTE
    _printf_x                                0x00000000   Number         0  printfstubs.o ABSOLUTE
    __cpp_initialize__aeabi_                  - Undefined Weak Reference
    __cxa_finalize                            - Undefined Weak Reference
    __decompress                              - Undefined Weak Reference
    _clock_init                               - Undefined Weak Reference
    _microlib_exit                            - Undefined Weak Reference
    __Vectors_Size                           0x000001c8   Number         0  startup_stm32f746xx.o ABSOLUTE
    __Vectors                                0x08040000   Data           4  startup_stm32f746xx.o(RESET)
    __Vectors_End                            0x080401c8   Data           0  startup_stm32f746xx.o(RESET)
    __main                                   0x080401c9   Thumb Code     0  entry.o(.ARM.Collect$$$$00000000)
    _main_stk                                0x080401c9   Thumb Code     0  entry2.o(.ARM.Collect$$$$00000001)
    _main_scatterload                        0x080401cd   Thumb Code     0  entry5.o(.ARM.Collect$$$$00000004)
    __main_after_scatterload                 0x080401d1   Thumb Code     0  entry5.o(.ARM.Collect$$$$00000004)
    _main_clock                              0x080401d1   Thumb Code     0  entry7b.o(.ARM.Collect$$$$00000008)
    _main_cpp_init                           0x080401d1   Thumb Code     0  entry8b.o(.ARM.Collect$$$$0000000A)
    _main_init                               0x080401d1   Thumb Code     0  entry9a.o(.ARM.Collect$$$$0000000B)
    __rt_final_cpp                           0x080401d9   Thumb Code     0  entry10a.o(.ARM.Collect$$$$0000000D)
    __rt_final_exit                          0x080401d9   Thumb Code     0  entry11a.o(.ARM.Collect$$$$0000000F)
    Reset_Handler                            0x080401dd   Thumb Code     8  startup_stm32f746xx.o(.text)
    ADC_IRQHandler                           0x080401f7   Thumb Code     0  startup_stm32f746xx.o(.text)
    CAN1_RX0_IRQHandler                      0x080401f7   Thumb Code     0  startup_stm32f746xx.o(.text)
    CAN1_RX1_IRQHandler                      0x080401f7   Thumb Code     0  startup_stm32f746xx.o(.text)
    CAN1_SCE_IRQHandler                      0x080401f7   Thumb Code     0  startup_stm32f746xx.o(.text)
    CAN1_TX_IRQHandler                       0x080401f7   Thumb Code     0  startup_stm32f746xx.o(.text)
    CAN2_RX0_IRQHandler                      0x080401f7   Thumb Code     0  startup_stm32f746xx.o(.text)
    CAN2_RX1_IRQHandler                      0x080401f7   Thumb Code     0  startup_stm32f746xx.o(.text)
    CAN2_SCE_IRQHandler                      0x080401f7   Thumb Code     0  startup_stm32f746xx.o(.text)
    CAN2_TX_IRQHandler                       0x080401f7   Thumb Code     0  startup_stm32f746xx.o(.text)
    CEC_IRQHandler                           0x080401f7   Thumb Code     0  startup_stm32f746xx.o(.text)
    DMA1_Stream0_IRQHandler                  0x080401f7   Thumb Code     0  startup_stm32f746xx.o(.text)
    DMA1_Stream1_IRQHandler                  0x080401f7   Thumb Code     0  startup_stm32f746xx.o(.text)
    DMA1_Stream2_IRQHandler                  0x080401f7   Thumb Code     0  startup_stm32f746xx.o(.text)
    DMA1_Stream3_IRQHandler                  0x080401f7   Thumb Code     0  startup_stm32f746xx.o(.text)
    DMA1_Stream4_IRQHandler                  0x080401f7   Thumb Code     0  startup_stm32f746xx.o(.text)
    DMA1_Stream5_IRQHandler                  0x080401f7   Thumb Code     0  startup_stm32f746xx.o(.text)
    DMA1_Stream6_IRQHandler                  0x080401f7   Thumb Code     0  startup_stm32f746xx.o(.text)
    DMA1_Stream7_IRQHandler                  0x080401f7   Thumb Code     0  startup_stm32f746xx.o(.text)
    DMA2D_IRQHandler                         0x080401f7   Thumb Code     0  startup_stm32f746xx.o(.text)
    DMA2_Stream2_IRQHandler                  0x080401f7   Thumb Code     0  startup_stm32f746xx.o(.text)
    DMA2_Stream3_IRQHandler                  0x080401f7   Thumb Code     0  startup_stm32f746xx.o(.text)
    DMA2_Stream4_IRQHandler                  0x080401f7   Thumb Code     0  startup_stm32f746xx.o(.text)
    DMA2_Stream5_IRQHandler                  0x080401f7   Thumb Code     0  startup_stm32f746xx.o(.text)
    DMA2_Stream6_IRQHandler                  0x080401f7   Thumb Code     0  startup_stm32f746xx.o(.text)
    DMA2_Stream7_IRQHandler                  0x080401f7   Thumb Code     0  startup_stm32f746xx.o(.text)
    ETH_IRQHandler                           0x080401f7   Thumb Code     0  startup_stm32f746xx.o(.text)
    ETH_WKUP_IRQHandler                      0x080401f7   Thumb Code     0  startup_stm32f746xx.o(.text)
    EXTI0_IRQHandler                         0x080401f7   Thumb Code     0  startup_stm32f746xx.o(.text)
    EXTI15_10_IRQHandler                     0x080401f7   Thumb Code     0  startup_stm32f746xx.o(.text)
    EXTI1_IRQHandler                         0x080401f7   Thumb Code     0  startup_stm32f746xx.o(.text)
    EXTI4_IRQHandler                         0x080401f7   Thumb Code     0  startup_stm32f746xx.o(.text)
    EXTI9_5_IRQHandler                       0x080401f7   Thumb Code     0  startup_stm32f746xx.o(.text)
    FLASH_IRQHandler                         0x080401f7   Thumb Code     0  startup_stm32f746xx.o(.text)
    FMC_IRQHandler                           0x080401f7   Thumb Code     0  startup_stm32f746xx.o(.text)
    FPU_IRQHandler                           0x080401f7   Thumb Code     0  startup_stm32f746xx.o(.text)
    I2C1_ER_IRQHandler                       0x080401f7   Thumb Code     0  startup_stm32f746xx.o(.text)
    I2C1_EV_IRQHandler                       0x080401f7   Thumb Code     0  startup_stm32f746xx.o(.text)
    I2C2_ER_IRQHandler                       0x080401f7   Thumb Code     0  startup_stm32f746xx.o(.text)
    I2C2_EV_IRQHandler                       0x080401f7   Thumb Code     0  startup_stm32f746xx.o(.text)
    I2C3_ER_IRQHandler                       0x080401f7   Thumb Code     0  startup_stm32f746xx.o(.text)
    I2C3_EV_IRQHandler                       0x080401f7   Thumb Code     0  startup_stm32f746xx.o(.text)
    I2C4_ER_IRQHandler                       0x080401f7   Thumb Code     0  startup_stm32f746xx.o(.text)
    I2C4_EV_IRQHandler                       0x080401f7   Thumb Code     0  startup_stm32f746xx.o(.text)
    LPTIM1_IRQHandler                        0x080401f7   Thumb Code     0  startup_stm32f746xx.o(.text)
    LTDC_ER_IRQHandler                       0x080401f7   Thumb Code     0  startup_stm32f746xx.o(.text)
    LTDC_IRQHandler                          0x080401f7   Thumb Code     0  startup_stm32f746xx.o(.text)
    OTG_FS_IRQHandler                        0x080401f7   Thumb Code     0  startup_stm32f746xx.o(.text)
    OTG_FS_WKUP_IRQHandler                   0x080401f7   Thumb Code     0  startup_stm32f746xx.o(.text)
    OTG_HS_EP1_IN_IRQHandler                 0x080401f7   Thumb Code     0  startup_stm32f746xx.o(.text)
    OTG_HS_EP1_OUT_IRQHandler                0x080401f7   Thumb Code     0  startup_stm32f746xx.o(.text)
    OTG_HS_IRQHandler                        0x080401f7   Thumb Code     0  startup_stm32f746xx.o(.text)
    OTG_HS_WKUP_IRQHandler                   0x080401f7   Thumb Code     0  startup_stm32f746xx.o(.text)
    PVD_IRQHandler                           0x080401f7   Thumb Code     0  startup_stm32f746xx.o(.text)
    QUADSPI_IRQHandler                       0x080401f7   Thumb Code     0  startup_stm32f746xx.o(.text)
    RCC_IRQHandler                           0x080401f7   Thumb Code     0  startup_stm32f746xx.o(.text)
    RNG_IRQHandler                           0x080401f7   Thumb Code     0  startup_stm32f746xx.o(.text)
    RTC_Alarm_IRQHandler                     0x080401f7   Thumb Code     0  startup_stm32f746xx.o(.text)
    RTC_WKUP_IRQHandler                      0x080401f7   Thumb Code     0  startup_stm32f746xx.o(.text)
    SAI1_IRQHandler                          0x080401f7   Thumb Code     0  startup_stm32f746xx.o(.text)
    SAI2_IRQHandler                          0x080401f7   Thumb Code     0  startup_stm32f746xx.o(.text)
    SPDIF_RX_IRQHandler                      0x080401f7   Thumb Code     0  startup_stm32f746xx.o(.text)
    SPI2_IRQHandler                          0x080401f7   Thumb Code     0  startup_stm32f746xx.o(.text)
    SPI3_IRQHandler                          0x080401f7   Thumb Code     0  startup_stm32f746xx.o(.text)
    SPI4_IRQHandler                          0x080401f7   Thumb Code     0  startup_stm32f746xx.o(.text)
    SPI5_IRQHandler                          0x080401f7   Thumb Code     0  startup_stm32f746xx.o(.text)
    SPI6_IRQHandler                          0x080401f7   Thumb Code     0  startup_stm32f746xx.o(.text)
    TAMP_STAMP_IRQHandler                    0x080401f7   Thumb Code     0  startup_stm32f746xx.o(.text)
    TIM1_BRK_TIM9_IRQHandler                 0x080401f7   Thumb Code     0  startup_stm32f746xx.o(.text)
    TIM1_CC_IRQHandler                       0x080401f7   Thumb Code     0  startup_stm32f746xx.o(.text)
    TIM1_TRG_COM_TIM11_IRQHandler            0x080401f7   Thumb Code     0  startup_stm32f746xx.o(.text)
    TIM1_UP_TIM10_IRQHandler                 0x080401f7   Thumb Code     0  startup_stm32f746xx.o(.text)
    TIM2_IRQHandler                          0x080401f7   Thumb Code     0  startup_stm32f746xx.o(.text)
    TIM3_IRQHandler                          0x080401f7   Thumb Code     0  startup_stm32f746xx.o(.text)
    TIM4_IRQHandler                          0x080401f7   Thumb Code     0  startup_stm32f746xx.o(.text)
    TIM5_IRQHandler                          0x080401f7   Thumb Code     0  startup_stm32f746xx.o(.text)
    TIM6_DAC_IRQHandler                      0x080401f7   Thumb Code     0  startup_stm32f746xx.o(.text)
    TIM7_IRQHandler                          0x080401f7   Thumb Code     0  startup_stm32f746xx.o(.text)
    TIM8_BRK_TIM12_IRQHandler                0x080401f7   Thumb Code     0  startup_stm32f746xx.o(.text)
    TIM8_CC_IRQHandler                       0x080401f7   Thumb Code     0  startup_stm32f746xx.o(.text)
    TIM8_TRG_COM_TIM14_IRQHandler            0x080401f7   Thumb Code     0  startup_stm32f746xx.o(.text)
    TIM8_UP_TIM13_IRQHandler                 0x080401f7   Thumb Code     0  startup_stm32f746xx.o(.text)
    UART4_IRQHandler                         0x080401f7   Thumb Code     0  startup_stm32f746xx.o(.text)
    UART5_IRQHandler                         0x080401f7   Thumb Code     0  startup_stm32f746xx.o(.text)
    UART7_IRQHandler                         0x080401f7   Thumb Code     0  startup_stm32f746xx.o(.text)
    UART8_IRQHandler                         0x080401f7   Thumb Code     0  startup_stm32f746xx.o(.text)
    USART1_IRQHandler                        0x080401f7   Thumb Code     0  startup_stm32f746xx.o(.text)
    USART2_IRQHandler                        0x080401f7   Thumb Code     0  startup_stm32f746xx.o(.text)
    USART3_IRQHandler                        0x080401f7   Thumb Code     0  startup_stm32f746xx.o(.text)
    USART6_IRQHandler                        0x080401f7   Thumb Code     0  startup_stm32f746xx.o(.text)
    WWDG_IRQHandler                          0x080401f7   Thumb Code     0  startup_stm32f746xx.o(.text)
    __aeabi_uldivmod                         0x08040201   Thumb Code    98  uldiv.o(.text)
    __aeabi_llsl                             0x08040263   Thumb Code    30  llshl.o(.text)
    _ll_shift_l                              0x08040263   Thumb Code     0  llshl.o(.text)
    __aeabi_memset                           0x08040281   Thumb Code    14  memseta.o(.text)
    __aeabi_memset4                          0x08040281   Thumb Code     0  memseta.o(.text)
    __aeabi_memset8                          0x08040281   Thumb Code     0  memseta.o(.text)
    __aeabi_memclr                           0x0804028f   Thumb Code     4  memseta.o(.text)
    __aeabi_memclr4                          0x0804028f   Thumb Code     0  memseta.o(.text)
    __aeabi_memclr8                          0x0804028f   Thumb Code     0  memseta.o(.text)
    _memset$wrapper                          0x08040293   Thumb Code    18  memseta.o(.text)
    strcat                                   0x080402a5   Thumb Code    24  strcat.o(.text)
    strlen                                   0x080402bd   Thumb Code    14  strlen.o(.text)
    __aeabi_uidiv                            0x080402cb   Thumb Code     0  uidiv.o(.text)
    __aeabi_uidivmod                         0x080402cb   Thumb Code    44  uidiv.o(.text)
    __aeabi_llsr                             0x080402f7   Thumb Code    32  llushr.o(.text)
    _ll_ushift_r                             0x080402f7   Thumb Code     0  llushr.o(.text)
    __scatterload                            0x08040319   Thumb Code    28  init.o(.text)
    __scatterload_rt2                        0x08040319   Thumb Code     0  init.o(.text)
    BSP_PlatformIsDetected                   0x0804033d   Thumb Code    24  fatfs_platform.o(.text.BSP_PlatformIsDetected)
    BSP_SD_AbortCallback                     0x08040355   Thumb Code     2  bsp_driver_sd.o(.text.BSP_SD_AbortCallback)
    BSP_SD_GetCardInfo                       0x08040359   Thumb Code     8  bsp_driver_sd.o(.text.BSP_SD_GetCardInfo)
    BSP_SD_GetCardState                      0x08040361   Thumb Code    16  bsp_driver_sd.o(.text.BSP_SD_GetCardState)
    BSP_SD_Init                              0x08040371   Thumb Code    44  bsp_driver_sd.o(.text.BSP_SD_Init)
    BSP_SD_IsDetected                        0x0804039d   Thumb Code    26  bsp_driver_sd.o(.text.BSP_SD_IsDetected)
    BSP_SD_ReadBlocks                        0x080403b9   Thumb Code    28  bsp_driver_sd.o(.text.BSP_SD_ReadBlocks)
    BSP_SD_ReadCpltCallback                  0x080403d5   Thumb Code     2  bsp_driver_sd.o(.text.BSP_SD_ReadCpltCallback)
    BSP_SD_WriteBlocks                       0x080403d9   Thumb Code    32  bsp_driver_sd.o(.text.BSP_SD_WriteBlocks)
    BSP_SD_WriteCpltCallback                 0x080403f9   Thumb Code     2  bsp_driver_sd.o(.text.BSP_SD_WriteCpltCallback)
    BusFault_Handler                         0x080403fb   Thumb Code     2  stm32f7xx_it.o(.text.BusFault_Handler)
    DCMI_IRQHandler                          0x08040499   Thumb Code    12  stm32f7xx_it.o(.text.DCMI_IRQHandler)
    DMA2_Stream0_IRQHandler                  0x080404a5   Thumb Code    12  stm32f7xx_it.o(.text.DMA2_Stream0_IRQHandler)
    DMA2_Stream1_IRQHandler                  0x080404b1   Thumb Code     8  stm32f7xx_it.o(.text.DMA2_Stream1_IRQHandler)
    DebugMon_Handler                         0x0804050f   Thumb Code     2  stm32f7xx_it.o(.text.DebugMon_Handler)
    EXTI2_IRQHandler                         0x08040511   Thumb Code     6  stm32f7xx_it.o(.text.EXTI2_IRQHandler)
    EXTI3_IRQHandler                         0x08040517   Thumb Code     6  stm32f7xx_it.o(.text.EXTI3_IRQHandler)
    Error_Handler                            0x0804051d   Thumb Code     2  main.o(.text.Error_Handler)
    FATFS_LinkDriver                         0x0804051f   Thumb Code     6  ff_gen_drv.o(.text.FATFS_LinkDriver)
    FATFS_LinkDriverEx                       0x08040525   Thumb Code    60  ff_gen_drv.o(.text.FATFS_LinkDriverEx)
    HAL_DCMI_ErrorCallback                   0x08040561   Thumb Code     2  stm32f7xx_hal_dcmi.o(.text.HAL_DCMI_ErrorCallback)
    HAL_DCMI_FrameEventCallback              0x08040565   Thumb Code    20  ov5640.o(.text.HAL_DCMI_FrameEventCallback)
    HAL_DCMI_IRQHandler                      0x08040579   Thumb Code   156  stm32f7xx_hal_dcmi.o(.text.HAL_DCMI_IRQHandler)
    HAL_DCMI_Init                            0x08040615   Thumb Code   152  stm32f7xx_hal_dcmi.o(.text.HAL_DCMI_Init)
    HAL_DCMI_LineEventCallback               0x080406ad   Thumb Code     2  stm32f7xx_hal_dcmi.o(.text.HAL_DCMI_LineEventCallback)
    HAL_DCMI_MspInit                         0x080406b1   Thumb Code   328  stm32f7xx_hal_msp.o(.text.HAL_DCMI_MspInit)
    HAL_DCMI_Start_DMA                       0x080407f9   Thumb Code   180  stm32f7xx_hal_dcmi.o(.text.HAL_DCMI_Start_DMA)
    HAL_DCMI_Stop                            0x080408ad   Thumb Code   116  stm32f7xx_hal_dcmi.o(.text.HAL_DCMI_Stop)
    HAL_DCMI_VsyncEventCallback              0x08040921   Thumb Code     2  ov5640.o(.text.HAL_DCMI_VsyncEventCallback)
    HAL_DMAEx_ChangeMemory                   0x08040923   Thumb Code    16  stm32f7xx_hal_dma_ex.o(.text.HAL_DMAEx_ChangeMemory)
    HAL_DMAEx_MultiBufferStart_IT            0x08040935   Thumb Code  1032  stm32f7xx_hal_dma_ex.o(.text.HAL_DMAEx_MultiBufferStart_IT)
    HAL_DMA_Abort                            0x08040d3d   Thumb Code   138  stm32f7xx_hal_dma.o(.text.HAL_DMA_Abort)
    HAL_DMA_Abort_IT                         0x08040dc7   Thumb Code    36  stm32f7xx_hal_dma.o(.text.HAL_DMA_Abort_IT)
    HAL_DMA_DeInit                           0x08040deb   Thumb Code    88  stm32f7xx_hal_dma.o(.text.HAL_DMA_DeInit)
    HAL_DMA_IRQHandler                       0x08040e45   Thumb Code   368  stm32f7xx_hal_dma.o(.text.HAL_DMA_IRQHandler)
    HAL_DMA_Init                             0x08040fb5   Thumb Code   284  stm32f7xx_hal_dma.o(.text.HAL_DMA_Init)
    HAL_DMA_Start_IT                         0x080410d1   Thumb Code   106  stm32f7xx_hal_dma.o(.text.HAL_DMA_Start_IT)
    HAL_Delay                                0x0804113d   Thumb Code    36  stm32f7xx_hal.o(.text.HAL_Delay)
    HAL_GPIO_DeInit                          0x08041161   Thumb Code   212  stm32f7xx_hal_gpio.o(.text.HAL_GPIO_DeInit)
    HAL_GPIO_EXTI_Callback                   0x08041235   Thumb Code   136  main.o(.text.HAL_GPIO_EXTI_Callback)
    HAL_GPIO_EXTI_IRQHandler                 0x080412bd   Thumb Code    20  stm32f7xx_hal_gpio.o(.text.HAL_GPIO_EXTI_IRQHandler)
    HAL_GPIO_Init                            0x080412d1   Thumb Code   400  stm32f7xx_hal_gpio.o(.text.HAL_GPIO_Init)
    HAL_GPIO_ReadPin                         0x08041461   Thumb Code    10  stm32f7xx_hal_gpio.o(.text.HAL_GPIO_ReadPin)
    HAL_GPIO_TogglePin                       0x0804146b   Thumb Code    16  stm32f7xx_hal_gpio.o(.text.HAL_GPIO_TogglePin)
    HAL_GPIO_WritePin                        0x0804147b   Thumb Code    10  stm32f7xx_hal_gpio.o(.text.HAL_GPIO_WritePin)
    HAL_GetTick                              0x08041485   Thumb Code    12  stm32f7xx_hal.o(.text.HAL_GetTick)
    HAL_I2S_DeInit                           0x08041491   Thumb Code    46  stm32f7xx_hal_i2s.o(.text.HAL_I2S_DeInit)
    HAL_I2S_ErrorCallback                    0x080414bf   Thumb Code     2  main.o(.text.HAL_I2S_ErrorCallback)
    HAL_I2S_GetState                         0x080414c1   Thumb Code     6  stm32f7xx_hal_i2s.o(.text.HAL_I2S_GetState)
    HAL_I2S_IRQHandler                       0x080414c7   Thumb Code   176  stm32f7xx_hal_i2s.o(.text.HAL_I2S_IRQHandler)
    HAL_I2S_Init                             0x08041579   Thumb Code   308  stm32f7xx_hal_i2s.o(.text.HAL_I2S_Init)
    HAL_I2S_MspDeInit                        0x080416ad   Thumb Code    68  stm32f7xx_hal_msp.o(.text.HAL_I2S_MspDeInit)
    HAL_I2S_MspInit                          0x080416f1   Thumb Code   236  stm32f7xx_hal_msp.o(.text.HAL_I2S_MspInit)
    HAL_I2S_Receive_DMA                      0x080417dd   Thumb Code   208  stm32f7xx_hal_i2s.o(.text.HAL_I2S_Receive_DMA)
    HAL_I2S_RxCpltCallback                   0x080418ad   Thumb Code     4  main.o(.text.HAL_I2S_RxCpltCallback)
    HAL_I2S_RxHalfCpltCallback               0x080418b1   Thumb Code     2  stm32f7xx_hal_i2s.o(.text.HAL_I2S_RxHalfCpltCallback)
    HAL_I2S_TxCpltCallback                   0x080418b3   Thumb Code     2  stm32f7xx_hal_i2s.o(.text.HAL_I2S_TxCpltCallback)
    HAL_IncTick                              0x080418b5   Thumb Code    20  stm32f7xx_hal.o(.text.HAL_IncTick)
    HAL_Init                                 0x080418c9   Thumb Code    22  stm32f7xx_hal.o(.text.HAL_Init)
    HAL_InitTick                             0x080418e1   Thumb Code    64  stm32f7xx_hal.o(.text.HAL_InitTick)
    HAL_MspInit                              0x08041921   Thumb Code    48  stm32f7xx_hal_msp.o(.text.HAL_MspInit)
    HAL_NVIC_ClearPendingIRQ                 0x08041951   Thumb Code    28  stm32f7xx_hal_cortex.o(.text.HAL_NVIC_ClearPendingIRQ)
    HAL_NVIC_DisableIRQ                      0x0804196d   Thumb Code    36  stm32f7xx_hal_cortex.o(.text.HAL_NVIC_DisableIRQ)
    HAL_NVIC_EnableIRQ                       0x08041991   Thumb Code    28  stm32f7xx_hal_cortex.o(.text.HAL_NVIC_EnableIRQ)
    HAL_NVIC_SetPriority                     0x080419ad   Thumb Code    56  stm32f7xx_hal_cortex.o(.text.HAL_NVIC_SetPriority)
    HAL_NVIC_SetPriorityGrouping             0x080419e5   Thumb Code    32  stm32f7xx_hal_cortex.o(.text.HAL_NVIC_SetPriorityGrouping)
    HAL_RCCEx_PeriphCLKConfig                0x08041a05   Thumb Code  1226  stm32f7xx_hal_rcc_ex.o(.text.HAL_RCCEx_PeriphCLKConfig)
    HAL_RCC_ClockConfig                      0x08041ed1   Thumb Code   312  stm32f7xx_hal_rcc.o(.text.HAL_RCC_ClockConfig)
    HAL_RCC_GetSysClockFreq                  0x08042009   Thumb Code    92  stm32f7xx_hal_rcc.o(.text.HAL_RCC_GetSysClockFreq)
    HAL_RCC_MCOConfig                        0x08042065   Thumb Code   144  stm32f7xx_hal_rcc.o(.text.HAL_RCC_MCOConfig)
    HAL_RCC_OscConfig                        0x080420f5   Thumb Code   852  stm32f7xx_hal_rcc.o(.text.HAL_RCC_OscConfig)
    HAL_SD_AbortCallback                     0x08042449   Thumb Code     4  bsp_driver_sd.o(.text.HAL_SD_AbortCallback)
    HAL_SD_ConfigWideBusOperation            0x0804244d   Thumb Code   268  stm32f7xx_hal_sd.o(.text.HAL_SD_ConfigWideBusOperation)
    HAL_SD_DeInit                            0x08042559   Thumb Code    38  stm32f7xx_hal_sd.o(.text.HAL_SD_DeInit)
    HAL_SD_ErrorCallback                     0x0804257f   Thumb Code     2  stm32f7xx_hal_sd.o(.text.HAL_SD_ErrorCallback)
    HAL_SD_GetCardCSD                        0x08042581   Thumb Code   376  stm32f7xx_hal_sd.o(.text.HAL_SD_GetCardCSD)
    HAL_SD_GetCardInfo                       0x080426f9   Thumb Code    32  stm32f7xx_hal_sd.o(.text.HAL_SD_GetCardInfo)
    HAL_SD_GetCardState                      0x08042719   Thumb Code    40  stm32f7xx_hal_sd.o(.text.HAL_SD_GetCardState)
    HAL_SD_IRQHandler                        0x08042741   Thumb Code   528  stm32f7xx_hal_sd.o(.text.HAL_SD_IRQHandler)
    HAL_SD_Init                              0x08042951   Thumb Code    60  stm32f7xx_hal_sd.o(.text.HAL_SD_Init)
    HAL_SD_InitCard                          0x0804298d   Thumb Code   476  stm32f7xx_hal_sd.o(.text.HAL_SD_InitCard)
    HAL_SD_MspDeInit                         0x08042b69   Thumb Code    60  stm32f7xx_hal_msp.o(.text.HAL_SD_MspDeInit)
    HAL_SD_MspInit                           0x08042ba5   Thumb Code   176  stm32f7xx_hal_msp.o(.text.HAL_SD_MspInit)
    HAL_SD_ReadBlocks                        0x08042c55   Thumb Code   468  stm32f7xx_hal_sd.o(.text.HAL_SD_ReadBlocks)
    HAL_SD_RxCpltCallback                    0x08042e29   Thumb Code     4  bsp_driver_sd.o(.text.HAL_SD_RxCpltCallback)
    HAL_SD_TxCpltCallback                    0x08042e2d   Thumb Code     4  bsp_driver_sd.o(.text.HAL_SD_TxCpltCallback)
    HAL_SD_WriteBlocks                       0x08042e31   Thumb Code   420  stm32f7xx_hal_sd.o(.text.HAL_SD_WriteBlocks)
    HAL_SYSTICK_Config                       0x08042fd5   Thumb Code    40  stm32f7xx_hal_cortex.o(.text.HAL_SYSTICK_Config)
    HardFault_Handler                        0x08042ffd   Thumb Code     2  stm32f7xx_it.o(.text.HardFault_Handler)
    MX_FATFS_Init                            0x0804304d   Thumb Code    24  fatfs.o(.text.MX_FATFS_Init)
    MemManage_Handler                        0x08043065   Thumb Code     2  stm32f7xx_it.o(.text.MemManage_Handler)
    NMI_Handler                              0x08043067   Thumb Code     2  stm32f7xx_it.o(.text.NMI_Handler)
    OV5640_Auto_Focus                        0x08043069   Thumb Code   110  ov5640.o(.text.OV5640_Auto_Focus)
    OV5640_Brightness                        0x080430d9   Thumb Code    72  ov5640.o(.text.OV5640_Brightness)
    OV5640_Color_Saturation                  0x08043121   Thumb Code   116  ov5640.o(.text.OV5640_Color_Saturation)
    OV5640_Contrast                          0x08043195   Thumb Code   104  ov5640.o(.text.OV5640_Contrast)
    OV5640_Flash_Lamp                        0x080431fd   Thumb Code    44  ov5640.o(.text.OV5640_Flash_Lamp)
    OV5640_Focus_Init                        0x08043229   Thumb Code   160  ov5640.o(.text.OV5640_Focus_Init)
    OV5640_Init                              0x080432c9   Thumb Code   144  ov5640.o(.text.OV5640_Init)
    OV5640_JPEG_Mode                         0x08043359   Thumb Code    36  ov5640.o(.text.OV5640_JPEG_Mode)
    OV5640_Light_Mode                        0x0804337d   Thumb Code    72  ov5640.o(.text.OV5640_Light_Mode)
    OV5640_OutSize_Set                       0x080433c5   Thumb Code   116  ov5640.o(.text.OV5640_OutSize_Set)
    OV5640_RD_Reg                            0x08043439   Thumb Code    52  ov5640.o(.text.OV5640_RD_Reg)
    OV5640_Sharpness                         0x0804346d   Thumb Code   116  ov5640.o(.text.OV5640_Sharpness)
    OV5640_WR_Reg                            0x080434e1   Thumb Code    56  ov5640.o(.text.OV5640_WR_Reg)
    PendSV_Handler                           0x08043519   Thumb Code     2  stm32f7xx_it.o(.text.PendSV_Handler)
    SCCB_No_Ack                              0x0804351d   Thumb Code    56  sccb.o(.text.SCCB_No_Ack)
    SCCB_RD_Byte                             0x08043555   Thumb Code    68  sccb.o(.text.SCCB_RD_Byte)
    SCCB_Start                               0x08043599   Thumb Code    52  sccb.o(.text.SCCB_Start)
    SCCB_Stop                                0x080435cd   Thumb Code    48  sccb.o(.text.SCCB_Stop)
    SCCB_WR_Byte                             0x080435fd   Thumb Code   112  sccb.o(.text.SCCB_WR_Byte)
    SDMMC1_IRQHandler                        0x0804366d   Thumb Code    12  stm32f7xx_it.o(.text.SDMMC1_IRQHandler)
    SDMMC_CmdAppCommand                      0x08043679   Thumb Code    52  stm32f7xx_ll_sdmmc.o(.text.SDMMC_CmdAppCommand)
    SDMMC_CmdAppOperCommand                  0x080436ad   Thumb Code    56  stm32f7xx_ll_sdmmc.o(.text.SDMMC_CmdAppOperCommand)
    SDMMC_CmdBlockLength                     0x080436e5   Thumb Code    52  stm32f7xx_ll_sdmmc.o(.text.SDMMC_CmdBlockLength)
    SDMMC_CmdBusWidth                        0x08043719   Thumb Code    52  stm32f7xx_ll_sdmmc.o(.text.SDMMC_CmdBusWidth)
    SDMMC_CmdGoIdleState                     0x0804374d   Thumb Code    76  stm32f7xx_ll_sdmmc.o(.text.SDMMC_CmdGoIdleState)
    SDMMC_CmdOperCond                        0x08043799   Thumb Code   120  stm32f7xx_ll_sdmmc.o(.text.SDMMC_CmdOperCond)
    SDMMC_CmdReadMultiBlock                  0x08043811   Thumb Code    52  stm32f7xx_ll_sdmmc.o(.text.SDMMC_CmdReadMultiBlock)
    SDMMC_CmdReadSingleBlock                 0x08043845   Thumb Code    52  stm32f7xx_ll_sdmmc.o(.text.SDMMC_CmdReadSingleBlock)
    SDMMC_CmdSelDesel                        0x08043879   Thumb Code    52  stm32f7xx_ll_sdmmc.o(.text.SDMMC_CmdSelDesel)
    SDMMC_CmdSendCID                         0x080438ad   Thumb Code    46  stm32f7xx_ll_sdmmc.o(.text.SDMMC_CmdSendCID)
    SDMMC_CmdSendCSD                         0x080438db   Thumb Code    46  stm32f7xx_ll_sdmmc.o(.text.SDMMC_CmdSendCSD)
    SDMMC_CmdSendSCR                         0x08043909   Thumb Code    52  stm32f7xx_ll_sdmmc.o(.text.SDMMC_CmdSendSCR)
    SDMMC_CmdSendStatus                      0x0804393d   Thumb Code    52  stm32f7xx_ll_sdmmc.o(.text.SDMMC_CmdSendStatus)
    SDMMC_CmdSetRelAdd                       0x08043971   Thumb Code   164  stm32f7xx_ll_sdmmc.o(.text.SDMMC_CmdSetRelAdd)
    SDMMC_CmdStopTransfer                    0x08043a15   Thumb Code    56  stm32f7xx_ll_sdmmc.o(.text.SDMMC_CmdStopTransfer)
    SDMMC_CmdWriteMultiBlock                 0x08043a4d   Thumb Code    52  stm32f7xx_ll_sdmmc.o(.text.SDMMC_CmdWriteMultiBlock)
    SDMMC_CmdWriteSingleBlock                0x08043a81   Thumb Code    52  stm32f7xx_ll_sdmmc.o(.text.SDMMC_CmdWriteSingleBlock)
    SDMMC_ConfigData                         0x08043ab5   Thumb Code    36  stm32f7xx_ll_sdmmc.o(.text.SDMMC_ConfigData)
    SDMMC_GetPowerState                      0x08043c81   Thumb Code     8  stm32f7xx_ll_sdmmc.o(.text.SDMMC_GetPowerState)
    SDMMC_GetResponse                        0x08043c89   Thumb Code     6  stm32f7xx_ll_sdmmc.o(.text.SDMMC_GetResponse)
    SDMMC_Init                               0x08043c8f   Thumb Code    34  stm32f7xx_ll_sdmmc.o(.text.SDMMC_Init)
    SDMMC_PowerState_OFF                     0x08043cb1   Thumb Code     8  stm32f7xx_ll_sdmmc.o(.text.SDMMC_PowerState_OFF)
    SDMMC_PowerState_ON                      0x08043cb9   Thumb Code    16  stm32f7xx_ll_sdmmc.o(.text.SDMMC_PowerState_ON)
    SDMMC_ReadFIFO                           0x08043cc9   Thumb Code     6  stm32f7xx_ll_sdmmc.o(.text.SDMMC_ReadFIFO)
    SDMMC_SendCommand                        0x08043ccf   Thumb Code    32  stm32f7xx_ll_sdmmc.o(.text.SDMMC_SendCommand)
    SDMMC_WriteFIFO                          0x08043cef   Thumb Code    10  stm32f7xx_ll_sdmmc.o(.text.SDMMC_WriteFIFO)
    SD_initialize                            0x08043e69   Thumb Code    24  sd_diskio.o(.text.SD_initialize)
    SD_ioctl                                 0x08043e81   Thumb Code    80  sd_diskio.o(.text.SD_ioctl)
    SD_read                                  0x08043ed1   Thumb Code    34  sd_diskio.o(.text.SD_read)
    SD_status                                0x08043ef3   Thumb Code     4  sd_diskio.o(.text.SD_status)
    SD_write                                 0x08043ef7   Thumb Code    34  sd_diskio.o(.text.SD_write)
    SPI1_IRQHandler                          0x08043f19   Thumb Code    12  stm32f7xx_it.o(.text.SPI1_IRQHandler)
    SVC_Handler                              0x08043f25   Thumb Code     2  stm32f7xx_it.o(.text.SVC_Handler)
    SysTick_Handler                          0x08043f27   Thumb Code     4  stm32f7xx_it.o(.text.SysTick_Handler)
    SystemClock_Config                       0x08043f2d   Thumb Code   192  main.o(.text.SystemClock_Config)
    SystemInit                               0x08043fed   Thumb Code    16  system_stm32f7xx.o(.text.SystemInit)
    UsageFault_Handler                       0x08043ffd   Thumb Code     2  stm32f7xx_it.o(.text.UsageFault_Handler)
    app_audio_callback                       0x08044025   Thumb Code    72  audio.o(.text.app_audio_callback)
    app_background_audio                     0x0804406d   Thumb Code    72  audio.o(.text.app_background_audio)
    app_background_camera                    0x080440b5   Thumb Code    28  camera.o(.text.app_background_camera)
    arm_biquad_cascade_df1_init_f32          0x080440d1   Thumb Code    22  filteringfunctions.o(.text.arm_biquad_cascade_df1_init_f32)
    dcmi_to_fs                               0x080442d5   Thumb Code   352  camera.o(.text.dcmi_to_fs)
    delay_6us                                0x0804446d   Thumb Code    44  sccb.o(.text.delay_6us)
    disk_initialize                          0x08044a2d   Thumb Code    32  diskio.o(.text.disk_initialize)
    disk_ioctl                               0x08044a4d   Thumb Code    28  diskio.o(.text.disk_ioctl)
    disk_read                                0x08044a69   Thumb Code    28  diskio.o(.text.disk_read)
    disk_status                              0x08044a85   Thumb Code    20  diskio.o(.text.disk_status)
    disk_write                               0x08044a99   Thumb Code    32  diskio.o(.text.disk_write)
    f_close                                  0x08044ab9   Thumb Code    40  ff.o(.text.f_close)
    f_mkdir                                  0x08044ae1   Thumb Code   352  ff.o(.text.f_mkdir)
    f_mount                                  0x08044c41   Thumb Code    80  ff.o(.text.f_mount)
    f_open                                   0x08044c91   Thumb Code   584  ff.o(.text.f_open)
    f_sync                                   0x08044ed9   Thumb Code   142  ff.o(.text.f_sync)
    f_write                                  0x08044f67   Thumb Code   404  ff.o(.text.f_write)
    ff_convert                               0x080450fd   Thumb Code    64  ccsbcs.o(.text.ff_convert)
    ff_wtoupper                              0x0804513d   Thumb Code   128  ccsbcs.o(.text.ff_wtoupper)
    get_audio_filename                       0x080456c5   Thumb Code     8  audio.o(.text.get_audio_filename)
    get_fattime                              0x08045779   Thumb Code     4  fatfs.o(.text.get_fattime)
    i2s_to_fs                                0x080457bd   Thumb Code   264  audio.o(.text.i2s_to_fs)
    init_camera                              0x08045935   Thumb Code    80  camera.o(.text.init_camera)
    init_gpio                                0x08045985   Thumb Code    92  gpio.o(.text.init_gpio)
    init_lpf                                 0x080459e1   Thumb Code    68  dsp.o(.text.init_lpf)
    init_sd_fatfs                            0x08045a25   Thumb Code   136  sdio.o(.text.init_sd_fatfs)
    jpeg_dcmi_frame_callback                 0x08045aad   Thumb Code    20  ov5640.o(.text.jpeg_dcmi_frame_callback)
    jpeg_test                                0x08045ac1   Thumb Code   192  ov5640.o(.text.jpeg_test)
    led_err                                  0x08045b9d   Thumb Code    48  led.o(.text.led_err)
    led_ready                                0x08045bcd   Thumb Code    12  led.o(.text.led_ready)
    led_stop                                 0x08045bd9   Thumb Code    48  led.o(.text.led_stop)
    led_success                              0x08045c09   Thumb Code    56  led.o(.text.led_success)
    main                                     0x08045c41   Thumb Code   580  main.o(.text.main)
    sd_err_handler                           0x08046021   Thumb Code   100  sdio.o(.text.sd_err_handler)
    start_audio                              0x0804609d   Thumb Code   176  audio.o(.text.start_audio)
    start_camera                             0x0804614d   Thumb Code     6  camera.o(.text.start_camera)
    start_recording                          0x08046155   Thumb Code    32  main.o(.text.start_recording)
    stop_audio                               0x08046175   Thumb Code    44  audio.o(.text.stop_audio)
    stop_camera                              0x080461a1   Thumb Code    12  camera.o(.text.stop_camera)
    stop_recording                           0x080461ad   Thumb Code    28  main.o(.text.stop_recording)
    toggle_flashlight                        0x080462b9   Thumb Code    12  led.o(.text.toggle_flashlight)
    __0sprintf$1                             0x080462f5   Thumb Code    34  printf1.o(i.__0sprintf$1)
    __1sprintf$1                             0x080462f5   Thumb Code     0  printf1.o(i.__0sprintf$1)
    __2sprintf                               0x080462f5   Thumb Code     0  printf1.o(i.__0sprintf$1)
    __scatterload_copy                       0x0804631d   Thumb Code    14  handlers.o(i.__scatterload_copy)
    __scatterload_null                       0x0804632b   Thumb Code     2  handlers.o(i.__scatterload_null)
    __scatterload_zeroinit                   0x0804632d   Thumb Code    14  handlers.o(i.__scatterload_zeroinit)
    AHBPrescTable                            0x0804649a   Data          16  system_stm32f7xx.o(.rodata.AHBPrescTable)
    OV5640_AF_Config                         0x08046537   Data        4077  ov5640.o(.rodata.OV5640_AF_Config)
    OV5640_jpeg_reg_tbl                      0x08047572   Data         180  ov5640.o(.rodata.OV5640_jpeg_reg_tbl)
    SD_Driver                                0x08047628   Data          20  sd_diskio.o(.rodata.SD_Driver)
    jpeg_size_tbl                            0x0804773c   Data          28  ov5640.o(.rodata.jpeg_size_tbl)
    ov5640_init_reg_tbl                      0x08047758   Data         828  ov5640.o(.rodata.ov5640_init_reg_tbl)
    Region$$Table$$Base                      0x08047d44   Number         0  anon$$obj.o(Region$$Table)
    Region$$Table$$Limit                     0x08047d64   Number         0  anon$$obj.o(Region$$Table)
    result_audio_write                       0x20000000   Data           1  audio.o(.data..L_MergedGlobals)
    result_audio_open                        0x20000001   Data           1  audio.o(.data..L_MergedGlobals)
    result_video_write                       0x20000002   Data           1  camera.o(.data..L_MergedGlobals)
    result_video_close                       0x20000003   Data           1  camera.o(.data..L_MergedGlobals)
    result_video_open                        0x20000004   Data           1  camera.o(.data..L_MergedGlobals)
    uwTickFreq                               0x20000008   Data           1  stm32f7xx_hal.o(.data..L_MergedGlobals)
    uwTickPrio                               0x2000000c   Data           4  stm32f7xx_hal.o(.data..L_MergedGlobals)
    SystemCoreClock                          0x20000014   Data           4  system_stm32f7xx.o(.data.SystemCoreClock)
    coeff_lowpass_20khz                      0x20000018   Data          20  dsp.o(.data.coeff_lowpass_20khz)
    result_audio_close                       0x2000002c   Data           1  audio.o(.data.result_audio_close)
    running                                  0x20000030   Data           1  main.o(.bss..L_MergedGlobals)
    init_done                                0x20000031   Data           1  main.o(.bss..L_MergedGlobals)
    exti3_int_cnt                            0x20000034   Data           4  main.o(.bss..L_MergedGlobals)
    hi2s1                                    0x20000038   Data          64  main.o(.bss..L_MergedGlobals)
    retSD                                    0x20000078   Data           1  fatfs.o(.bss..L_MergedGlobals)
    SDPath                                   0x20000079   Data           4  fatfs.o(.bss..L_MergedGlobals)
    in_z1                                    0x20000080   Data           4  dsp.o(.bss..L_MergedGlobals)
    in_z2                                    0x20000084   Data           4  dsp.o(.bss..L_MergedGlobals)
    out_z1                                   0x20000088   Data           4  dsp.o(.bss..L_MergedGlobals)
    out_z2                                   0x2000008c   Data           4  dsp.o(.bss..L_MergedGlobals)
    biquad_config                            0x20000090   Data          12  dsp.o(.bss..L_MergedGlobals)
    iir_states                               0x2000009c   Data          16  dsp.o(.bss..L_MergedGlobals)
    dcmi_data_valid                          0x200000b4   Data           1  camera.o(.bss..L_MergedGlobals.3)
    dcmi_fs_cnt                              0x200000b8   Data           4  camera.o(.bss..L_MergedGlobals.3)
    i2s_file_opened                          0x200000bc   Data           1  audio.o(.bss..L_MergedGlobals.4)
    i2s_queue_head                           0x200000bd   Data           1  audio.o(.bss..L_MergedGlobals.4)
    i2s_queue_tail                           0x200000be   Data           1  audio.o(.bss..L_MergedGlobals.4)
    i2s_int_cnt                              0x200000c0   Data           4  audio.o(.bss..L_MergedGlobals.4)
    i2s_fs_cnt                               0x200000c4   Data           4  audio.o(.bss..L_MergedGlobals.4)
    audio_filename                           0x200000c8   Data          30  audio.o(.bss..L_MergedGlobals.4)
    SDFatFS                                  0x20000308   Data         564  fatfs.o(.bss.SDFatFS)
    SDFile                                   0x2000053c   Data         560  fatfs.o(.bss.SDFile)
    VideoFile                                0x2000076c   Data         560  fatfs.o(.bss.VideoFile)
    audio_fwrite_buf                         0x2000099c   Data        5512  audio.o(.bss.audio_fwrite_buf)
    audio_sample_buf                         0x20001f24   Data       66144  audio.o(.bss.audio_sample_buf)
    disk                                     0x20012188   Data          12  ff_gen_drv.o(.bss.disk)
    fs_fail_cnt                              0x20012194   Data           4  sdio.o(.bss.fs_fail_cnt)
    hdcmi                                    0x20012198   Data          80  main.o(.bss.hdcmi)
    hdma_dcmi                                0x200121e8   Data          96  main.o(.bss.hdma_dcmi)
    hdma_spi1_rx                             0x20012248   Data          96  main.o(.bss.hdma_spi1_rx)
    hsd1                                     0x200122a8   Data         132  main.o(.bss.hsd1)
    jpeg_data_buf                            0x2001232c   Data       245760  ov5640.o(.bss.jpeg_data_buf)
    jpeg_mode                                0x2004e32c   Data           1  ov5640.o(.bss.jpeg_mode)
    uwTick                                   0x2004e330   Data           4  stm32f7xx_hal.o(.bss.uwTick)
    __initial_sp                             0x2004eb38   Data           0  startup_stm32f746xx.o(STACK)



==============================================================================

Memory Map of the image

  Image Entry point : 0x080401c9

  Load Region LR_IROM1 (Base: 0x08040000, Size: 0x00007d98, Max: 0x000a0000, ABSOLUTE)

    Execution Region ER_IROM1 (Exec base: 0x08040000, Load base: 0x08040000, Size: 0x00007d64, Max: 0x000a0000, ABSOLUTE)

    Exec Addr    Load Addr    Size         Type   Attr      Idx    E Section Name        Object

    0x08040000   0x08040000   0x000001c8   Data   RO            3    RESET               startup_stm32f746xx.o
    0x080401c8   0x080401c8   0x00000000   Code   RO         2296  * .ARM.Collect$$$$00000000  mc_w.l(entry.o)
    0x080401c8   0x080401c8   0x00000004   Code   RO         2588    .ARM.Collect$$$$00000001  mc_w.l(entry2.o)
    0x080401cc   0x080401cc   0x00000004   Code   RO         2591    .ARM.Collect$$$$00000004  mc_w.l(entry5.o)
    0x080401d0   0x080401d0   0x00000000   Code   RO         2593    .ARM.Collect$$$$00000008  mc_w.l(entry7b.o)
    0x080401d0   0x080401d0   0x00000000   Code   RO         2595    .ARM.Collect$$$$0000000A  mc_w.l(entry8b.o)
    0x080401d0   0x080401d0   0x00000008   Code   RO         2596    .ARM.Collect$$$$0000000B  mc_w.l(entry9a.o)
    0x080401d8   0x080401d8   0x00000000   Code   RO         2598    .ARM.Collect$$$$0000000D  mc_w.l(entry10a.o)
    0x080401d8   0x080401d8   0x00000000   Code   RO         2600    .ARM.Collect$$$$0000000F  mc_w.l(entry11a.o)
    0x080401d8   0x080401d8   0x00000004   Code   RO         2589    .ARM.Collect$$$$00002712  mc_w.l(entry2.o)
    0x080401dc   0x080401dc   0x00000024   Code   RO            4    .text               startup_stm32f746xx.o
    0x08040200   0x08040200   0x00000062   Code   RO         2299    .text               mc_w.l(uldiv.o)
    0x08040262   0x08040262   0x0000001e   Code   RO         2303    .text               mc_w.l(llshl.o)
    0x08040280   0x08040280   0x00000024   Code   RO         2307    .text               mc_w.l(memseta.o)
    0x080402a4   0x080402a4   0x00000018   Code   RO         2309    .text               mc_w.l(strcat.o)
    0x080402bc   0x080402bc   0x0000000e   Code   RO         2311    .text               mc_w.l(strlen.o)
    0x080402ca   0x080402ca   0x0000002c   Code   RO         2607    .text               mc_w.l(uidiv.o)
    0x080402f6   0x080402f6   0x00000020   Code   RO         2609    .text               mc_w.l(llushr.o)
    0x08040316   0x08040316   0x00000002   PAD
    0x08040318   0x08040318   0x00000024   Code   RO         2625    .text               mc_w.l(init.o)
    0x0804033c   0x0804033c   0x00000018   Code   RO          148    .text.BSP_PlatformIsDetected  fatfs_platform.o
    0x08040354   0x08040354   0x00000002   Code   RO           93    .text.BSP_SD_AbortCallback  bsp_driver_sd.o
    0x08040356   0x08040356   0x00000002   PAD
    0x08040358   0x08040358   0x00000008   Code   RO           89    .text.BSP_SD_GetCardInfo  bsp_driver_sd.o
    0x08040360   0x08040360   0x00000010   Code   RO           87    .text.BSP_SD_GetCardState  bsp_driver_sd.o
    0x08040370   0x08040370   0x0000002c   Code   RO           71    .text.BSP_SD_Init   bsp_driver_sd.o
    0x0804039c   0x0804039c   0x0000001a   Code   RO           73    .text.BSP_SD_IsDetected  bsp_driver_sd.o
    0x080403b6   0x080403b6   0x00000002   PAD
    0x080403b8   0x080403b8   0x0000001c   Code   RO           77    .text.BSP_SD_ReadBlocks  bsp_driver_sd.o
    0x080403d4   0x080403d4   0x00000002   Code   RO          101    .text.BSP_SD_ReadCpltCallback  bsp_driver_sd.o
    0x080403d6   0x080403d6   0x00000002   PAD
    0x080403d8   0x080403d8   0x00000020   Code   RO           79    .text.BSP_SD_WriteBlocks  bsp_driver_sd.o
    0x080403f8   0x080403f8   0x00000002   Code   RO           97    .text.BSP_SD_WriteCpltCallback  bsp_driver_sd.o
    0x080403fa   0x080403fa   0x00000002   Code   RO          163    .text.BusFault_Handler  stm32f7xx_it.o
    0x080403fc   0x080403fc   0x0000001c   Code   RO          909    .text.DCMI_DMAError  stm32f7xx_hal_dcmi.o
    0x08040418   0x08040418   0x00000080   Code   RO          907    .text.DCMI_DMAXferCplt  stm32f7xx_hal_dcmi.o
    0x08040498   0x08040498   0x0000000c   Code   RO          187    .text.DCMI_IRQHandler  stm32f7xx_it.o
    0x080404a4   0x080404a4   0x0000000c   Code   RO          183    .text.DMA2_Stream0_IRQHandler  stm32f7xx_it.o
    0x080404b0   0x080404b0   0x00000008   Code   RO          185    .text.DMA2_Stream1_IRQHandler  stm32f7xx_it.o
    0x080404b8   0x080404b8   0x00000034   Code   RO          449    .text.DMA_CalcBaseAndBitshift  stm32f7xx_hal_dma.o
    0x080404ec   0x080404ec   0x00000022   Code   RO          455    .text.DMA_SetConfig  stm32f7xx_hal_dma.o
    0x0804050e   0x0804050e   0x00000002   Code   RO          169    .text.DebugMon_Handler  stm32f7xx_it.o
    0x08040510   0x08040510   0x00000006   Code   RO          175    .text.EXTI2_IRQHandler  stm32f7xx_it.o
    0x08040516   0x08040516   0x00000006   Code   RO          177    .text.EXTI3_IRQHandler  stm32f7xx_it.o
    0x0804051c   0x0804051c   0x00000002   Code   RO           45    .text.Error_Handler  main.o
    0x0804051e   0x0804051e   0x00000006   Code   RO         1420    .text.FATFS_LinkDriver  ff_gen_drv.o
    0x08040524   0x08040524   0x0000003c   Code   RO         1418    .text.FATFS_LinkDriverEx  ff_gen_drv.o
    0x08040560   0x08040560   0x00000002   Code   RO          925    .text.HAL_DCMI_ErrorCallback  stm32f7xx_hal_dcmi.o
    0x08040562   0x08040562   0x00000002   PAD
    0x08040564   0x08040564   0x00000014   Code   RO         1229    .text.HAL_DCMI_FrameEventCallback  ov5640.o
    0x08040578   0x08040578   0x0000009c   Code   RO          917    .text.HAL_DCMI_IRQHandler  stm32f7xx_hal_dcmi.o
    0x08040614   0x08040614   0x00000098   Code   RO          897    .text.HAL_DCMI_Init  stm32f7xx_hal_dcmi.o
    0x080406ac   0x080406ac   0x00000002   Code   RO          919    .text.HAL_DCMI_LineEventCallback  stm32f7xx_hal_dcmi.o
    0x080406ae   0x080406ae   0x00000002   PAD
    0x080406b0   0x080406b0   0x00000148   Code   RO          198    .text.HAL_DCMI_MspInit  stm32f7xx_hal_msp.o
    0x080407f8   0x080407f8   0x000000b4   Code   RO          905    .text.HAL_DCMI_Start_DMA  stm32f7xx_hal_dcmi.o
    0x080408ac   0x080408ac   0x00000074   Code   RO          911    .text.HAL_DCMI_Stop  stm32f7xx_hal_dcmi.o
    0x08040920   0x08040920   0x00000002   Code   RO         1231    .text.HAL_DCMI_VsyncEventCallback  ov5640.o
    0x08040922   0x08040922   0x00000010   Code   RO          487    .text.HAL_DMAEx_ChangeMemory  stm32f7xx_hal_dma_ex.o
    0x08040932   0x08040932   0x00000002   PAD
    0x08040934   0x08040934   0x00000408   Code   RO          485    .text.HAL_DMAEx_MultiBufferStart_IT  stm32f7xx_hal_dma_ex.o
    0x08040d3c   0x08040d3c   0x0000008a   Code   RO          459    .text.HAL_DMA_Abort  stm32f7xx_hal_dma.o
    0x08040dc6   0x08040dc6   0x00000024   Code   RO          461    .text.HAL_DMA_Abort_IT  stm32f7xx_hal_dma.o
    0x08040dea   0x08040dea   0x00000058   Code   RO          451    .text.HAL_DMA_DeInit  stm32f7xx_hal_dma.o
    0x08040e42   0x08040e42   0x00000002   PAD
    0x08040e44   0x08040e44   0x00000170   Code   RO          465    .text.HAL_DMA_IRQHandler  stm32f7xx_hal_dma.o
    0x08040fb4   0x08040fb4   0x0000011c   Code   RO          447    .text.HAL_DMA_Init  stm32f7xx_hal_dma.o
    0x080410d0   0x080410d0   0x0000006a   Code   RO          457    .text.HAL_DMA_Start_IT  stm32f7xx_hal_dma.o
    0x0804113a   0x0804113a   0x00000002   PAD
    0x0804113c   0x0804113c   0x00000024   Code   RO          641    .text.HAL_Delay     stm32f7xx_hal.o
    0x08041160   0x08041160   0x000000d4   Code   RO          425    .text.HAL_GPIO_DeInit  stm32f7xx_hal_gpio.o
    0x08041234   0x08041234   0x00000088   Code   RO           47    .text.HAL_GPIO_EXTI_Callback  main.o
    0x080412bc   0x080412bc   0x00000014   Code   RO          435    .text.HAL_GPIO_EXTI_IRQHandler  stm32f7xx_hal_gpio.o
    0x080412d0   0x080412d0   0x00000190   Code   RO          423    .text.HAL_GPIO_Init  stm32f7xx_hal_gpio.o
    0x08041460   0x08041460   0x0000000a   Code   RO          427    .text.HAL_GPIO_ReadPin  stm32f7xx_hal_gpio.o
    0x0804146a   0x0804146a   0x00000010   Code   RO          431    .text.HAL_GPIO_TogglePin  stm32f7xx_hal_gpio.o
    0x0804147a   0x0804147a   0x0000000a   Code   RO          429    .text.HAL_GPIO_WritePin  stm32f7xx_hal_gpio.o
    0x08041484   0x08041484   0x0000000c   Code   RO          633    .text.HAL_GetTick   stm32f7xx_hal.o
    0x08041490   0x08041490   0x0000002e   Code   RO          952    .text.HAL_I2S_DeInit  stm32f7xx_hal_i2s.o
    0x080414be   0x080414be   0x00000002   Code   RO           51    .text.HAL_I2S_ErrorCallback  main.o
    0x080414c0   0x080414c0   0x00000006   Code   RO          998    .text.HAL_I2S_GetState  stm32f7xx_hal_i2s.o
    0x080414c6   0x080414c6   0x000000b0   Code   RO          986    .text.HAL_I2S_IRQHandler  stm32f7xx_hal_i2s.o
    0x08041576   0x08041576   0x00000002   PAD
    0x08041578   0x08041578   0x00000134   Code   RO          948    .text.HAL_I2S_Init  stm32f7xx_hal_i2s.o
    0x080416ac   0x080416ac   0x00000044   Code   RO          204    .text.HAL_I2S_MspDeInit  stm32f7xx_hal_msp.o
    0x080416f0   0x080416f0   0x000000ec   Code   RO          202    .text.HAL_I2S_MspInit  stm32f7xx_hal_msp.o
    0x080417dc   0x080417dc   0x000000d0   Code   RO          974    .text.HAL_I2S_Receive_DMA  stm32f7xx_hal_i2s.o
    0x080418ac   0x080418ac   0x00000004   Code   RO           49    .text.HAL_I2S_RxCpltCallback  main.o
    0x080418b0   0x080418b0   0x00000002   Code   RO          994    .text.HAL_I2S_RxHalfCpltCallback  stm32f7xx_hal_i2s.o
    0x080418b2   0x080418b2   0x00000002   Code   RO          992    .text.HAL_I2S_TxCpltCallback  stm32f7xx_hal_i2s.o
    0x080418b4   0x080418b4   0x00000014   Code   RO          631    .text.HAL_IncTick   stm32f7xx_hal.o
    0x080418c8   0x080418c8   0x00000016   Code   RO          621    .text.HAL_Init      stm32f7xx_hal.o
    0x080418de   0x080418de   0x00000002   PAD
    0x080418e0   0x080418e0   0x00000040   Code   RO          623    .text.HAL_InitTick  stm32f7xx_hal.o
    0x08041920   0x08041920   0x00000030   Code   RO          196    .text.HAL_MspInit   stm32f7xx_hal_msp.o
    0x08041950   0x08041950   0x0000001c   Code   RO          603    .text.HAL_NVIC_ClearPendingIRQ  stm32f7xx_hal_cortex.o
    0x0804196c   0x0804196c   0x00000024   Code   RO          581    .text.HAL_NVIC_DisableIRQ  stm32f7xx_hal_cortex.o
    0x08041990   0x08041990   0x0000001c   Code   RO          579    .text.HAL_NVIC_EnableIRQ  stm32f7xx_hal_cortex.o
    0x080419ac   0x080419ac   0x00000038   Code   RO          575    .text.HAL_NVIC_SetPriority  stm32f7xx_hal_cortex.o
    0x080419e4   0x080419e4   0x00000020   Code   RO          573    .text.HAL_NVIC_SetPriorityGrouping  stm32f7xx_hal_cortex.o
    0x08041a04   0x08041a04   0x000004ca   Code   RO          336    .text.HAL_RCCEx_PeriphCLKConfig  stm32f7xx_hal_rcc_ex.o
    0x08041ece   0x08041ece   0x00000002   PAD
    0x08041ed0   0x08041ed0   0x00000138   Code   RO          304    .text.HAL_RCC_ClockConfig  stm32f7xx_hal_rcc.o
    0x08042008   0x08042008   0x0000005c   Code   RO          306    .text.HAL_RCC_GetSysClockFreq  stm32f7xx_hal_rcc.o
    0x08042064   0x08042064   0x00000090   Code   RO          308    .text.HAL_RCC_MCOConfig  stm32f7xx_hal_rcc.o
    0x080420f4   0x080420f4   0x00000354   Code   RO          302    .text.HAL_RCC_OscConfig  stm32f7xx_hal_rcc.o
    0x08042448   0x08042448   0x00000004   Code   RO           91    .text.HAL_SD_AbortCallback  bsp_driver_sd.o
    0x0804244c   0x0804244c   0x0000010c   Code   RO         1158    .text.HAL_SD_ConfigWideBusOperation  stm32f7xx_hal_sd.o
    0x08042558   0x08042558   0x00000026   Code   RO         1108    .text.HAL_SD_DeInit  stm32f7xx_hal_sd.o
    0x0804257e   0x0804257e   0x00000002   Code   RO         1134    .text.HAL_SD_ErrorCallback  stm32f7xx_hal_sd.o
    0x08042580   0x08042580   0x00000178   Code   RO         1152    .text.HAL_SD_GetCardCSD  stm32f7xx_hal_sd.o
    0x080426f8   0x080426f8   0x00000020   Code   RO         1156    .text.HAL_SD_GetCardInfo  stm32f7xx_hal_sd.o
    0x08042718   0x08042718   0x00000028   Code   RO         1160    .text.HAL_SD_GetCardState  stm32f7xx_hal_sd.o
    0x08042740   0x08042740   0x00000210   Code   RO         1132    .text.HAL_SD_IRQHandler  stm32f7xx_hal_sd.o
    0x08042950   0x08042950   0x0000003c   Code   RO         1102    .text.HAL_SD_Init   stm32f7xx_hal_sd.o
    0x0804298c   0x0804298c   0x000001dc   Code   RO         1106    .text.HAL_SD_InitCard  stm32f7xx_hal_sd.o
    0x08042b68   0x08042b68   0x0000003c   Code   RO          208    .text.HAL_SD_MspDeInit  stm32f7xx_hal_msp.o
    0x08042ba4   0x08042ba4   0x000000b0   Code   RO          206    .text.HAL_SD_MspInit  stm32f7xx_hal_msp.o
    0x08042c54   0x08042c54   0x000001d4   Code   RO         1112    .text.HAL_SD_ReadBlocks  stm32f7xx_hal_sd.o
    0x08042e28   0x08042e28   0x00000004   Code   RO           99    .text.HAL_SD_RxCpltCallback  bsp_driver_sd.o
    0x08042e2c   0x08042e2c   0x00000004   Code   RO           95    .text.HAL_SD_TxCpltCallback  bsp_driver_sd.o
    0x08042e30   0x08042e30   0x000001a4   Code   RO         1114    .text.HAL_SD_WriteBlocks  stm32f7xx_hal_sd.o
    0x08042fd4   0x08042fd4   0x00000028   Code   RO          587    .text.HAL_SYSTICK_Config  stm32f7xx_hal_cortex.o
    0x08042ffc   0x08042ffc   0x00000002   Code   RO          159    .text.HardFault_Handler  stm32f7xx_it.o
    0x08042ffe   0x08042ffe   0x00000024   Code   RO          972    .text.I2S_DMAError  stm32f7xx_hal_i2s.o
    0x08043022   0x08043022   0x00000022   Code   RO          978    .text.I2S_DMARxCplt  stm32f7xx_hal_i2s.o
    0x08043044   0x08043044   0x00000006   Code   RO          976    .text.I2S_DMARxHalfCplt  stm32f7xx_hal_i2s.o
    0x0804304a   0x0804304a   0x00000002   PAD
    0x0804304c   0x0804304c   0x00000018   Code   RO          133    .text.MX_FATFS_Init  fatfs.o
    0x08043064   0x08043064   0x00000002   Code   RO          161    .text.MemManage_Handler  stm32f7xx_it.o
    0x08043066   0x08043066   0x00000002   Code   RO          157    .text.NMI_Handler   stm32f7xx_it.o
    0x08043068   0x08043068   0x0000006e   Code   RO         1223    .text.OV5640_Auto_Focus  ov5640.o
    0x080430d6   0x080430d6   0x00000002   PAD
    0x080430d8   0x080430d8   0x00000048   Code   RO         1211    .text.OV5640_Brightness  ov5640.o
    0x08043120   0x08043120   0x00000074   Code   RO         1209    .text.OV5640_Color_Saturation  ov5640.o
    0x08043194   0x08043194   0x00000068   Code   RO         1213    .text.OV5640_Contrast  ov5640.o
    0x080431fc   0x080431fc   0x0000002c   Code   RO         1199    .text.OV5640_Flash_Lamp  ov5640.o
    0x08043228   0x08043228   0x000000a0   Code   RO         1221    .text.OV5640_Focus_Init  ov5640.o
    0x080432c8   0x080432c8   0x00000090   Code   RO         1197    .text.OV5640_Init   ov5640.o
    0x08043358   0x08043358   0x00000024   Code   RO         1201    .text.OV5640_JPEG_Mode  ov5640.o
    0x0804337c   0x0804337c   0x00000048   Code   RO         1207    .text.OV5640_Light_Mode  ov5640.o
    0x080433c4   0x080433c4   0x00000074   Code   RO         1219    .text.OV5640_OutSize_Set  ov5640.o
    0x08043438   0x08043438   0x00000034   Code   RO         1195    .text.OV5640_RD_Reg  ov5640.o
    0x0804346c   0x0804346c   0x00000074   Code   RO         1215    .text.OV5640_Sharpness  ov5640.o
    0x080434e0   0x080434e0   0x00000038   Code   RO         1193    .text.OV5640_WR_Reg  ov5640.o
    0x08043518   0x08043518   0x00000002   Code   RO          171    .text.PendSV_Handler  stm32f7xx_it.o
    0x0804351a   0x0804351a   0x00000002   PAD
    0x0804351c   0x0804351c   0x00000038   Code   RO         1260    .text.SCCB_No_Ack   sccb.o
    0x08043554   0x08043554   0x00000044   Code   RO         1264    .text.SCCB_RD_Byte  sccb.o
    0x08043598   0x08043598   0x00000034   Code   RO         1256    .text.SCCB_Start    sccb.o
    0x080435cc   0x080435cc   0x00000030   Code   RO         1258    .text.SCCB_Stop     sccb.o
    0x080435fc   0x080435fc   0x00000070   Code   RO         1262    .text.SCCB_WR_Byte  sccb.o
    0x0804366c   0x0804366c   0x0000000c   Code   RO          181    .text.SDMMC1_IRQHandler  stm32f7xx_it.o
    0x08043678   0x08043678   0x00000034   Code   RO         1066    .text.SDMMC_CmdAppCommand  stm32f7xx_ll_sdmmc.o
    0x080436ac   0x080436ac   0x00000038   Code   RO         1068    .text.SDMMC_CmdAppOperCommand  stm32f7xx_ll_sdmmc.o
    0x080436e4   0x080436e4   0x00000034   Code   RO         1036    .text.SDMMC_CmdBlockLength  stm32f7xx_ll_sdmmc.o
    0x08043718   0x08043718   0x00000034   Code   RO         1072    .text.SDMMC_CmdBusWidth  stm32f7xx_ll_sdmmc.o
    0x0804374c   0x0804374c   0x0000004c   Code   RO         1062    .text.SDMMC_CmdGoIdleState  stm32f7xx_ll_sdmmc.o
    0x08043798   0x08043798   0x00000078   Code   RO         1064    .text.SDMMC_CmdOperCond  stm32f7xx_ll_sdmmc.o
    0x08043810   0x08043810   0x00000034   Code   RO         1042    .text.SDMMC_CmdReadMultiBlock  stm32f7xx_ll_sdmmc.o
    0x08043844   0x08043844   0x00000034   Code   RO         1040    .text.SDMMC_CmdReadSingleBlock  stm32f7xx_ll_sdmmc.o
    0x08043878   0x08043878   0x00000034   Code   RO         1060    .text.SDMMC_CmdSelDesel  stm32f7xx_ll_sdmmc.o
    0x080438ac   0x080438ac   0x0000002e   Code   RO         1076    .text.SDMMC_CmdSendCID  stm32f7xx_ll_sdmmc.o
    0x080438da   0x080438da   0x0000002e   Code   RO         1080    .text.SDMMC_CmdSendCSD  stm32f7xx_ll_sdmmc.o
    0x08043908   0x08043908   0x00000034   Code   RO         1074    .text.SDMMC_CmdSendSCR  stm32f7xx_ll_sdmmc.o
    0x0804393c   0x0804393c   0x00000034   Code   RO         1084    .text.SDMMC_CmdSendStatus  stm32f7xx_ll_sdmmc.o
    0x08043970   0x08043970   0x000000a4   Code   RO         1082    .text.SDMMC_CmdSetRelAdd  stm32f7xx_ll_sdmmc.o
    0x08043a14   0x08043a14   0x00000038   Code   RO         1058    .text.SDMMC_CmdStopTransfer  stm32f7xx_ll_sdmmc.o
    0x08043a4c   0x08043a4c   0x00000034   Code   RO         1046    .text.SDMMC_CmdWriteMultiBlock  stm32f7xx_ll_sdmmc.o
    0x08043a80   0x08043a80   0x00000034   Code   RO         1044    .text.SDMMC_CmdWriteSingleBlock  stm32f7xx_ll_sdmmc.o
    0x08043ab4   0x08043ab4   0x00000024   Code   RO         1028    .text.SDMMC_ConfigData  stm32f7xx_ll_sdmmc.o
    0x08043ad8   0x08043ad8   0x00000118   Code   RO         1038    .text.SDMMC_GetCmdResp1  stm32f7xx_ll_sdmmc.o
    0x08043bf0   0x08043bf0   0x0000004c   Code   RO         1078    .text.SDMMC_GetCmdResp2  stm32f7xx_ll_sdmmc.o
    0x08043c3c   0x08043c3c   0x00000044   Code   RO         1070    .text.SDMMC_GetCmdResp3  stm32f7xx_ll_sdmmc.o
    0x08043c80   0x08043c80   0x00000008   Code   RO         1020    .text.SDMMC_GetPowerState  stm32f7xx_ll_sdmmc.o
    0x08043c88   0x08043c88   0x00000006   Code   RO         1026    .text.SDMMC_GetResponse  stm32f7xx_ll_sdmmc.o
    0x08043c8e   0x08043c8e   0x00000022   Code   RO         1010    .text.SDMMC_Init    stm32f7xx_ll_sdmmc.o
    0x08043cb0   0x08043cb0   0x00000008   Code   RO         1018    .text.SDMMC_PowerState_OFF  stm32f7xx_ll_sdmmc.o
    0x08043cb8   0x08043cb8   0x00000010   Code   RO         1016    .text.SDMMC_PowerState_ON  stm32f7xx_ll_sdmmc.o
    0x08043cc8   0x08043cc8   0x00000006   Code   RO         1012    .text.SDMMC_ReadFIFO  stm32f7xx_ll_sdmmc.o
    0x08043cce   0x08043cce   0x00000020   Code   RO         1022    .text.SDMMC_SendCommand  stm32f7xx_ll_sdmmc.o
    0x08043cee   0x08043cee   0x0000000a   Code   RO         1014    .text.SDMMC_WriteFIFO  stm32f7xx_ll_sdmmc.o
    0x08043cf8   0x08043cf8   0x0000001c   Code   RO          121    .text.SD_CheckStatus  sd_diskio.o
    0x08043d14   0x08043d14   0x00000044   Code   RO         1142    .text.SD_DMARxAbort  stm32f7xx_hal_sd.o
    0x08043d58   0x08043d58   0x00000044   Code   RO         1140    .text.SD_DMATxAbort  stm32f7xx_hal_sd.o
    0x08043d9c   0x08043d9c   0x000000cc   Code   RO         1166    .text.SD_FindSCR    stm32f7xx_hal_sd.o
    0x08043e68   0x08043e68   0x00000018   Code   RO          111    .text.SD_initialize  sd_diskio.o
    0x08043e80   0x08043e80   0x00000050   Code   RO          119    .text.SD_ioctl      sd_diskio.o
    0x08043ed0   0x08043ed0   0x00000022   Code   RO          115    .text.SD_read       sd_diskio.o
    0x08043ef2   0x08043ef2   0x00000004   Code   RO          113    .text.SD_status     sd_diskio.o
    0x08043ef6   0x08043ef6   0x00000022   Code   RO          117    .text.SD_write      sd_diskio.o
    0x08043f18   0x08043f18   0x0000000c   Code   RO          179    .text.SPI1_IRQHandler  stm32f7xx_it.o
    0x08043f24   0x08043f24   0x00000002   Code   RO          167    .text.SVC_Handler   stm32f7xx_it.o
    0x08043f26   0x08043f26   0x00000004   Code   RO          173    .text.SysTick_Handler  stm32f7xx_it.o
    0x08043f2a   0x08043f2a   0x00000002   PAD
    0x08043f2c   0x08043f2c   0x000000c0   Code   RO           43    .text.SystemClock_Config  main.o
    0x08043fec   0x08043fec   0x00000010   Code   RO         1178    .text.SystemInit    system_stm32f7xx.o
    0x08043ffc   0x08043ffc   0x00000002   Code   RO          165    .text.UsageFault_Handler  stm32f7xx_it.o
    0x08043ffe   0x08043ffe   0x00000002   PAD
    0x08044000   0x08044000   0x00000024   Code   RO          577    .text.__NVIC_SetPriority  stm32f7xx_hal_cortex.o
    0x08044024   0x08044024   0x00000048   Code   RO           17    .text.app_audio_callback  audio.o
    0x0804406c   0x0804406c   0x00000048   Code   RO           25    .text.app_background_audio  audio.o
    0x080440b4   0x080440b4   0x0000001c   Code   RO          226    .text.app_background_camera  camera.o
    0x080440d0   0x080440d0   0x00000016   Code   RO         1779    .text.arm_biquad_cascade_df1_init_f32  filteringfunctions.o
    0x080440e6   0x080440e6   0x00000002   PAD
    0x080440e8   0x080440e8   0x0000006c   Code   RO         1394    .text.check_fs      ff.o
    0x08044154   0x08044154   0x0000000e   Code   RO         1398    .text.chk_chr       ff.o
    0x08044162   0x08044162   0x00000002   PAD
    0x08044164   0x08044164   0x00000058   Code   RO         1306    .text.chk_lock      ff.o
    0x080441bc   0x080441bc   0x0000001c   Code   RO         1298    .text.clear_lock    ff.o
    0x080441d8   0x080441d8   0x00000026   Code   RO         1332    .text.clmt_clust    ff.o
    0x080441fe   0x080441fe   0x00000016   Code   RO         1326    .text.clust2sect    ff.o
    0x08044214   0x08044214   0x000000be   Code   RO         1338    .text.create_chain  ff.o
    0x080442d2   0x080442d2   0x00000002   PAD
    0x080442d4   0x080442d4   0x00000160   Code   RO          224    .text.dcmi_to_fs    camera.o
    0x08044434   0x08044434   0x00000038   Code   RO         1346    .text.dec_lock      ff.o
    0x0804446c   0x0804446c   0x0000002c   Code   RO         1252    .text.delay_6us     sccb.o
    0x08044498   0x08044498   0x00000168   Code   RO         1396    .text.dir_find      ff.o
    0x08044600   0x08044600   0x00000118   Code   RO         1362    .text.dir_next      ff.o
    0x08044718   0x08044718   0x00000278   Code   RO         1308    .text.dir_register  ff.o
    0x08044990   0x08044990   0x0000009c   Code   RO         1352    .text.dir_sdi       ff.o
    0x08044a2c   0x08044a2c   0x00000020   Code   RO         1276    .text.disk_initialize  diskio.o
    0x08044a4c   0x08044a4c   0x0000001c   Code   RO         1282    .text.disk_ioctl    diskio.o
    0x08044a68   0x08044a68   0x0000001c   Code   RO         1278    .text.disk_read     diskio.o
    0x08044a84   0x08044a84   0x00000014   Code   RO         1274    .text.disk_status   diskio.o
    0x08044a98   0x08044a98   0x00000020   Code   RO         1280    .text.disk_write    diskio.o
    0x08044ab8   0x08044ab8   0x00000028   Code   RO         1344    .text.f_close       ff.o
    0x08044ae0   0x08044ae0   0x00000160   Code   RO         1374    .text.f_mkdir       ff.o
    0x08044c40   0x08044c40   0x00000050   Code   RO         1294    .text.f_mount       ff.o
    0x08044c90   0x08044c90   0x00000248   Code   RO         1302    .text.f_open        ff.o
    0x08044ed8   0x08044ed8   0x0000008e   Code   RO         1340    .text.f_sync        ff.o
    0x08044f66   0x08044f66   0x00000194   Code   RO         1336    .text.f_write       ff.o
    0x080450fa   0x080450fa   0x00000002   PAD
    0x080450fc   0x080450fc   0x00000040   Code   RO         1438    .text.ff_convert    ccsbcs.o
    0x0804513c   0x0804513c   0x00000080   Code   RO         1440    .text.ff_wtoupper   ccsbcs.o
    0x080451bc   0x080451bc   0x0000026c   Code   RO         1300    .text.find_volume   ff.o
    0x08045428   0x08045428   0x0000029c   Code   RO         1304    .text.follow_path   ff.o
    0x080456c4   0x080456c4   0x00000008   Code   RO           11    .text.get_audio_filename  audio.o
    0x080456cc   0x080456cc   0x000000ac   Code   RO         1324    .text.get_fat       ff.o
    0x08045778   0x08045778   0x00000004   Code   RO          135    .text.get_fattime   fatfs.o
    0x0804577c   0x0804577c   0x0000003e   Code   RO         1296    .text.get_ldnumber  ff.o
    0x080457ba   0x080457ba   0x00000002   PAD
    0x080457bc   0x080457bc   0x00000108   Code   RO           19    .text.i2s_to_fs     audio.o
    0x080458c4   0x080458c4   0x00000070   Code   RO         1320    .text.inc_lock      ff.o
    0x08045934   0x08045934   0x00000050   Code   RO          218    .text.init_camera   camera.o
    0x08045984   0x08045984   0x0000005c   Code   RO          240    .text.init_gpio     gpio.o
    0x080459e0   0x080459e0   0x00000044   Code   RO          266    .text.init_lpf      dsp.o
    0x08045a24   0x08045a24   0x00000088   Code   RO          251    .text.init_sd_fatfs  sdio.o
    0x08045aac   0x08045aac   0x00000014   Code   RO         1227    .text.jpeg_dcmi_frame_callback  ov5640.o
    0x08045ac0   0x08045ac0   0x000000c0   Code   RO         1225    .text.jpeg_test     ov5640.o
    0x08045b80   0x08045b80   0x00000018   Code   RO         1312    .text.ld_clust      ff.o
    0x08045b98   0x08045b98   0x00000004   Code   RO         1322    .text.ld_dword      ff.o
    0x08045b9c   0x08045b9c   0x00000030   Code   RO          280    .text.led_err       led.o
    0x08045bcc   0x08045bcc   0x0000000c   Code   RO          286    .text.led_ready     led.o
    0x08045bd8   0x08045bd8   0x00000030   Code   RO          288    .text.led_stop      led.o
    0x08045c08   0x08045c08   0x00000038   Code   RO          284    .text.led_success   led.o
    0x08045c40   0x08045c40   0x00000244   Code   RO           41    .text.main          main.o
    0x08045e84   0x08045e84   0x00000010   Code   RO         1334    .text.mem_cpy       ff.o
    0x08045e94   0x08045e94   0x00000038   Code   RO         1318    .text.move_window   ff.o
    0x08045ecc   0x08045ecc   0x000000e4   Code   RO         1402    .text.put_fat       ff.o
    0x08045fb0   0x08045fb0   0x00000070   Code   RO         1316    .text.remove_chain  ff.o
    0x08046020   0x08046020   0x00000064   Code   RO          249    .text.sd_err_handler  sdio.o
    0x08046084   0x08046084   0x00000012   Code   RO         1314    .text.st_clust      ff.o
    0x08046096   0x08046096   0x00000004   Code   RO         1310    .text.st_dword      ff.o
    0x0804609a   0x0804609a   0x00000002   PAD
    0x0804609c   0x0804609c   0x000000b0   Code   RO           21    .text.start_audio   audio.o
    0x0804614c   0x0804614c   0x00000006   Code   RO          222    .text.start_camera  camera.o
    0x08046152   0x08046152   0x00000002   PAD
    0x08046154   0x08046154   0x00000020   Code   RO           55    .text.start_recording  main.o
    0x08046174   0x08046174   0x0000002c   Code   RO           23    .text.stop_audio    audio.o
    0x080461a0   0x080461a0   0x0000000c   Code   RO          220    .text.stop_camera   camera.o
    0x080461ac   0x080461ac   0x0000001c   Code   RO           53    .text.stop_recording  main.o
    0x080461c8   0x080461c8   0x0000001c   Code   RO         1400    .text.sum_sfn       ff.o
    0x080461e4   0x080461e4   0x00000088   Code   RO         1342    .text.sync_fs       ff.o
    0x0804626c   0x0804626c   0x0000004c   Code   RO         1376    .text.sync_window   ff.o
    0x080462b8   0x080462b8   0x0000000c   Code   RO          290    .text.toggle_flashlight  led.o
    0x080462c4   0x080462c4   0x00000030   Code   RO         1330    .text.validate      ff.o
    0x080462f4   0x080462f4   0x00000028   Code   RO         2360    i.__0sprintf$1      mc_w.l(printf1.o)
    0x0804631c   0x0804631c   0x0000000e   Code   RO         2631    i.__scatterload_copy  mc_w.l(handlers.o)
    0x0804632a   0x0804632a   0x00000002   Code   RO         2632    i.__scatterload_null  mc_w.l(handlers.o)
    0x0804632c   0x0804632c   0x0000000e   Code   RO         2633    i.__scatterload_zeroinit  mc_w.l(handlers.o)
    0x0804633a   0x0804633a   0x00000002   PAD
    0x0804633c   0x0804633c   0x00000154   Code   RO         2365    i._printf_core      mc_w.l(printf1.o)
    0x08046490   0x08046490   0x0000000a   Code   RO         2367    i._sputc            mc_w.l(printf1.o)
    0x0804649a   0x0804649a   0x00000010   Data   RO         1183    .rodata.AHBPrescTable  system_stm32f7xx.o
    0x080464aa   0x080464aa   0x00000080   Data   RO         1407    .rodata.ExCvt       ff.o
    0x0804652a   0x0804652a   0x0000000d   Data   RO         1408    .rodata.LfnOfs      ff.o
    0x08046537   0x08046537   0x00000fed   Data   RO         1236    .rodata.OV5640_AF_Config  ov5640.o
    0x08047524   0x08047524   0x00000023   Data   RO         1240    .rodata.OV5640_LIGHTMODE_TBL  ov5640.o
    0x08047547   0x08047547   0x0000002a   Data   RO         1241    .rodata.OV5640_SATURATION_TBL  ov5640.o
    0x08047571   0x08047571   0x00000001   PAD
    0x08047572   0x08047572   0x000000b4   Data   RO         1233    .rodata.OV5640_jpeg_reg_tbl  ov5640.o
    0x08047626   0x08047626   0x00000002   PAD
    0x08047628   0x08047628   0x00000014   Data   RO          123    .rodata.SD_Driver   sd_diskio.o
    0x0804763c   0x0804763c   0x00000100   Data   RO         1442    .rodata.Tbl         ccsbcs.o
    0x0804773c   0x0804773c   0x0000001c   Data   RO         1238    .rodata.jpeg_size_tbl  ov5640.o
    0x08047758   0x08047758   0x0000033c   Data   RO         1235    .rodata.ov5640_init_reg_tbl  ov5640.o
    0x08047a94   0x08047a94   0x000002ae   Data   RO         1443    .rodata.str2.2      ccsbcs.o
    0x08047d42   0x08047d42   0x00000002   PAD
    0x08047d44   0x08047d44   0x00000020   Data   RO         2630    Region$$Table       anon$$obj.o


    Execution Region RW_IRAM1 (Exec base: 0x20000000, Load base: 0x08047d68, Size: 0x0004eb38, Max: 0x00050000, ABSOLUTE)

    Exec Addr    Load Addr    Size         Type   Attr      Idx    E Section Name        Object

    0x20000000   0x08047d68   0x00000002   Data   RW           31    .data..L_MergedGlobals  audio.o
    0x20000002   0x08047d6a   0x00000003   Data   RW          230    .data..L_MergedGlobals  camera.o
    0x20000005   0x08047d6d   0x00000003   PAD
    0x20000008   0x08047d70   0x00000008   Data   RW          680    .data..L_MergedGlobals  stm32f7xx_hal.o
    0x20000010   0x08047d78   0x00000001   Data   RW          124    .data.Stat          sd_diskio.o
    0x20000011   0x08047d79   0x00000003   PAD
    0x20000014   0x08047d7c   0x00000004   Data   RW         1182    .data.SystemCoreClock  system_stm32f7xx.o
    0x20000018   0x08047d80   0x00000014   Data   RW          270    .data.coeff_lowpass_20khz  dsp.o
    0x2000002c   0x08047d94   0x00000001   Data   RW           27    .data.result_audio_close  audio.o
    0x2000002d   0x08047d95   0x00000003   PAD
    0x20000030        -       0x00000048   Zero   RW           62    .bss..L_MergedGlobals  main.o
    0x20000078        -       0x00000005   Zero   RW          140    .bss..L_MergedGlobals  fatfs.o
    0x2000007d   0x08047d95   0x00000003   PAD
    0x20000080        -       0x0000002c   Zero   RW          271    .bss..L_MergedGlobals  dsp.o
    0x200000ac        -       0x00000008   Zero   RW         1409    .bss..L_MergedGlobals  ff.o
    0x200000b4        -       0x00000008   Zero   RW          231    .bss..L_MergedGlobals.3  camera.o
    0x200000bc        -       0x0000002a   Zero   RW           32    .bss..L_MergedGlobals.4  audio.o
    0x200000e6   0x08047d95   0x00000002   PAD
    0x200000e8        -       0x00000020   Zero   RW         1405    .bss.Files          ff.o
    0x20000108        -       0x00000200   Zero   RW         1406    .bss.LfnBuf         ff.o
    0x20000308        -       0x00000234   Zero   RW          137    .bss.SDFatFS        fatfs.o
    0x2000053c        -       0x00000230   Zero   RW          138    .bss.SDFile         fatfs.o
    0x2000076c        -       0x00000230   Zero   RW          139    .bss.VideoFile      fatfs.o
    0x2000099c        -       0x00001588   Zero   RW           29    .bss.audio_fwrite_buf  audio.o
    0x20001f24        -       0x00010260   Zero   RW           28    .bss.audio_sample_buf  audio.o
    0x20012184        -       0x00000004   Zero   RW          228    .bss.dcmi_to_fs.img_idx  camera.o
    0x20012188        -       0x0000000c   Zero   RW         1428    .bss.disk           ff_gen_drv.o
    0x20012194        -       0x00000004   Zero   RW          253    .bss.fs_fail_cnt    sdio.o
    0x20012198        -       0x00000050   Zero   RW           57    .bss.hdcmi          main.o
    0x200121e8        -       0x00000060   Zero   RW           58    .bss.hdma_dcmi      main.o
    0x20012248        -       0x00000060   Zero   RW           59    .bss.hdma_spi1_rx   main.o
    0x200122a8        -       0x00000084   Zero   RW           60    .bss.hsd1           main.o
    0x2001232c        -       0x0003c000   Zero   RW         1243    .bss.jpeg_data_buf  ov5640.o
    0x2004e32c        -       0x00000001   Zero   RW         1237    .bss.jpeg_mode      ov5640.o
    0x2004e32d   0x08047d95   0x00000003   PAD
    0x2004e330        -       0x00000004   Zero   RW          679    .bss.uwTick         stm32f7xx_hal.o
    0x2004e334   0x08047d95   0x00000004   PAD
    0x2004e338        -       0x00000800   Zero   RW            1    STACK               startup_stm32f746xx.o


==============================================================================

Image component sizes


      Code (inc. data)   RO Data    RW Data    ZI Data      Debug   Object Name

       636         72          0          3      71698       8093   audio.o
       172          4          0          0          0       6659   bsp_driver_sd.o
       478         40          0          3         12       5512   camera.o
       192         22        942          0          0       1720   ccsbcs.o
       140          4          0          0          0       2103   diskio.o
        68          8          0         20         44       2548   dsp.o
        28          8          0          0       1689       1886   fatfs.o
        24          4          0          0          0       1192   fatfs_platform.o
      5958         96        141          0        552      49380   ff.o
        66          4          0          0         12       2545   ff_gen_drv.o
        22          0          0          0          0     188839   filteringfunctions.o
        92          8          0          0          0       1319   gpio.o
       176          8          0          0          0       1774   led.o
       976         64          0          0        476      13251   main.o
      1432         76       5190          0     245761       9312   ov5640.o
       380         12          0          0          0       2549   sccb.o
       204          8         20          1          0       3179   sd_diskio.o
       236         48          0          0          4       1654   sdio.o
        36          8        456          0       2048        852   startup_stm32f746xx.o
       154         20          0          8          4       7914   stm32f7xx_hal.o
       256         36          0          0          0      11265   stm32f7xx_hal_cortex.o
       764         16          0          0          0       8324   stm32f7xx_hal_dcmi.o
      1106         20          0          0          0       8943   stm32f7xx_hal_dma.o
      1048         60          0          0          0       4803   stm32f7xx_hal_dma_ex.o
       668         24          0          0          0       5287   stm32f7xx_hal_gpio.o
       824         24          0          0          0      12437   stm32f7xx_hal_i2s.o
       916         60          0          0          0      10794   stm32f7xx_hal_msp.o
      1400         44          0          0          0       7900   stm32f7xx_hal_rcc.o
      1226         12          0          0          0       6744   stm32f7xx_hal_rcc_ex.o
      3048         28          0          0          0      23534   stm32f7xx_hal_sd.o
        88         16          0          0          0       1800   stm32f7xx_it.o
      1664         20          0          0          0      13609   stm32f7xx_ll_sdmmc.o
        16          4         16          4          0       3365   system_stm32f7xx.o

    ----------------------------------------------------------------------
     24540        878       6802         48     322312     431086   Object Totals
         0          0         32          0          0          0   (incl. Generated)
        46          0          5          9         12          0   (incl. Padding)

    ----------------------------------------------------------------------

      Code (inc. data)   RO Data    RW Data    ZI Data      Debug   Library Member Name

         0          0          0          0          0          0   entry.o
         0          0          0          0          0          0   entry10a.o
         0          0          0          0          0          0   entry11a.o
         8          4          0          0          0          0   entry2.o
         4          0          0          0          0          0   entry5.o
         0          0          0          0          0          0   entry7b.o
         0          0          0          0          0          0   entry8b.o
         8          4          0          0          0          0   entry9a.o
        30          0          0          0          0          0   handlers.o
        36          8          0          0          0         68   init.o
        30          0          0          0          0         68   llshl.o
        32          0          0          0          0         68   llushr.o
        36          0          0          0          0        108   memseta.o
       390         10          0          0          0        252   printf1.o
        24          0          0          0          0         68   strcat.o
        14          0          0          0          0         68   strlen.o
        44          0          0          0          0         80   uidiv.o
        98          0          0          0          0         92   uldiv.o

    ----------------------------------------------------------------------
       758         26          0          0          0        872   Library Totals
         4          0          0          0          0          0   (incl. Padding)

    ----------------------------------------------------------------------

      Code (inc. data)   RO Data    RW Data    ZI Data      Debug   Library Name

       754         26          0          0          0        872   mc_w.l

    ----------------------------------------------------------------------
       758         26          0          0          0        872   Library Totals

    ----------------------------------------------------------------------

==============================================================================


      Code (inc. data)   RO Data    RW Data    ZI Data      Debug   

     25298        904       6802         48     322312     431302   Grand Totals
     25298        904       6802         48     322312     431302   ELF Image Totals
     25298        904       6802         48          0          0   ROM Totals

==============================================================================

    Total RO  Size (Code + RO Data)                32100 (  31.35kB)
    Total RW  Size (RW Data + ZI Data)            322360 ( 314.80kB)
    Total ROM Size (Code + RO Data + RW Data)      32148 (  31.39kB)

==============================================================================

