<html>
<body>
<pre>
<h1>µVision Build Log</h1>
<h2>Tool Versions:</h2>
IDE-Version: •ÏVision V5.30.0.0
Copyright (C) 2020 ARM Ltd and ARM Germany GmbH. All rights reserved.
License Information: Jihoon Lee, None, LIC=----
 
Tool Versions:
Toolchain:       MDK-Lite  Version: 5.30.0.0
Toolchain Path:  C:\Keil_v5\ARM\ARMCLANG\Bin
C Compiler:      ArmClang.exe V6.14
Assembler:       Armasm.exe V6.14
Linker/Locator:  ArmLink.exe V6.14
Library Manager: ArmAr.exe V6.14
Hex Converter:   FromElf.exe V6.14
CPU DLL:         SARMCM3.DLL V5.30.0.0
Dialog DLL:      DCM.DLL V1.17.3.0
Target DLL:      STLink\ST-LINKIII-KEIL_SWO.dll V3.0.7.0
Dialog DLL:      TCM.DLL V1.42.0.0
 
<h2>Project:</h2>
C:\Users\Jihoon Lee\Desktop\example_746\usb_hs\new\MDK-ARM\dds.uvprojx
Project File Date:  10/30/2022

<h2>Output:</h2>
*** Using Compiler 'V6.14', folder: 'C:\Keil_v5\ARM\ARMCLANG\Bin'
Rebuild target 'dds'
assembling startup_stm32f746xx.s...
compiling stm32f7xx_it.c...
compiling usbd_storage_if.c...
compiling usb_device.c...
compiling usbd_desc.c...
compiling main.c...
compiling usbd_conf.c...
compiling stm32f7xx_hal_msp.c...
compiling stm32f7xx_hal_pcd_ex.c...
compiling stm32f7xx_hal_flash.c...
compiling stm32f7xx_hal_rcc.c...
compiling stm32f7xx_hal_pcd.c...
compiling stm32f7xx_hal_rcc_ex.c...
compiling stm32f7xx_hal_flash_ex.c...
compiling stm32f7xx_hal_gpio.c...
compiling stm32f7xx_ll_usb.c...
compiling stm32f7xx_hal_pwr_ex.c...
compiling stm32f7xx_hal_cortex.c...
compiling stm32f7xx_hal_dma_ex.c...
compiling stm32f7xx_hal_pwr.c...
compiling stm32f7xx_hal_dma.c...
compiling stm32f7xx_hal.c...
compiling stm32f7xx_hal_i2c_ex.c...
compiling stm32f7xx_hal_tim.c...
compiling stm32f7xx_hal_exti.c...
compiling stm32f7xx_ll_sdmmc.c...
compiling stm32f7xx_hal_tim_ex.c...
compiling system_stm32f7xx.c...
compiling stm32f7xx_hal_sd.c...
compiling usbd_core.c...
compiling stm32f7xx_hal_i2c.c...
../Middlewares/ST/STM32_USB_Device_Library/Core/Src/usbd_ctlreq.c(288): warning: expression result unused [-Wunused-value]
          (USBD_StatusTypeDef)pdev->pClass->Setup(pdev, req);
          ^                   ~~~~~~~~~~~~~~~~~~~~~~~~~~~~~~
1 warning generated.
compiling usbd_ctlreq.c...
compiling usbd_ioreq.c...
compiling usbd_msc.c...
compiling usbd_msc_bot.c...
compiling usbd_msc_data.c...
compiling usbd_msc_scsi.c...
linking...
Program Size: Code=20796 RO-data=540 RW-data=376 ZI-data=70080  
FromELF: creating hex file...
"dds\dds.axf" - 0 Error(s), 1 Warning(s).

<h2>Software Packages used:</h2>

Package Vendor: ARM
                http://www.keil.com/pack/ARM.CMSIS.5.7.0.pack
                ARM.CMSIS.5.7.0
                CMSIS (Cortex Microcontroller Software Interface Standard)
   * Component: CORE Version: 5.4.0

Package Vendor: Keil
                http://www.keil.com/pack/Keil.STM32F7xx_DFP.2.14.0.pack
                Keil.STM32F7xx_DFP.2.14.0
                STMicroelectronics STM32F7 Series Device Support, Drivers and Examples

<h2>Collection of Component include folders:</h2>
  .\RTE\_dds
  C:\Users\Jihoon Lee\AppData\Local\Arm\Packs\ARM\CMSIS\5.7.0\CMSIS\Core\Include
  C:\Users\Jihoon Lee\AppData\Local\Arm\Packs\Keil\STM32F7xx_DFP\2.14.0\Drivers\CMSIS\Device\ST\STM32F7xx\Include

<h2>Collection of Component Files used:</h2>

   * Component: ARM::CMSIS:CORE:5.4.0
Build Time Elapsed:  00:00:03
</pre>
</body>
</html>
