Component: ARM Compiler 6.14 Tool: armlink [5db06800]

==============================================================================

Section Cross References

    startup_stm32f746xx.o(RESET) refers to startup_stm32f746xx.o(STACK) for __initial_sp
    startup_stm32f746xx.o(RESET) refers to startup_stm32f746xx.o(.text) for Reset_Handler
    startup_stm32f746xx.o(RESET) refers to stm32f7xx_it.o(.text.NMI_Handler) for NMI_Handler
    startup_stm32f746xx.o(RESET) refers to stm32f7xx_it.o(.text.HardFault_Handler) for HardFault_Handler
    startup_stm32f746xx.o(RESET) refers to stm32f7xx_it.o(.text.MemManage_Handler) for MemManage_Handler
    startup_stm32f746xx.o(RESET) refers to stm32f7xx_it.o(.text.BusFault_Handler) for BusFault_Handler
    startup_stm32f746xx.o(RESET) refers to stm32f7xx_it.o(.text.UsageFault_Handler) for UsageFault_Handler
    startup_stm32f746xx.o(RESET) refers to stm32f7xx_it.o(.text.SVC_Handler) for SVC_Handler
    startup_stm32f746xx.o(RESET) refers to stm32f7xx_it.o(.text.DebugMon_Handler) for DebugMon_Handler
    startup_stm32f746xx.o(RESET) refers to stm32f7xx_it.o(.text.PendSV_Handler) for PendSV_Handler
    startup_stm32f746xx.o(RESET) refers to stm32f7xx_it.o(.text.SysTick_Handler) for SysTick_Handler
    startup_stm32f746xx.o(RESET) refers to stm32f7xx_it.o(.text.EXTI2_IRQHandler) for EXTI2_IRQHandler
    startup_stm32f746xx.o(RESET) refers to stm32f7xx_it.o(.text.EXTI3_IRQHandler) for EXTI3_IRQHandler
    startup_stm32f746xx.o(RESET) refers to stm32f7xx_it.o(.text.SPI1_IRQHandler) for SPI1_IRQHandler
    startup_stm32f746xx.o(RESET) refers to stm32f7xx_it.o(.text.DMA2_Stream0_IRQHandler) for DMA2_Stream0_IRQHandler
    startup_stm32f746xx.o(.text) refers to system_stm32f7xx.o(.text.SystemInit) for SystemInit
    startup_stm32f746xx.o(.text) refers to entry.o(.ARM.Collect$$$$00000000) for __main
    wav_file.o(.ARM.exidx.text.init_default) refers to wav_file.o(.text.init_default) for [Anonymous Symbol]
    wav_file.o(.text.create_wav_fatfs) refers to ff.o(.text.f_open) for f_open
    wav_file.o(.text.create_wav_fatfs) refers to ff.o(.text.f_write) for f_write
    wav_file.o(.ARM.exidx.text.create_wav_fatfs) refers to wav_file.o(.text.create_wav_fatfs) for [Anonymous Symbol]
    wav_file.o(.text.__update_size_header) refers to ff.o(.text.f_lseek) for f_lseek
    wav_file.o(.text.__update_size_header) refers to ff.o(.text.f_write) for f_write
    wav_file.o(.ARM.exidx.text.__update_size_header) refers to wav_file.o(.text.__update_size_header) for [Anonymous Symbol]
    wav_file.o(.text.write_pcm_data) refers to ff.o(.text.f_read) for f_read
    wav_file.o(.text.write_pcm_data) refers to ff.o(.text.f_write) for f_write
    wav_file.o(.text.write_pcm_data) refers to ff.o(.text.f_lseek) for f_lseek
    wav_file.o(.text.write_pcm_data) refers to ff.o(.text.f_sync) for f_sync
    wav_file.o(.text.write_pcm_data) refers to wav_file.o(.bss..L_MergedGlobals) for [Anonymous Symbol]
    wav_file.o(.ARM.exidx.text.write_pcm_data) refers to wav_file.o(.text.write_pcm_data) for [Anonymous Symbol]
    main.o(.text.Calc_IIR) refers to main.o(.bss..L_MergedGlobals.7) for [Anonymous Symbol]
    main.o(.ARM.exidx.text.Calc_IIR) refers to main.o(.text.Calc_IIR) for [Anonymous Symbol]
    main.o(.text.main) refers to stm32f7xx_hal.o(.text.HAL_Init) for HAL_Init
    main.o(.text.main) refers to main.o(.text.SystemClock_Config) for SystemClock_Config
    main.o(.text.main) refers to stm32f7xx_hal_i2s.o(.text.HAL_I2S_Init) for HAL_I2S_Init
    main.o(.text.main) refers to memseta.o(.text) for __aeabi_memclr4
    main.o(.text.main) refers to fatfs.o(.text.MX_FATFS_Init) for MX_FATFS_Init
    main.o(.text.main) refers to stm32f7xx_hal_i2s.o(.text.HAL_I2S_DeInit) for HAL_I2S_DeInit
    main.o(.text.main) refers to stm32f7xx_hal.o(.text.HAL_Delay) for HAL_Delay
    main.o(.text.main) refers to stm32f7xx_hal_sd.o(.text.HAL_SD_Init) for HAL_SD_Init
    main.o(.text.main) refers to stm32f7xx_hal_sd.o(.text.HAL_SD_InitCard) for HAL_SD_InitCard
    main.o(.text.main) refers to ff.o(.text.f_mount) for f_mount
    main.o(.text.main) refers to stm32f7xx_hal_sd.o(.text.HAL_SD_DeInit) for HAL_SD_DeInit
    main.o(.text.main) refers to stm32f7xx_hal_gpio.o(.text.HAL_GPIO_ReadPin) for HAL_GPIO_ReadPin
    main.o(.text.main) refers to main.o(.text.indicate_ready) for indicate_ready
    main.o(.text.main) refers to main.o(.text.i2s_to_fs) for i2s_to_fs
    main.o(.text.main) refers to ff.o(.text.f_close) for f_close
    main.o(.text.main) refers to main.o(.text.Error_Handler) for Error_Handler
    main.o(.text.main) refers to stm32f7xx_hal_gpio.o(.text.HAL_GPIO_WritePin) for HAL_GPIO_WritePin
    main.o(.text.main) refers to stm32f7xx_hal_gpio.o(.text.HAL_GPIO_Init) for HAL_GPIO_Init
    main.o(.text.main) refers to stm32f7xx_hal_cortex.o(.text.HAL_NVIC_SetPriority) for HAL_NVIC_SetPriority
    main.o(.text.main) refers to stm32f7xx_hal_cortex.o(.text.HAL_NVIC_EnableIRQ) for HAL_NVIC_EnableIRQ
[...]
    [Anonymous Symbol]                       0x08002e14   Section        0  sd_diskio.o(.text.SD_CheckStatus)
    SD_FindSCR                               0x08002e31   Thumb Code   204  stm32f7xx_hal_sd.o(.text.SD_FindSCR)
    [Anonymous Symbol]                       0x08002e30   Section        0  stm32f7xx_hal_sd.o(.text.SD_FindSCR)
    [Anonymous Symbol]                       0x08002efc   Section        0  sd_diskio.o(.text.SD_initialize)
    [Anonymous Symbol]                       0x08002f14   Section        0  sd_diskio.o(.text.SD_ioctl)
    __arm_cp.4_0                             0x08002f60   Number         4  sd_diskio.o(.text.SD_ioctl)
    [Anonymous Symbol]                       0x08002f64   Section        0  sd_diskio.o(.text.SD_read)
    [Anonymous Symbol]                       0x08002f86   Section        0  sd_diskio.o(.text.SD_status)
    [Anonymous Symbol]                       0x08002f8a   Section        0  sd_diskio.o(.text.SD_write)
    [Anonymous Symbol]                       0x08002fac   Section        0  stm32f7xx_it.o(.text.SPI1_IRQHandler)
    __arm_cp.11_0                            0x08002fb4   Number         4  stm32f7xx_it.o(.text.SPI1_IRQHandler)
    [Anonymous Symbol]                       0x08002fb8   Section        0  stm32f7xx_it.o(.text.SVC_Handler)
    [Anonymous Symbol]                       0x08002fba   Section        0  stm32f7xx_it.o(.text.SysTick_Handler)
    [Anonymous Symbol]                       0x08002fc0   Section        0  main.o(.text.SystemClock_Config)
    __arm_cp.2_0                             0x08003088   Number         4  main.o(.text.SystemClock_Config)
    __arm_cp.2_1                             0x0800308c   Number         4  main.o(.text.SystemClock_Config)
    __arm_cp.2_2                             0x08003090   Number         4  main.o(.text.SystemClock_Config)
    [Anonymous Symbol]                       0x08003094   Section        0  system_stm32f7xx.o(.text.SystemInit)
    __arm_cp.0_0                             0x080030a0   Number         4  system_stm32f7xx.o(.text.SystemInit)
    [Anonymous Symbol]                       0x080030a4   Section        0  stm32f7xx_it.o(.text.UsageFault_Handler)
    __NVIC_SetPriority                       0x080030a9   Thumb Code    36  stm32f7xx_hal_cortex.o(.text.__NVIC_SetPriority)
    [Anonymous Symbol]                       0x080030a8   Section        0  stm32f7xx_hal_cortex.o(.text.__NVIC_SetPriority)
    __arm_cp.2_0                             0x080030c4   Number         4  stm32f7xx_hal_cortex.o(.text.__NVIC_SetPriority)
    __arm_cp.2_1                             0x080030c8   Number         4  stm32f7xx_hal_cortex.o(.text.__NVIC_SetPriority)
    [Anonymous Symbol]                       0x080030cc   Section        0  filteringfunctions.o(.text.arm_biquad_cascade_df1_f32)
    [Anonymous Symbol]                       0x08003184   Section        0  filteringfunctions.o(.text.arm_biquad_cascade_df1_init_f32)
    check_fs                                 0x0800319d   Thumb Code   108  ff.o(.text.check_fs)
    [Anonymous Symbol]                       0x0800319c   Section        0  ff.o(.text.check_fs)
    __arm_cp.52_0                            0x08003204   Number         4  ff.o(.text.check_fs)
    chk_chr                                  0x08003209   Thumb Code    14  ff.o(.text.chk_chr)
    [Anonymous Symbol]                       0x08003208   Section        0  ff.o(.text.chk_chr)
    chk_lock                                 0x08003219   Thumb Code    88  ff.o(.text.chk_lock)
    [Anonymous Symbol]                       0x08003218   Section        0  ff.o(.text.chk_lock)
    clear_lock                               0x08003271   Thumb Code    28  ff.o(.text.clear_lock)
    [Anonymous Symbol]                       0x08003270   Section        0  ff.o(.text.clear_lock)
    clmt_clust                               0x0800328d   Thumb Code    38  ff.o(.text.clmt_clust)
    [Anonymous Symbol]                       0x0800328c   Section        0  ff.o(.text.clmt_clust)
    clust2sect                               0x080032b3   Thumb Code    22  ff.o(.text.clust2sect)
    [Anonymous Symbol]                       0x080032b2   Section        0  ff.o(.text.clust2sect)
    create_chain                             0x080032c9   Thumb Code   190  ff.o(.text.create_chain)
    [Anonymous Symbol]                       0x080032c8   Section        0  ff.o(.text.create_chain)
    [Anonymous Symbol]                       0x08003388   Section        0  main.o(.text.create_stream_dir)
    __arm_cp.18_0                            0x080033fc   Number         4  main.o(.text.create_stream_dir)
    __arm_cp.18_1                            0x08003400   Number         4  main.o(.text.create_stream_dir)
    [Anonymous Symbol]                       0x08003404   Section        0  wav_file.o(.text.create_wav_fatfs)
    dec_lock                                 0x0800342d   Thumb Code    56  ff.o(.text.dec_lock)
    [Anonymous Symbol]                       0x0800342c   Section        0  ff.o(.text.dec_lock)
    __arm_cp.26_0                            0x08003460   Number         4  ff.o(.text.dec_lock)
    dir_find                                 0x08003465   Thumb Code   356  ff.o(.text.dir_find)
    [Anonymous Symbol]                       0x08003464   Section        0  ff.o(.text.dir_find)
    dir_next                                 0x080035c9   Thumb Code   280  ff.o(.text.dir_next)
    [Anonymous Symbol]                       0x080035c8   Section        0  ff.o(.text.dir_next)
    __arm_cp.31_0                            0x080036d4   Number         4  ff.o(.text.dir_next)
    __arm_cp.31_1                            0x080036d8   Number         4  ff.o(.text.dir_next)
    __arm_cp.31_2                            0x080036dc   Number         4  ff.o(.text.dir_next)
    dir_read                                 0x080036e1   Thumb Code   272  ff.o(.text.dir_read)
    [Anonymous Symbol]                       0x080036e0   Section        0  ff.o(.text.dir_read)
    __arm_cp.30_0                            0x080037ec   Number         4  ff.o(.text.dir_read)
    dir_register                             0x080037f1   Thumb Code   632  ff.o(.text.dir_register)
    [Anonymous Symbol]                       0x080037f0   Section        0  ff.o(.text.dir_register)
    __arm_cp.7_0                             0x08003a60   Number         4  ff.o(.text.dir_register)
    __arm_cp.7_1                             0x08003a64   Number         4  ff.o(.text.dir_register)
    dir_sdi                                  0x08003a69   Thumb Code   156  ff.o(.text.dir_sdi)
    [Anonymous Symbol]                       0x08003a68   Section        0  ff.o(.text.dir_sdi)
    __arm_cp.29_0                            0x08003b00   Number         4  ff.o(.text.dir_sdi)
    [Anonymous Symbol]                       0x08003b04   Section        0  diskio.o(.text.disk_initialize)
    [Anonymous Symbol]                       0x08003b24   Section        0  diskio.o(.text.disk_ioctl)
    [Anonymous Symbol]                       0x08003b40   Section        0  diskio.o(.text.disk_read)
    [Anonymous Symbol]                       0x08003b5c   Section        0  diskio.o(.text.disk_status)
    [Anonymous Symbol]                       0x08003b70   Section        0  diskio.o(.text.disk_write)
    __arm_cp.3_0                             0x08003b8c   Number         4  diskio.o(.text.disk_write)
    [Anonymous Symbol]                       0x08003b90   Section        0  ff.o(.text.f_chdir)
    [Anonymous Symbol]                       0x08003bde   Section        0  ff.o(.text.f_close)
    [Anonymous Symbol]                       0x08003c06   Section        0  ff.o(.text.f_closedir)
    [Anonymous Symbol]                       0x08003c26   Section        0  ff.o(.text.f_getcwd)
    [Anonymous Symbol]                       0x08003d2e   Section        0  ff.o(.text.f_lseek)
    [Anonymous Symbol]                       0x08003f26   Section        0  ff.o(.text.f_mkdir)
    [Anonymous Symbol]                       0x08004098   Section        0  ff.o(.text.f_mount)
    __arm_cp.0_0                             0x080040e4   Number         4  ff.o(.text.f_mount)
    [Anonymous Symbol]                       0x080040e8   Section        0  ff.o(.text.f_open)
    __arm_cp.4_0                             0x0800432c   Number         4  ff.o(.text.f_open)
    [Anonymous Symbol]                       0x08004330   Section        0  ff.o(.text.f_opendir)
    [Anonymous Symbol]                       0x080043b2   Section        0  ff.o(.text.f_read)
    [Anonymous Symbol]                       0x08004522   Section        0  ff.o(.text.f_sync)
    [Anonymous Symbol]                       0x080045b0   Section        0  ff.o(.text.f_write)
    [Anonymous Symbol]                       0x08004744   Section        0  ccsbcs.o(.text.ff_convert)
    __arm_cp.0_0                             0x08004780   Number         4  ccsbcs.o(.text.ff_convert)
    [Anonymous Symbol]                       0x08004784   Section        0  ccsbcs.o(.text.ff_wtoupper)
    __arm_cp.1_0                             0x080047fc   Number         4  ccsbcs.o(.text.ff_wtoupper)
    __arm_cp.1_1                             0x08004800   Number         4  ccsbcs.o(.text.ff_wtoupper)
    find_volume                              0x08004805   Thumb Code   624  ff.o(.text.find_volume)
    [Anonymous Symbol]                       0x08004804   Section        0  ff.o(.text.find_volume)
    __arm_cp.3_0                             0x08004a64   Number         4  ff.o(.text.find_volume)
    __arm_cp.3_1                             0x08004a68   Number         4  ff.o(.text.find_volume)
    __arm_cp.3_2                             0x08004a6c   Number         4  ff.o(.text.find_volume)
    __arm_cp.3_3                             0x08004a70   Number         4  ff.o(.text.find_volume)
    follow_path                              0x08004a75   Thumb Code   780  ff.o(.text.follow_path)
    [Anonymous Symbol]                       0x08004a74   Section        0  ff.o(.text.follow_path)
    __arm_cp.5_1                             0x08004d74   Number         4  ff.o(.text.follow_path)
    get_fat                                  0x08004d81   Thumb Code   172  ff.o(.text.get_fat)
    [Anonymous Symbol]                       0x08004d80   Section        0  ff.o(.text.get_fat)
    [Anonymous Symbol]                       0x08004e2c   Section        0  fatfs.o(.text.get_fattime)
    get_fileinfo                             0x08004e31   Thumb Code   258  ff.o(.text.get_fileinfo)
    [Anonymous Symbol]                       0x08004e30   Section        0  ff.o(.text.get_fileinfo)
    get_ldnumber                             0x08004f33   Thumb Code    62  ff.o(.text.get_ldnumber)
    [Anonymous Symbol]                       0x08004f32   Section        0  ff.o(.text.get_ldnumber)
    [Anonymous Symbol]                       0x08004f70   Section        0  main.o(.text.i2s_to_fs)
    __arm_cp.16_0                            0x08005090   Number         4  main.o(.text.i2s_to_fs)
    __arm_cp.16_1                            0x08005094   Number         4  main.o(.text.i2s_to_fs)
    __arm_cp.16_2                            0x08005098   Number         4  main.o(.text.i2s_to_fs)
    __arm_cp.16_3                            0x0800509c   Number         4  main.o(.text.i2s_to_fs)
    __arm_cp.16_4                            0x080050a0   Number         4  main.o(.text.i2s_to_fs)
    __arm_cp.16_5                            0x080050a4   Number         4  main.o(.text.i2s_to_fs)
    __arm_cp.16_6                            0x080050a8   Number         4  main.o(.text.i2s_to_fs)
    __arm_cp.16_7                            0x080050ac   Number         4  main.o(.text.i2s_to_fs)
    inc_lock                                 0x080050b1   Thumb Code   112  ff.o(.text.inc_lock)
    [Anonymous Symbol]                       0x080050b0   Section        0  ff.o(.text.inc_lock)
    __arm_cp.13_0                            0x0800511c   Number         4  ff.o(.text.inc_lock)
    [Anonymous Symbol]                       0x08005120   Section        0  main.o(.text.indicate_err)
    [Anonymous Symbol]                       0x08005150   Section        0  main.o(.text.indicate_ready)
    [Anonymous Symbol]                       0x0800515c   Section        0  main.o(.text.indicate_stop)
    [Anonymous Symbol]                       0x0800518c   Section        0  main.o(.text.indicate_success)
    __arm_cp.11_0                            0x080051c0   Number         4  main.o(.text.indicate_success)
    [Anonymous Symbol]                       0x080051c4   Section        0  wav_file.o(.text.init_default)
    __arm_cp.0_0                             0x080051f8   Number         4  wav_file.o(.text.init_default)
    __arm_cp.0_1                             0x080051fc   Number         4  wav_file.o(.text.init_default)
    __arm_cp.0_2                             0x08005200   Number         4  wav_file.o(.text.init_default)
    __arm_cp.0_3                             0x08005204   Number         4  wav_file.o(.text.init_default)
    __arm_cp.0_4                             0x08005208   Number         4  wav_file.o(.text.init_default)
    __arm_cp.0_5                             0x0800520c   Number         4  wav_file.o(.text.init_default)
    ld_clust                                 0x08005211   Thumb Code    24  ff.o(.text.ld_clust)
    [Anonymous Symbol]                       0x08005210   Section        0  ff.o(.text.ld_clust)
    ld_dword                                 0x08005229   Thumb Code     4  ff.o(.text.ld_dword)
    [Anonymous Symbol]                       0x08005228   Section        0  ff.o(.text.ld_dword)
    [Anonymous Symbol]                       0x0800522c   Section        0  main.o(.text.main)
    __arm_cp.1_0                             0x08005584   Number         4  main.o(.text.main)
    __arm_cp.1_1                             0x08005588   Number         4  main.o(.text.main)
    __arm_cp.1_2                             0x0800558c   Number         4  main.o(.text.main)
    __arm_cp.1_3                             0x08005590   Number         4  main.o(.text.main)
    __arm_cp.1_4                             0x08005594   Number         4  main.o(.text.main)
    __arm_cp.1_5                             0x08005598   Number         4  main.o(.text.main)
    __arm_cp.1_6                             0x0800559c   Number         4  main.o(.text.main)
    __arm_cp.1_7                             0x080055a0   Number         4  main.o(.text.main)
    __arm_cp.1_8                             0x080055a4   Number         4  main.o(.text.main)
    __arm_cp.1_9                             0x080055a8   Number         4  main.o(.text.main)
    __arm_cp.1_10                            0x080055ac   Number         4  main.o(.text.main)
    __arm_cp.1_11                            0x080055b0   Number         4  main.o(.text.main)
    __arm_cp.1_12                            0x080055b4   Number         4  main.o(.text.main)
    __arm_cp.1_13                            0x080055b8   Number         4  main.o(.text.main)
    mem_cpy                                  0x080055bd   Thumb Code    16  ff.o(.text.mem_cpy)
    [Anonymous Symbol]                       0x080055bc   Section        0  ff.o(.text.mem_cpy)
    move_window                              0x080055cd   Thumb Code    56  ff.o(.text.move_window)
    [Anonymous Symbol]                       0x080055cc   Section        0  ff.o(.text.move_window)
    put_fat                                  0x08005605   Thumb Code   228  ff.o(.text.put_fat)
    [Anonymous Symbol]                       0x08005604   Section        0  ff.o(.text.put_fat)
    remove_chain                             0x080056e9   Thumb Code   112  ff.o(.text.remove_chain)
    [Anonymous Symbol]                       0x080056e8   Section        0  ff.o(.text.remove_chain)
    st_clust                                 0x08005759   Thumb Code    18  ff.o(.text.st_clust)
    [Anonymous Symbol]                       0x08005758   Section        0  ff.o(.text.st_clust)
    st_dword                                 0x0800576b   Thumb Code     4  ff.o(.text.st_dword)
    [Anonymous Symbol]                       0x0800576a   Section        0  ff.o(.text.st_dword)
    [Anonymous Symbol]                       0x08005770   Section        0  main.o(.text.start_recording)
    __arm_cp.15_0                            0x0800582c   Number         4  main.o(.text.start_recording)
    __arm_cp.15_1                            0x08005830   Number         4  main.o(.text.start_recording)
    __arm_cp.15_3                            0x08005844   Number         4  main.o(.text.start_recording)
    __arm_cp.15_5                            0x08005848   Number         4  main.o(.text.start_recording)
    __arm_cp.15_6                            0x0800584c   Number         4  main.o(.text.start_recording)
    __arm_cp.15_7                            0x08005850   Number         4  main.o(.text.start_recording)
    [Anonymous Symbol]                       0x08005854   Section        0  main.o(.text.stop_recording)
    __arm_cp.14_0                            0x08005880   Number         4  main.o(.text.stop_recording)
    __arm_cp.14_1                            0x08005884   Number         4  main.o(.text.stop_recording)
    sum_sfn                                  0x08005889   Thumb Code    28  ff.o(.text.sum_sfn)
    [Anonymous Symbol]                       0x08005888   Section        0  ff.o(.text.sum_sfn)
    sync_fs                                  0x080058a5   Thumb Code   136  ff.o(.text.sync_fs)
    [Anonymous Symbol]                       0x080058a4   Section        0  ff.o(.text.sync_fs)
    __arm_cp.24_0                            0x08005924   Number         4  ff.o(.text.sync_fs)
    __arm_cp.24_1                            0x08005928   Number         4  ff.o(.text.sync_fs)
    sync_window                              0x0800592d   Thumb Code    76  ff.o(.text.sync_window)
    [Anonymous Symbol]                       0x0800592c   Section        0  ff.o(.text.sync_window)
    validate                                 0x08005979   Thumb Code    48  ff.o(.text.validate)
    [Anonymous Symbol]                       0x08005978   Section        0  ff.o(.text.validate)
    [Anonymous Symbol]                       0x080059a8   Section        0  wav_file.o(.text.write_pcm_data)
    __arm_cp.3_0                             0x08005a8c   Number         4  wav_file.o(.text.write_pcm_data)
    __arm_cp.3_1                             0x08005a90   Number         4  wav_file.o(.text.write_pcm_data)
    i.__0sprintf$1                           0x08005a94   Section        0  printf1.o(i.__0sprintf$1)
    i.__scatterload_copy                     0x08005abc   Section       14  handlers.o(i.__scatterload_copy)
    i.__scatterload_null                     0x08005aca   Section        2  handlers.o(i.__scatterload_null)
    i.__scatterload_zeroinit                 0x08005acc   Section       14  handlers.o(i.__scatterload_zeroinit)
    _printf_core                             0x08005add   Thumb Code   336  printf1.o(i._printf_core)
    i._printf_core                           0x08005adc   Section        0  printf1.o(i._printf_core)
    _sputc                                   0x08005c31   Thumb Code    10  printf1.o(i._sputc)
    i._sputc                                 0x08005c30   Section        0  printf1.o(i._sputc)
    ExCvt                                    0x08005c4a   Data         128  ff.o(.rodata.ExCvt)
    [Anonymous Symbol]                       0x08005c4a   Section        0  ff.o(.rodata.ExCvt)
    LfnOfs                                   0x08005cca   Data          13  ff.o(.rodata.LfnOfs)
    [Anonymous Symbol]                       0x08005cca   Section        0  ff.o(.rodata.LfnOfs)
    Tbl                                      0x08005cec   Data         256  ccsbcs.o(.rodata.Tbl)
    [Anonymous Symbol]                       0x08005cec   Section        0  ccsbcs.o(.rodata.Tbl)
    .L.str.6                                 0x08005dec   Data           2  main.o(.rodata.str1.1)
    [Anonymous Symbol]                       0x08005dec   Section        0  main.o(.rodata.str1.1)
    .L.str.2                                 0x08005dee   Data           3  main.o(.rodata.str1.1)
    ff_wtoupper.cvt2                         0x08005df2   Data         188  ccsbcs.o(.rodata.str2.2)
    [Anonymous Symbol]                       0x08005df2   Section        0  ccsbcs.o(.rodata.str2.2)
    ff_wtoupper.cvt1                         0x08005eae   Data         498  ccsbcs.o(.rodata.str2.2)
    [Anonymous Symbol]                       0x20000000   Section        0  main.o(.data..L_MergedGlobals)
    [Anonymous Symbol]                       0x20000018   Section        0  stm32f7xx_hal.o(.data..L_MergedGlobals)
    Stat                                     0x20000020   Data           1  sd_diskio.o(.data.Stat)
    [Anonymous Symbol]                       0x20000020   Section        0  sd_diskio.o(.data.Stat)
    write_pcm_data.pcm_write_cnt             0x20000030   Data           4  wav_file.o(.bss..L_MergedGlobals)
    [Anonymous Symbol]                       0x20000030   Section        0  wav_file.o(.bss..L_MergedGlobals)
    write_pcm_data.pcm_err_cnt               0x20000034   Data           4  wav_file.o(.bss..L_MergedGlobals)
    [Anonymous Symbol]                       0x20000038   Section        0  fatfs.o(.bss..L_MergedGlobals)
    Fsid                                     0x20000040   Data           2  ff.o(.bss..L_MergedGlobals)
    [Anonymous Symbol]                       0x20000040   Section        0  ff.o(.bss..L_MergedGlobals)
    FatFs                                    0x20000044   Data           4  ff.o(.bss..L_MergedGlobals)
    [Anonymous Symbol]                       0x20000048   Section        0  main.o(.bss..L_MergedGlobals.7)
    i2s_to_fs.reopen_cnt                     0x20000074   Data           4  main.o(.bss..L_MergedGlobals.7)
    [Anonymous Symbol]                       0x200000c0   Section        0  main.o(.bss..L_MergedGlobals.8)
    Files                                    0x20000134   Data          32  ff.o(.bss.Files)
    [Anonymous Symbol]                       0x20000134   Section        0  ff.o(.bss.Files)
    LfnBuf                                   0x20000154   Data         512  ff.o(.bss.LfnBuf)
    [Anonymous Symbol]                       0x20000154   Section        0  ff.o(.bss.LfnBuf)
    STACK                                    0x2004e980   Section     2048  startup_stm32f746xx.o(STACK)

    Global Symbols

    Symbol Name                              Value     Ov Type        Size  Object(Section)

    BuildAttributes$$THM_ISAv4$E$P$D$K$B$S$7EM$VFPi5$EXTD16$VFPS$VFMA$PE$PLD8$A:L22UL41UL21$X:L11$S22US41US21$IEEE1$IW$~IW$USESV6$~STKCKD$USESV7$~SHL$OTIME$ROPI$IEEEJ$EBA8$MICROLIB$REQ8$PRES8$EABIv2 0x00000000   Number         0  anon$$obj.o ABSOLUTE
    _printf_a                                0x00000000   Number         0  printfstubs.o ABSOLUTE
    _printf_c                                0x00000000   Number         0  printfstubs.o ABSOLUTE
    _printf_charcount                        0x00000000   Number         0  printfstubs.o ABSOLUTE
    _printf_d                                0x00000000   Number         0  printfstubs.o ABSOLUTE
    _printf_e                                0x00000000   Number         0  printfstubs.o ABSOLUTE
    _printf_f                                0x00000000   Number         0  printfstubs.o ABSOLUTE
    _printf_flags                            0x00000000   Number         0  printfstubs.o ABSOLUTE
    _printf_fp_dec                           0x00000000   Number         0  printfstubs.o ABSOLUTE
    _printf_fp_hex                           0x00000000   Number         0  printfstubs.o ABSOLUTE
    _printf_g                                0x00000000   Number         0  printfstubs.o ABSOLUTE
    _printf_i                                0x00000000   Number         0  printfstubs.o ABSOLUTE
    _printf_int_dec                          0x00000000   Number         0  printfstubs.o ABSOLUTE
    _printf_l                                0x00000000   Number         0  printfstubs.o ABSOLUTE
    _printf_lc                               0x00000000   Number         0  printfstubs.o ABSOLUTE
    _printf_ll                               0x00000000   Number         0  printfstubs.o ABSOLUTE
    _printf_lld                              0x00000000   Number         0  printfstubs.o ABSOLUTE
    _printf_lli                              0x00000000   Number         0  printfstubs.o ABSOLUTE
    _printf_llo                              0x00000000   Number         0  printfstubs.o ABSOLUTE
    _printf_llu                              0x00000000   Number         0  printfstubs.o ABSOLUTE
    _printf_llx                              0x00000000   Number         0  printfstubs.o ABSOLUTE
    _printf_longlong_dec                     0x00000000   Number         0  printfstubs.o ABSOLUTE
    _printf_longlong_hex                     0x00000000   Number         0  printfstubs.o ABSOLUTE
    _printf_longlong_oct                     0x00000000   Number         0  printfstubs.o ABSOLUTE
    _printf_ls                               0x00000000   Number         0  printfstubs.o ABSOLUTE
    _printf_mbtowc                           0x00000000   Number         0  printfstubs.o ABSOLUTE
    _printf_n                                0x00000000   Number         0  printfstubs.o ABSOLUTE
    _printf_o                                0x00000000   Number         0  printfstubs.o ABSOLUTE
    _printf_p                                0x00000000   Number         0  printfstubs.o ABSOLUTE
    _printf_percent                          0x00000000   Number         0  printfstubs.o ABSOLUTE
    _printf_pre_padding                      0x00000000   Number         0  printfstubs.o ABSOLUTE
    _printf_return_value                     0x00000000   Number         0  printfstubs.o ABSOLUTE
    _printf_s                                0x00000000   Number         0  printfstubs.o ABSOLUTE
    _printf_sizespec                         0x00000000   Number         0  printfstubs.o ABSOLUTE
    _printf_str                              0x00000000   Number         0  printfstubs.o ABSOLUTE
    _printf_truncate_signed                  0x00000000   Number         0  printfstubs.o ABSOLUTE
    _printf_truncate_unsigned                0x00000000   Number         0  printfstubs.o ABSOLUTE
    _printf_u                                0x00000000   Number         0  printfstubs.o ABSOLUTE
    _printf_wc                               0x00000000   Number         0  printfstubs.o ABSOLUTE
    _printf_wctomb                           0x00000000   Number         0  printfstubs.o ABSOLUTE
    _printf_widthprec                        0x00000000   Number         0  printfstubs.o ABSOLUTE
    _printf_x                                0x00000000   Number         0  printfstubs.o ABSOLUTE
    __cpp_initialize__aeabi_                  - Undefined Weak Reference
    __cxa_finalize                            - Undefined Weak Reference
    __decompress                              - Undefined Weak Reference
    _clock_init                               - Undefined Weak Reference
    _microlib_exit                            - Undefined Weak Reference
    __Vectors_Size                           0x000001c8   Number         0  startup_stm32f746xx.o ABSOLUTE
    __Vectors                                0x08000000   Data           4  startup_stm32f746xx.o(RESET)
    __Vectors_End                            0x080001c8   Data           0  startup_stm32f746xx.o(RESET)
    __main                                   0x080001c9   Thumb Code     0  entry.o(.ARM.Collect$$$$00000000)
    _main_stk                                0x080001c9   Thumb Code     0  entry2.o(.ARM.Collect$$$$00000001)
    _main_scatterload                        0x080001cd   Thumb Code     0  entry5.o(.ARM.Collect$$$$00000004)
    __main_after_scatterload                 0x080001d1   Thumb Code     0  entry5.o(.ARM.Collect$$$$00000004)
    _main_clock                              0x080001d1   Thumb Code     0  entry7b.o(.ARM.Collect$$$$00000008)
    _main_cpp_init                           0x080001d1   Thumb Code     0  entry8b.o(.ARM.Collect$$$$0000000A)
    _main_init                               0x080001d1   Thumb Code     0  entry9a.o(.ARM.Collect$$$$0000000B)
    __rt_final_cpp                           0x080001d9   Thumb Code     0  entry10a.o(.ARM.Collect$$$$0000000D)
    __rt_final_exit                          0x080001d9   Thumb Code     0  entry11a.o(.ARM.Collect$$$$0000000F)
    Reset_Handler                            0x080001dd   Thumb Code     8  startup_stm32f746xx.o(.text)
    ADC_IRQHandler                           0x080001f7   Thumb Code     0  startup_stm32f746xx.o(.text)
    CAN1_RX0_IRQHandler                      0x080001f7   Thumb Code     0  startup_stm32f746xx.o(.text)
    CAN1_RX1_IRQHandler                      0x080001f7   Thumb Code     0  startup_stm32f746xx.o(.text)
    CAN1_SCE_IRQHandler                      0x080001f7   Thumb Code     0  startup_stm32f746xx.o(.text)
    CAN1_TX_IRQHandler                       0x080001f7   Thumb Code     0  startup_stm32f746xx.o(.text)
    CAN2_RX0_IRQHandler                      0x080001f7   Thumb Code     0  startup_stm32f746xx.o(.text)
    CAN2_RX1_IRQHandler                      0x080001f7   Thumb Code     0  startup_stm32f746xx.o(.text)
    CAN2_SCE_IRQHandler                      0x080001f7   Thumb Code     0  startup_stm32f746xx.o(.text)
    CAN2_TX_IRQHandler                       0x080001f7   Thumb Code     0  startup_stm32f746xx.o(.text)
    CEC_IRQHandler                           0x080001f7   Thumb Code     0  startup_stm32f746xx.o(.text)
    DCMI_IRQHandler                          0x080001f7   Thumb Code     0  startup_stm32f746xx.o(.text)
    DMA1_Stream0_IRQHandler                  0x080001f7   Thumb Code     0  startup_stm32f746xx.o(.text)
    DMA1_Stream1_IRQHandler                  0x080001f7   Thumb Code     0  startup_stm32f746xx.o(.text)
    DMA1_Stream2_IRQHandler                  0x080001f7   Thumb Code     0  startup_stm32f746xx.o(.text)
    DMA1_Stream3_IRQHandler                  0x080001f7   Thumb Code     0  startup_stm32f746xx.o(.text)
    DMA1_Stream4_IRQHandler                  0x080001f7   Thumb Code     0  startup_stm32f746xx.o(.text)
    DMA1_Stream5_IRQHandler                  0x080001f7   Thumb Code     0  startup_stm32f746xx.o(.text)
    DMA1_Stream6_IRQHandler                  0x080001f7   Thumb Code     0  startup_stm32f746xx.o(.text)
    DMA1_Stream7_IRQHandler                  0x080001f7   Thumb Code     0  startup_stm32f746xx.o(.text)
    DMA2D_IRQHandler                         0x080001f7   Thumb Code     0  startup_stm32f746xx.o(.text)
    DMA2_Stream1_IRQHandler                  0x080001f7   Thumb Code     0  startup_stm32f746xx.o(.text)
    DMA2_Stream2_IRQHandler                  0x080001f7   Thumb Code     0  startup_stm32f746xx.o(.text)
    DMA2_Stream3_IRQHandler                  0x080001f7   Thumb Code     0  startup_stm32f746xx.o(.text)
    DMA2_Stream4_IRQHandler                  0x080001f7   Thumb Code     0  startup_stm32f746xx.o(.text)
    DMA2_Stream5_IRQHandler                  0x080001f7   Thumb Code     0  startup_stm32f746xx.o(.text)
    DMA2_Stream6_IRQHandler                  0x080001f7   Thumb Code     0  startup_stm32f746xx.o(.text)
    DMA2_Stream7_IRQHandler                  0x080001f7   Thumb Code     0  startup_stm32f746xx.o(.text)
    ETH_IRQHandler                           0x080001f7   Thumb Code     0  startup_stm32f746xx.o(.text)
    ETH_WKUP_IRQHandler                      0x080001f7   Thumb Code     0  startup_stm32f746xx.o(.text)
    EXTI0_IRQHandler                         0x080001f7   Thumb Code     0  startup_stm32f746xx.o(.text)
    EXTI15_10_IRQHandler                     0x080001f7   Thumb Code     0  startup_stm32f746xx.o(.text)
    EXTI1_IRQHandler                         0x080001f7   Thumb Code     0  startup_stm32f746xx.o(.text)
    EXTI4_IRQHandler                         0x080001f7   Thumb Code     0  startup_stm32f746xx.o(.text)
    EXTI9_5_IRQHandler                       0x080001f7   Thumb Code     0  startup_stm32f746xx.o(.text)
    FLASH_IRQHandler                         0x080001f7   Thumb Code     0  startup_stm32f746xx.o(.text)
    FMC_IRQHandler                           0x080001f7   Thumb Code     0  startup_stm32f746xx.o(.text)
    FPU_IRQHandler                           0x080001f7   Thumb Code     0  startup_stm32f746xx.o(.text)
    I2C1_ER_IRQHandler                       0x080001f7   Thumb Code     0  startup_stm32f746xx.o(.text)
    I2C1_EV_IRQHandler                       0x080001f7   Thumb Code     0  startup_stm32f746xx.o(.text)
    I2C2_ER_IRQHandler                       0x080001f7   Thumb Code     0  startup_stm32f746xx.o(.text)
    I2C2_EV_IRQHandler                       0x080001f7   Thumb Code     0  startup_stm32f746xx.o(.text)
    I2C3_ER_IRQHandler                       0x080001f7   Thumb Code     0  startup_stm32f746xx.o(.text)
    I2C3_EV_IRQHandler                       0x080001f7   Thumb Code     0  startup_stm32f746xx.o(.text)
    I2C4_ER_IRQHandler                       0x080001f7   Thumb Code     0  startup_stm32f746xx.o(.text)
    I2C4_EV_IRQHandler                       0x080001f7   Thumb Code     0  startup_stm32f746xx.o(.text)
    LPTIM1_IRQHandler                        0x080001f7   Thumb Code     0  startup_stm32f746xx.o(.text)
    LTDC_ER_IRQHandler                       0x080001f7   Thumb Code     0  startup_stm32f746xx.o(.text)
    LTDC_IRQHandler                          0x080001f7   Thumb Code     0  startup_stm32f746xx.o(.text)
    OTG_FS_IRQHandler                        0x080001f7   Thumb Code     0  startup_stm32f746xx.o(.text)
    OTG_FS_WKUP_IRQHandler                   0x080001f7   Thumb Code     0  startup_stm32f746xx.o(.text)
    OTG_HS_EP1_IN_IRQHandler                 0x080001f7   Thumb Code     0  startup_stm32f746xx.o(.text)
    OTG_HS_EP1_OUT_IRQHandler                0x080001f7   Thumb Code     0  startup_stm32f746xx.o(.text)
    OTG_HS_IRQHandler                        0x080001f7   Thumb Code     0  startup_stm32f746xx.o(.text)
    OTG_HS_WKUP_IRQHandler                   0x080001f7   Thumb Code     0  startup_stm32f746xx.o(.text)
    PVD_IRQHandler                           0x080001f7   Thumb Code     0  startup_stm32f746xx.o(.text)
    QUADSPI_IRQHandler                       0x080001f7   Thumb Code     0  startup_stm32f746xx.o(.text)
    RCC_IRQHandler                           0x080001f7   Thumb Code     0  startup_stm32f746xx.o(.text)
    RNG_IRQHandler                           0x080001f7   Thumb Code     0  startup_stm32f746xx.o(.text)
    RTC_Alarm_IRQHandler                     0x080001f7   Thumb Code     0  startup_stm32f746xx.o(.text)
    RTC_WKUP_IRQHandler                      0x080001f7   Thumb Code     0  startup_stm32f746xx.o(.text)
    SAI1_IRQHandler                          0x080001f7   Thumb Code     0  startup_stm32f746xx.o(.text)
    SAI2_IRQHandler                          0x080001f7   Thumb Code     0  startup_stm32f746xx.o(.text)
    SDMMC1_IRQHandler                        0x080001f7   Thumb Code     0  startup_stm32f746xx.o(.text)
    SPDIF_RX_IRQHandler                      0x080001f7   Thumb Code     0  startup_stm32f746xx.o(.text)
    SPI2_IRQHandler                          0x080001f7   Thumb Code     0  startup_stm32f746xx.o(.text)
    SPI3_IRQHandler                          0x080001f7   Thumb Code     0  startup_stm32f746xx.o(.text)
    SPI4_IRQHandler                          0x080001f7   Thumb Code     0  startup_stm32f746xx.o(.text)
    SPI5_IRQHandler                          0x080001f7   Thumb Code     0  startup_stm32f746xx.o(.text)
    SPI6_IRQHandler                          0x080001f7   Thumb Code     0  startup_stm32f746xx.o(.text)
    TAMP_STAMP_IRQHandler                    0x080001f7   Thumb Code     0  startup_stm32f746xx.o(.text)
    TIM1_BRK_TIM9_IRQHandler                 0x080001f7   Thumb Code     0  startup_stm32f746xx.o(.text)
    TIM1_CC_IRQHandler                       0x080001f7   Thumb Code     0  startup_stm32f746xx.o(.text)
    TIM1_TRG_COM_TIM11_IRQHandler            0x080001f7   Thumb Code     0  startup_stm32f746xx.o(.text)
    TIM1_UP_TIM10_IRQHandler                 0x080001f7   Thumb Code     0  startup_stm32f746xx.o(.text)
    TIM2_IRQHandler                          0x080001f7   Thumb Code     0  startup_stm32f746xx.o(.text)
    TIM3_IRQHandler                          0x080001f7   Thumb Code     0  startup_stm32f746xx.o(.text)
    TIM4_IRQHandler                          0x080001f7   Thumb Code     0  startup_stm32f746xx.o(.text)
    TIM5_IRQHandler                          0x080001f7   Thumb Code     0  startup_stm32f746xx.o(.text)
    TIM6_DAC_IRQHandler                      0x080001f7   Thumb Code     0  startup_stm32f746xx.o(.text)
    TIM7_IRQHandler                          0x080001f7   Thumb Code     0  startup_stm32f746xx.o(.text)
    TIM8_BRK_TIM12_IRQHandler                0x080001f7   Thumb Code     0  startup_stm32f746xx.o(.text)
    TIM8_CC_IRQHandler                       0x080001f7   Thumb Code     0  startup_stm32f746xx.o(.text)
    TIM8_TRG_COM_TIM14_IRQHandler            0x080001f7   Thumb Code     0  startup_stm32f746xx.o(.text)
    TIM8_UP_TIM13_IRQHandler                 0x080001f7   Thumb Code     0  startup_stm32f746xx.o(.text)
    UART4_IRQHandler                         0x080001f7   Thumb Code     0  startup_stm32f746xx.o(.text)
    UART5_IRQHandler                         0x080001f7   Thumb Code     0  startup_stm32f746xx.o(.text)
    UART7_IRQHandler                         0x080001f7   Thumb Code     0  startup_stm32f746xx.o(.text)
    UART8_IRQHandler                         0x080001f7   Thumb Code     0  startup_stm32f746xx.o(.text)
    USART1_IRQHandler                        0x080001f7   Thumb Code     0  startup_stm32f746xx.o(.text)
    USART2_IRQHandler                        0x080001f7   Thumb Code     0  startup_stm32f746xx.o(.text)
    USART3_IRQHandler                        0x080001f7   Thumb Code     0  startup_stm32f746xx.o(.text)
    USART6_IRQHandler                        0x080001f7   Thumb Code     0  startup_stm32f746xx.o(.text)
    WWDG_IRQHandler                          0x080001f7   Thumb Code     0  startup_stm32f746xx.o(.text)
    __aeabi_uldivmod                         0x08000201   Thumb Code    98  uldiv.o(.text)
    __aeabi_llsl                             0x08000263   Thumb Code    30  llshl.o(.text)
    _ll_shift_l                              0x08000263   Thumb Code     0  llshl.o(.text)
    __aeabi_memcpy                           0x08000281   Thumb Code    36  memcpya.o(.text)
    __aeabi_memcpy4                          0x08000281   Thumb Code     0  memcpya.o(.text)
    __aeabi_memcpy8                          0x08000281   Thumb Code     0  memcpya.o(.text)
    __aeabi_memset                           0x080002a5   Thumb Code    14  memseta.o(.text)
    __aeabi_memset4                          0x080002a5   Thumb Code     0  memseta.o(.text)
    __aeabi_memset8                          0x080002a5   Thumb Code     0  memseta.o(.text)
    __aeabi_memclr                           0x080002b3   Thumb Code     4  memseta.o(.text)
    __aeabi_memclr4                          0x080002b3   Thumb Code     0  memseta.o(.text)
    __aeabi_memclr8                          0x080002b3   Thumb Code     0  memseta.o(.text)
    _memset$wrapper                          0x080002b7   Thumb Code    18  memseta.o(.text)
    strlen                                   0x080002c9   Thumb Code    14  strlen.o(.text)
    __aeabi_uidiv                            0x080002d7   Thumb Code     0  uidiv.o(.text)
    __aeabi_uidivmod                         0x080002d7   Thumb Code    44  uidiv.o(.text)
    __aeabi_llsr                             0x08000303   Thumb Code    32  llushr.o(.text)
    _ll_ushift_r                             0x08000303   Thumb Code     0  llushr.o(.text)
    __scatterload                            0x08000325   Thumb Code    28  init.o(.text)
    __scatterload_rt2                        0x08000325   Thumb Code     0  init.o(.text)
    BSP_PlatformIsDetected                   0x08000349   Thumb Code    24  fatfs_platform.o(.text.BSP_PlatformIsDetected)
    BSP_SD_GetCardInfo                       0x08000361   Thumb Code     8  bsp_driver_sd.o(.text.BSP_SD_GetCardInfo)
    BSP_SD_GetCardState                      0x08000369   Thumb Code    16  bsp_driver_sd.o(.text.BSP_SD_GetCardState)
    BSP_SD_Init                              0x08000379   Thumb Code    44  bsp_driver_sd.o(.text.BSP_SD_Init)
    BSP_SD_IsDetected                        0x080003a5   Thumb Code    26  bsp_driver_sd.o(.text.BSP_SD_IsDetected)
    BSP_SD_ReadBlocks                        0x080003c1   Thumb Code    28  bsp_driver_sd.o(.text.BSP_SD_ReadBlocks)
    BSP_SD_WriteBlocks                       0x080003dd   Thumb Code    32  bsp_driver_sd.o(.text.BSP_SD_WriteBlocks)
    BusFault_Handler                         0x080003fd   Thumb Code     2  stm32f7xx_it.o(.text.BusFault_Handler)
    DMA2_Stream0_IRQHandler                  0x08000401   Thumb Code    12  stm32f7xx_it.o(.text.DMA2_Stream0_IRQHandler)
    DebugMon_Handler                         0x08000463   Thumb Code     2  stm32f7xx_it.o(.text.DebugMon_Handler)
    EXTI2_IRQHandler                         0x08000465   Thumb Code     6  stm32f7xx_it.o(.text.EXTI2_IRQHandler)
    EXTI3_IRQHandler                         0x0800046b   Thumb Code     6  stm32f7xx_it.o(.text.EXTI3_IRQHandler)
    Error_Handler                            0x08000471   Thumb Code     6  main.o(.text.Error_Handler)
    FATFS_LinkDriver                         0x08000477   Thumb Code     6  ff_gen_drv.o(.text.FATFS_LinkDriver)
    FATFS_LinkDriverEx                       0x0800047d   Thumb Code    60  ff_gen_drv.o(.text.FATFS_LinkDriverEx)
    HAL_DMA_Abort                            0x080004b9   Thumb Code   138  stm32f7xx_hal_dma.o(.text.HAL_DMA_Abort)
    HAL_DMA_DeInit                           0x08000543   Thumb Code    88  stm32f7xx_hal_dma.o(.text.HAL_DMA_DeInit)
    HAL_DMA_IRQHandler                       0x0800059d   Thumb Code   368  stm32f7xx_hal_dma.o(.text.HAL_DMA_IRQHandler)
    HAL_DMA_Init                             0x0800070d   Thumb Code   284  stm32f7xx_hal_dma.o(.text.HAL_DMA_Init)
    HAL_DMA_Start_IT                         0x08000829   Thumb Code   106  stm32f7xx_hal_dma.o(.text.HAL_DMA_Start_IT)
    HAL_Delay                                0x08000895   Thumb Code    36  stm32f7xx_hal.o(.text.HAL_Delay)
    HAL_GPIO_DeInit                          0x080008b9   Thumb Code   212  stm32f7xx_hal_gpio.o(.text.HAL_GPIO_DeInit)
    HAL_GPIO_EXTI_Callback                   0x0800098d   Thumb Code   244  main.o(.text.HAL_GPIO_EXTI_Callback)
    HAL_GPIO_EXTI_IRQHandler                 0x08000a81   Thumb Code    20  stm32f7xx_hal_gpio.o(.text.HAL_GPIO_EXTI_IRQHandler)
    HAL_GPIO_Init                            0x08000a95   Thumb Code   404  stm32f7xx_hal_gpio.o(.text.HAL_GPIO_Init)
    HAL_GPIO_ReadPin                         0x08000c29   Thumb Code    10  stm32f7xx_hal_gpio.o(.text.HAL_GPIO_ReadPin)
    HAL_GPIO_WritePin                        0x08000c33   Thumb Code    10  stm32f7xx_hal_gpio.o(.text.HAL_GPIO_WritePin)
    HAL_GetTick                              0x08000c3d   Thumb Code    12  stm32f7xx_hal.o(.text.HAL_GetTick)
    HAL_I2S_DMAStop                          0x08000c49   Thumb Code   230  stm32f7xx_hal_i2s.o(.text.HAL_I2S_DMAStop)
    HAL_I2S_DeInit                           0x08000d2f   Thumb Code    46  stm32f7xx_hal_i2s.o(.text.HAL_I2S_DeInit)
    HAL_I2S_ErrorCallback                    0x08000d5d   Thumb Code     2  main.o(.text.HAL_I2S_ErrorCallback)
    HAL_I2S_GetState                         0x08000d5f   Thumb Code     6  stm32f7xx_hal_i2s.o(.text.HAL_I2S_GetState)
    HAL_I2S_IRQHandler                       0x08000d65   Thumb Code   176  stm32f7xx_hal_i2s.o(.text.HAL_I2S_IRQHandler)
    HAL_I2S_Init                             0x08000e15   Thumb Code   308  stm32f7xx_hal_i2s.o(.text.HAL_I2S_Init)
    HAL_I2S_MspDeInit                        0x08000f49   Thumb Code    68  stm32f7xx_hal_msp.o(.text.HAL_I2S_MspDeInit)
    HAL_I2S_MspInit                          0x08000f8d   Thumb Code   236  stm32f7xx_hal_msp.o(.text.HAL_I2S_MspInit)
    HAL_I2S_Receive_DMA                      0x08001079   Thumb Code   208  stm32f7xx_hal_i2s.o(.text.HAL_I2S_Receive_DMA)
    HAL_I2S_RxCpltCallback                   0x08001149   Thumb Code   112  main.o(.text.HAL_I2S_RxCpltCallback)
    HAL_I2S_RxHalfCpltCallback               0x080011b9   Thumb Code     2  stm32f7xx_hal_i2s.o(.text.HAL_I2S_RxHalfCpltCallback)
    HAL_I2S_TxCpltCallback                   0x080011bb   Thumb Code     2  stm32f7xx_hal_i2s.o(.text.HAL_I2S_TxCpltCallback)
    HAL_IncTick                              0x080011bd   Thumb Code    20  stm32f7xx_hal.o(.text.HAL_IncTick)
    HAL_Init                                 0x080011d1   Thumb Code    22  stm32f7xx_hal.o(.text.HAL_Init)
    HAL_InitTick                             0x080011e9   Thumb Code    64  stm32f7xx_hal.o(.text.HAL_InitTick)
    HAL_MspInit                              0x08001229   Thumb Code    48  stm32f7xx_hal_msp.o(.text.HAL_MspInit)
    HAL_NVIC_ClearPendingIRQ                 0x08001259   Thumb Code    28  stm32f7xx_hal_cortex.o(.text.HAL_NVIC_ClearPendingIRQ)
    HAL_NVIC_DisableIRQ                      0x08001275   Thumb Code    36  stm32f7xx_hal_cortex.o(.text.HAL_NVIC_DisableIRQ)
    HAL_NVIC_EnableIRQ                       0x08001299   Thumb Code    28  stm32f7xx_hal_cortex.o(.text.HAL_NVIC_EnableIRQ)
    HAL_NVIC_SetPriority                     0x080012b5   Thumb Code    56  stm32f7xx_hal_cortex.o(.text.HAL_NVIC_SetPriority)
    HAL_NVIC_SetPriorityGrouping             0x080012ed   Thumb Code    32  stm32f7xx_hal_cortex.o(.text.HAL_NVIC_SetPriorityGrouping)
    HAL_RCCEx_PeriphCLKConfig                0x0800130d   Thumb Code  1226  stm32f7xx_hal_rcc_ex.o(.text.HAL_RCCEx_PeriphCLKConfig)
    HAL_RCC_ClockConfig                      0x080017d9   Thumb Code   312  stm32f7xx_hal_rcc.o(.text.HAL_RCC_ClockConfig)
    HAL_RCC_GetSysClockFreq                  0x08001911   Thumb Code    92  stm32f7xx_hal_rcc.o(.text.HAL_RCC_GetSysClockFreq)
    HAL_RCC_MCOConfig                        0x0800196d   Thumb Code   144  stm32f7xx_hal_rcc.o(.text.HAL_RCC_MCOConfig)
    HAL_RCC_OscConfig                        0x080019fd   Thumb Code   852  stm32f7xx_hal_rcc.o(.text.HAL_RCC_OscConfig)
    HAL_SD_ConfigWideBusOperation            0x08001d51   Thumb Code   268  stm32f7xx_hal_sd.o(.text.HAL_SD_ConfigWideBusOperation)
    HAL_SD_DeInit                            0x08001e5d   Thumb Code    38  stm32f7xx_hal_sd.o(.text.HAL_SD_DeInit)
    HAL_SD_GetCardCSD                        0x08001e85   Thumb Code   376  stm32f7xx_hal_sd.o(.text.HAL_SD_GetCardCSD)
    HAL_SD_GetCardInfo                       0x08001ffd   Thumb Code    32  stm32f7xx_hal_sd.o(.text.HAL_SD_GetCardInfo)
    HAL_SD_GetCardState                      0x0800201d   Thumb Code    40  stm32f7xx_hal_sd.o(.text.HAL_SD_GetCardState)
    HAL_SD_Init                              0x08002045   Thumb Code    60  stm32f7xx_hal_sd.o(.text.HAL_SD_Init)
    HAL_SD_InitCard                          0x08002081   Thumb Code   480  stm32f7xx_hal_sd.o(.text.HAL_SD_InitCard)
    HAL_SD_MspDeInit                         0x08002261   Thumb Code    52  stm32f7xx_hal_msp.o(.text.HAL_SD_MspDeInit)
    HAL_SD_MspInit                           0x08002295   Thumb Code   160  stm32f7xx_hal_msp.o(.text.HAL_SD_MspInit)
    HAL_SD_ReadBlocks                        0x08002335   Thumb Code   468  stm32f7xx_hal_sd.o(.text.HAL_SD_ReadBlocks)
    HAL_SD_WriteBlocks                       0x08002509   Thumb Code   420  stm32f7xx_hal_sd.o(.text.HAL_SD_WriteBlocks)
    HAL_SYSTICK_Config                       0x080026ad   Thumb Code    40  stm32f7xx_hal_cortex.o(.text.HAL_SYSTICK_Config)
    HardFault_Handler                        0x080026d5   Thumb Code     2  stm32f7xx_it.o(.text.HardFault_Handler)
    MX_FATFS_Init                            0x08002775   Thumb Code    24  fatfs.o(.text.MX_FATFS_Init)
    MemManage_Handler                        0x0800278d   Thumb Code     2  stm32f7xx_it.o(.text.MemManage_Handler)
    NMI_Handler                              0x0800278f   Thumb Code     2  stm32f7xx_it.o(.text.NMI_Handler)
    PendSV_Handler                           0x08002791   Thumb Code     2  stm32f7xx_it.o(.text.PendSV_Handler)
    SDMMC_CmdAppCommand                      0x08002793   Thumb Code    52  stm32f7xx_ll_sdmmc.o(.text.SDMMC_CmdAppCommand)
    SDMMC_CmdAppOperCommand                  0x080027c9   Thumb Code    56  stm32f7xx_ll_sdmmc.o(.text.SDMMC_CmdAppOperCommand)
    SDMMC_CmdBlockLength                     0x08002801   Thumb Code    52  stm32f7xx_ll_sdmmc.o(.text.SDMMC_CmdBlockLength)
    SDMMC_CmdBusWidth                        0x08002835   Thumb Code    52  stm32f7xx_ll_sdmmc.o(.text.SDMMC_CmdBusWidth)
    SDMMC_CmdGoIdleState                     0x08002869   Thumb Code    76  stm32f7xx_ll_sdmmc.o(.text.SDMMC_CmdGoIdleState)
    SDMMC_CmdOperCond                        0x080028b5   Thumb Code   120  stm32f7xx_ll_sdmmc.o(.text.SDMMC_CmdOperCond)
    SDMMC_CmdReadMultiBlock                  0x0800292d   Thumb Code    52  stm32f7xx_ll_sdmmc.o(.text.SDMMC_CmdReadMultiBlock)
    SDMMC_CmdReadSingleBlock                 0x08002961   Thumb Code    52  stm32f7xx_ll_sdmmc.o(.text.SDMMC_CmdReadSingleBlock)
    SDMMC_CmdSelDesel                        0x08002995   Thumb Code    52  stm32f7xx_ll_sdmmc.o(.text.SDMMC_CmdSelDesel)
    SDMMC_CmdSendCID                         0x080029c9   Thumb Code    46  stm32f7xx_ll_sdmmc.o(.text.SDMMC_CmdSendCID)
    SDMMC_CmdSendCSD                         0x080029f7   Thumb Code    46  stm32f7xx_ll_sdmmc.o(.text.SDMMC_CmdSendCSD)
    SDMMC_CmdSendSCR                         0x08002a25   Thumb Code    52  stm32f7xx_ll_sdmmc.o(.text.SDMMC_CmdSendSCR)
    SDMMC_CmdSendStatus                      0x08002a59   Thumb Code    52  stm32f7xx_ll_sdmmc.o(.text.SDMMC_CmdSendStatus)
    SDMMC_CmdSetRelAdd                       0x08002a8d   Thumb Code   164  stm32f7xx_ll_sdmmc.o(.text.SDMMC_CmdSetRelAdd)
    SDMMC_CmdStopTransfer                    0x08002b31   Thumb Code    56  stm32f7xx_ll_sdmmc.o(.text.SDMMC_CmdStopTransfer)
    SDMMC_CmdWriteMultiBlock                 0x08002b69   Thumb Code    52  stm32f7xx_ll_sdmmc.o(.text.SDMMC_CmdWriteMultiBlock)
    SDMMC_CmdWriteSingleBlock                0x08002b9d   Thumb Code    52  stm32f7xx_ll_sdmmc.o(.text.SDMMC_CmdWriteSingleBlock)
    SDMMC_ConfigData                         0x08002bd1   Thumb Code    36  stm32f7xx_ll_sdmmc.o(.text.SDMMC_ConfigData)
    SDMMC_GetPowerState                      0x08002d9d   Thumb Code     8  stm32f7xx_ll_sdmmc.o(.text.SDMMC_GetPowerState)
    SDMMC_GetResponse                        0x08002da5   Thumb Code     6  stm32f7xx_ll_sdmmc.o(.text.SDMMC_GetResponse)
    SDMMC_Init                               0x08002dab   Thumb Code    34  stm32f7xx_ll_sdmmc.o(.text.SDMMC_Init)
    SDMMC_PowerState_OFF                     0x08002dcd   Thumb Code     8  stm32f7xx_ll_sdmmc.o(.text.SDMMC_PowerState_OFF)
    SDMMC_PowerState_ON                      0x08002dd5   Thumb Code    16  stm32f7xx_ll_sdmmc.o(.text.SDMMC_PowerState_ON)
    SDMMC_ReadFIFO                           0x08002de5   Thumb Code     6  stm32f7xx_ll_sdmmc.o(.text.SDMMC_ReadFIFO)
    SDMMC_SendCommand                        0x08002deb   Thumb Code    32  stm32f7xx_ll_sdmmc.o(.text.SDMMC_SendCommand)
    SDMMC_WriteFIFO                          0x08002e0b   Thumb Code    10  stm32f7xx_ll_sdmmc.o(.text.SDMMC_WriteFIFO)
    SD_initialize                            0x08002efd   Thumb Code    24  sd_diskio.o(.text.SD_initialize)
    SD_ioctl                                 0x08002f15   Thumb Code    80  sd_diskio.o(.text.SD_ioctl)
    SD_read                                  0x08002f65   Thumb Code    34  sd_diskio.o(.text.SD_read)
    SD_status                                0x08002f87   Thumb Code     4  sd_diskio.o(.text.SD_status)
    SD_write                                 0x08002f8b   Thumb Code    34  sd_diskio.o(.text.SD_write)
    SPI1_IRQHandler                          0x08002fad   Thumb Code    12  stm32f7xx_it.o(.text.SPI1_IRQHandler)
    SVC_Handler                              0x08002fb9   Thumb Code     2  stm32f7xx_it.o(.text.SVC_Handler)
    SysTick_Handler                          0x08002fbb   Thumb Code     4  stm32f7xx_it.o(.text.SysTick_Handler)
    SystemClock_Config                       0x08002fc1   Thumb Code   212  main.o(.text.SystemClock_Config)
    SystemInit                               0x08003095   Thumb Code    16  system_stm32f7xx.o(.text.SystemInit)
    UsageFault_Handler                       0x080030a5   Thumb Code     2  stm32f7xx_it.o(.text.UsageFault_Handler)
    arm_biquad_cascade_df1_f32               0x080030cd   Thumb Code   184  filteringfunctions.o(.text.arm_biquad_cascade_df1_f32)
    arm_biquad_cascade_df1_init_f32          0x08003185   Thumb Code    22  filteringfunctions.o(.text.arm_biquad_cascade_df1_init_f32)
    create_stream_dir                        0x08003389   Thumb Code   124  main.o(.text.create_stream_dir)
    create_wav_fatfs                         0x08003405   Thumb Code    38  wav_file.o(.text.create_wav_fatfs)
    disk_initialize                          0x08003b05   Thumb Code    32  diskio.o(.text.disk_initialize)
    disk_ioctl                               0x08003b25   Thumb Code    28  diskio.o(.text.disk_ioctl)
    disk_read                                0x08003b41   Thumb Code    28  diskio.o(.text.disk_read)
    disk_status                              0x08003b5d   Thumb Code    20  diskio.o(.text.disk_status)
    disk_write                               0x08003b71   Thumb Code    32  diskio.o(.text.disk_write)
    f_chdir                                  0x08003b91   Thumb Code    78  ff.o(.text.f_chdir)
    f_close                                  0x08003bdf   Thumb Code    40  ff.o(.text.f_close)
    f_closedir                               0x08003c07   Thumb Code    32  ff.o(.text.f_closedir)
    f_getcwd                                 0x08003c27   Thumb Code   264  ff.o(.text.f_getcwd)
    f_lseek                                  0x08003d2f   Thumb Code   504  ff.o(.text.f_lseek)
    f_mkdir                                  0x08003f27   Thumb Code   368  ff.o(.text.f_mkdir)
    f_mount                                  0x08004099   Thumb Code    80  ff.o(.text.f_mount)
    f_open                                   0x080040e9   Thumb Code   584  ff.o(.text.f_open)
    f_opendir                                0x08004331   Thumb Code   130  ff.o(.text.f_opendir)
    f_read                                   0x080043b3   Thumb Code   368  ff.o(.text.f_read)
    f_sync                                   0x08004523   Thumb Code   142  ff.o(.text.f_sync)
    f_write                                  0x080045b1   Thumb Code   404  ff.o(.text.f_write)
    ff_convert                               0x08004745   Thumb Code    64  ccsbcs.o(.text.ff_convert)
    ff_wtoupper                              0x08004785   Thumb Code   128  ccsbcs.o(.text.ff_wtoupper)
    get_fattime                              0x08004e2d   Thumb Code     4  fatfs.o(.text.get_fattime)
    i2s_to_fs                                0x08004f71   Thumb Code   320  main.o(.text.i2s_to_fs)
    indicate_err                             0x08005121   Thumb Code    48  main.o(.text.indicate_err)
    indicate_ready                           0x08005151   Thumb Code    12  main.o(.text.indicate_ready)
    indicate_stop                            0x0800515d   Thumb Code    48  main.o(.text.indicate_stop)
    indicate_success                         0x0800518d   Thumb Code    56  main.o(.text.indicate_success)
    init_default                             0x080051c5   Thumb Code    76  wav_file.o(.text.init_default)
    main                                     0x0800522d   Thumb Code   912  main.o(.text.main)
    start_recording                          0x08005771   Thumb Code   228  main.o(.text.start_recording)
    stop_recording                           0x08005855   Thumb Code    52  main.o(.text.stop_recording)
    write_pcm_data                           0x080059a9   Thumb Code   236  wav_file.o(.text.write_pcm_data)
    __0sprintf$1                             0x08005a95   Thumb Code    34  printf1.o(i.__0sprintf$1)
    __1sprintf$1                             0x08005a95   Thumb Code     0  printf1.o(i.__0sprintf$1)
    __2sprintf                               0x08005a95   Thumb Code     0  printf1.o(i.__0sprintf$1)
    __scatterload_copy                       0x08005abd   Thumb Code    14  handlers.o(i.__scatterload_copy)
    __scatterload_null                       0x08005acb   Thumb Code     2  handlers.o(i.__scatterload_null)
    __scatterload_zeroinit                   0x08005acd   Thumb Code    14  handlers.o(i.__scatterload_zeroinit)
    AHBPrescTable                            0x08005c3a   Data          16  system_stm32f7xx.o(.rodata.AHBPrescTable)
    SD_Driver                                0x08005cd8   Data          20  sd_diskio.o(.rodata.SD_Driver)
    Region$$Table$$Base                      0x080060a0   Number         0  anon$$obj.o(Region$$Table)
    Region$$Table$$Limit                     0x080060c0   Number         0  anon$$obj.o(Region$$Table)
    result_audio_open                        0x20000000   Data           1  main.o(.data..L_MergedGlobals)
    iir_coeffs                               0x20000004   Data          20  main.o(.data..L_MergedGlobals)
    uwTickFreq                               0x20000018   Data           1  stm32f7xx_hal.o(.data..L_MergedGlobals)
    uwTickPrio                               0x2000001c   Data           4  stm32f7xx_hal.o(.data..L_MergedGlobals)
    SystemCoreClock                          0x20000024   Data           4  system_stm32f7xx.o(.data.SystemCoreClock)
    result_audio_write                       0x20000028   Data           1  main.o(.data.result_audio_write)
    retSD                                    0x20000038   Data           1  fatfs.o(.bss..L_MergedGlobals)
    SDPath                                   0x20000039   Data           4  fatfs.o(.bss..L_MergedGlobals)
    i2s_queue_head                           0x20000048   Data           1  main.o(.bss..L_MergedGlobals.7)
    i2s_queue_tail                           0x20000049   Data           1  main.o(.bss..L_MergedGlobals.7)
    run_state                                0x2000004a   Data           1  main.o(.bss..L_MergedGlobals.7)
    i2s_file_opened                          0x2000004b   Data           1  main.o(.bss..L_MergedGlobals.7)
    init_done                                0x2000004c   Data           1  main.o(.bss..L_MergedGlobals.7)
    i2s_int_cnt                              0x20000050   Data           4  main.o(.bss..L_MergedGlobals.7)
    i2s_fs_cnt                               0x20000054   Data           4  main.o(.bss..L_MergedGlobals.7)
    i2s_queue_ovf_cnt                        0x20000058   Data           4  main.o(.bss..L_MergedGlobals.7)
    fs_fail_cnt                              0x2000005c   Data           4  main.o(.bss..L_MergedGlobals.7)
    exti3_int_cnt                            0x20000060   Data           4  main.o(.bss..L_MergedGlobals.7)
    in_z1                                    0x20000064   Data           4  main.o(.bss..L_MergedGlobals.7)
    in_z2                                    0x20000068   Data           4  main.o(.bss..L_MergedGlobals.7)
    out_z1                                   0x2000006c   Data           4  main.o(.bss..L_MergedGlobals.7)
    out_z2                                   0x20000070   Data           4  main.o(.bss..L_MergedGlobals.7)
    biquad_config                            0x20000078   Data          12  main.o(.bss..L_MergedGlobals.7)
    iir_states                               0x20000084   Data          16  main.o(.bss..L_MergedGlobals.7)
    wav_header                               0x20000094   Data          44  main.o(.bss..L_MergedGlobals.7)
    audio_filename                           0x200000c0   Data          50  main.o(.bss..L_MergedGlobals.8)
    hi2s1                                    0x200000f4   Data          64  main.o(.bss..L_MergedGlobals.8)
    SDFatFS                                  0x20000354   Data         568  fatfs.o(.bss.SDFatFS)
    SDFile                                   0x2000058c   Data         560  fatfs.o(.bss.SDFile)
    audio_fwrite_buf                         0x200007bc   Data       11024  main.o(.bss.audio_fwrite_buf)
    audio_sample_buf                         0x200032cc   Data       264576  main.o(.bss.audio_sample_buf)
    disk                                     0x20043c4c   Data          12  ff_gen_drv.o(.bss.disk)
    hdma_spi1_rx                             0x20043c58   Data          96  main.o(.bss.hdma_spi1_rx)
    hsd1                                     0x20043cb8   Data         132  main.o(.bss.hsd1)
    iir_in                                   0x20043d3c   Data       22048  main.o(.bss.iir_in)
    iir_out                                  0x2004935c   Data       22048  main.o(.bss.iir_out)
    uwTick                                   0x2004e97c   Data           4  stm32f7xx_hal.o(.bss.uwTick)
    __initial_sp                             0x2004f180   Data           0  startup_stm32f746xx.o(STACK)



==============================================================================

Memory Map of the image

  Image Entry point : 0x080001c9

  Load Region LR_IROM1 (Base: 0x08000000, Size: 0x000060f0, Max: 0x00100000, ABSOLUTE)

    Execution Region ER_IROM1 (Exec base: 0x08000000, Load base: 0x08000000, Size: 0x000060c0, Max: 0x00100000, ABSOLUTE)

    Exec Addr    Load Addr    Size         Type   Attr      Idx    E Section Name        Object

    0x08000000   0x08000000   0x000001c8   Data   RO            3    RESET               startup_stm32f746xx.o
    0x080001c8   0x080001c8   0x00000000   Code   RO         2246  * .ARM.Collect$$$$00000000  mc_w.l(entry.o)
    0x080001c8   0x080001c8   0x00000004   Code   RO         2540    .ARM.Collect$$$$00000001  mc_w.l(entry2.o)
    0x080001cc   0x080001cc   0x00000004   Code   RO         2543    .ARM.Collect$$$$00000004  mc_w.l(entry5.o)
    0x080001d0   0x080001d0   0x00000000   Code   RO         2545    .ARM.Collect$$$$00000008  mc_w.l(entry7b.o)
    0x080001d0   0x080001d0   0x00000000   Code   RO         2547    .ARM.Collect$$$$0000000A  mc_w.l(entry8b.o)
    0x080001d0   0x080001d0   0x00000008   Code   RO         2548    .ARM.Collect$$$$0000000B  mc_w.l(entry9a.o)
    0x080001d8   0x080001d8   0x00000000   Code   RO         2550    .ARM.Collect$$$$0000000D  mc_w.l(entry10a.o)
    0x080001d8   0x080001d8   0x00000000   Code   RO         2552    .ARM.Collect$$$$0000000F  mc_w.l(entry11a.o)
    0x080001d8   0x080001d8   0x00000004   Code   RO         2541    .ARM.Collect$$$$00002712  mc_w.l(entry2.o)
    0x080001dc   0x080001dc   0x00000024   Code   RO            4    .text               startup_stm32f746xx.o
    0x08000200   0x08000200   0x00000062   Code   RO         2249    .text               mc_w.l(uldiv.o)
    0x08000262   0x08000262   0x0000001e   Code   RO         2253    .text               mc_w.l(llshl.o)
    0x08000280   0x08000280   0x00000024   Code   RO         2257    .text               mc_w.l(memcpya.o)
    0x080002a4   0x080002a4   0x00000024   Code   RO         2259    .text               mc_w.l(memseta.o)
    0x080002c8   0x080002c8   0x0000000e   Code   RO         2261    .text               mc_w.l(strlen.o)
    0x080002d6   0x080002d6   0x0000002c   Code   RO         2559    .text               mc_w.l(uidiv.o)
    0x08000302   0x08000302   0x00000020   Code   RO         2561    .text               mc_w.l(llushr.o)
    0x08000322   0x08000322   0x00000002   PAD
    0x08000324   0x08000324   0x00000024   Code   RO         2577    .text               mc_w.l(init.o)
    0x08000348   0x08000348   0x00000018   Code   RO          174    .text.BSP_PlatformIsDetected  fatfs_platform.o
    0x08000360   0x08000360   0x00000008   Code   RO          115    .text.BSP_SD_GetCardInfo  bsp_driver_sd.o
    0x08000368   0x08000368   0x00000010   Code   RO          113    .text.BSP_SD_GetCardState  bsp_driver_sd.o
    0x08000378   0x08000378   0x0000002c   Code   RO           97    .text.BSP_SD_Init   bsp_driver_sd.o
    0x080003a4   0x080003a4   0x0000001a   Code   RO           99    .text.BSP_SD_IsDetected  bsp_driver_sd.o
    0x080003be   0x080003be   0x00000002   PAD
    0x080003c0   0x080003c0   0x0000001c   Code   RO          103    .text.BSP_SD_ReadBlocks  bsp_driver_sd.o
    0x080003dc   0x080003dc   0x00000020   Code   RO          105    .text.BSP_SD_WriteBlocks  bsp_driver_sd.o
    0x080003fc   0x080003fc   0x00000002   Code   RO          189    .text.BusFault_Handler  stm32f7xx_it.o
    0x080003fe   0x080003fe   0x00000002   PAD
    0x08000400   0x08000400   0x0000000c   Code   RO          207    .text.DMA2_Stream0_IRQHandler  stm32f7xx_it.o
    0x0800040c   0x0800040c   0x00000034   Code   RO          387    .text.DMA_CalcBaseAndBitshift  stm32f7xx_hal_dma.o
    0x08000440   0x08000440   0x00000022   Code   RO          393    .text.DMA_SetConfig  stm32f7xx_hal_dma.o
    0x08000462   0x08000462   0x00000002   Code   RO          195    .text.DebugMon_Handler  stm32f7xx_it.o
    0x08000464   0x08000464   0x00000006   Code   RO          201    .text.EXTI2_IRQHandler  stm32f7xx_it.o
    0x0800046a   0x0800046a   0x00000006   Code   RO          203    .text.EXTI3_IRQHandler  stm32f7xx_it.o
    0x08000470   0x08000470   0x00000006   Code   RO           34    .text.Error_Handler  main.o
    0x08000476   0x08000476   0x00000006   Code   RO         1370    .text.FATFS_LinkDriver  ff_gen_drv.o
    0x0800047c   0x0800047c   0x0000003c   Code   RO         1368    .text.FATFS_LinkDriverEx  ff_gen_drv.o
    0x080004b8   0x080004b8   0x0000008a   Code   RO          397    .text.HAL_DMA_Abort  stm32f7xx_hal_dma.o
    0x08000542   0x08000542   0x00000058   Code   RO          389    .text.HAL_DMA_DeInit  stm32f7xx_hal_dma.o
    0x0800059a   0x0800059a   0x00000002   PAD
    0x0800059c   0x0800059c   0x00000170   Code   RO          403    .text.HAL_DMA_IRQHandler  stm32f7xx_hal_dma.o
    0x0800070c   0x0800070c   0x0000011c   Code   RO          385    .text.HAL_DMA_Init  stm32f7xx_hal_dma.o
    0x08000828   0x08000828   0x0000006a   Code   RO          395    .text.HAL_DMA_Start_IT  stm32f7xx_hal_dma.o
    0x08000892   0x08000892   0x00000002   PAD
    0x08000894   0x08000894   0x00000024   Code   RO          579    .text.HAL_Delay     stm32f7xx_hal.o
    0x080008b8   0x080008b8   0x000000d4   Code   RO          363    .text.HAL_GPIO_DeInit  stm32f7xx_hal_gpio.o
    0x0800098c   0x0800098c   0x000000f4   Code   RO           36    .text.HAL_GPIO_EXTI_Callback  main.o
    0x08000a80   0x08000a80   0x00000014   Code   RO          373    .text.HAL_GPIO_EXTI_IRQHandler  stm32f7xx_hal_gpio.o
    0x08000a94   0x08000a94   0x00000194   Code   RO          361    .text.HAL_GPIO_Init  stm32f7xx_hal_gpio.o
    0x08000c28   0x08000c28   0x0000000a   Code   RO          365    .text.HAL_GPIO_ReadPin  stm32f7xx_hal_gpio.o
    0x08000c32   0x08000c32   0x0000000a   Code   RO          367    .text.HAL_GPIO_WritePin  stm32f7xx_hal_gpio.o
    0x08000c3c   0x08000c3c   0x0000000c   Code   RO          571    .text.HAL_GetTick   stm32f7xx_hal.o
    0x08000c48   0x08000c48   0x000000e6   Code   RO          871    .text.HAL_I2S_DMAStop  stm32f7xx_hal_i2s.o
    0x08000d2e   0x08000d2e   0x0000002e   Code   RO          839    .text.HAL_I2S_DeInit  stm32f7xx_hal_i2s.o
    0x08000d5c   0x08000d5c   0x00000002   Code   RO           44    .text.HAL_I2S_ErrorCallback  main.o
    0x08000d5e   0x08000d5e   0x00000006   Code   RO          885    .text.HAL_I2S_GetState  stm32f7xx_hal_i2s.o
    0x08000d64   0x08000d64   0x000000b0   Code   RO          873    .text.HAL_I2S_IRQHandler  stm32f7xx_hal_i2s.o
    0x08000e14   0x08000e14   0x00000134   Code   RO          835    .text.HAL_I2S_Init  stm32f7xx_hal_i2s.o
    0x08000f48   0x08000f48   0x00000044   Code   RO          220    .text.HAL_I2S_MspDeInit  stm32f7xx_hal_msp.o
    0x08000f8c   0x08000f8c   0x000000ec   Code   RO          218    .text.HAL_I2S_MspInit  stm32f7xx_hal_msp.o
    0x08001078   0x08001078   0x000000d0   Code   RO          861    .text.HAL_I2S_Receive_DMA  stm32f7xx_hal_i2s.o
    0x08001148   0x08001148   0x00000070   Code   RO           42    .text.HAL_I2S_RxCpltCallback  main.o
    0x080011b8   0x080011b8   0x00000002   Code   RO          881    .text.HAL_I2S_RxHalfCpltCallback  stm32f7xx_hal_i2s.o
    0x080011ba   0x080011ba   0x00000002   Code   RO          879    .text.HAL_I2S_TxCpltCallback  stm32f7xx_hal_i2s.o
    0x080011bc   0x080011bc   0x00000014   Code   RO          569    .text.HAL_IncTick   stm32f7xx_hal.o
    0x080011d0   0x080011d0   0x00000016   Code   RO          559    .text.HAL_Init      stm32f7xx_hal.o
    0x080011e6   0x080011e6   0x00000002   PAD
    0x080011e8   0x080011e8   0x00000040   Code   RO          561    .text.HAL_InitTick  stm32f7xx_hal.o
    0x08001228   0x08001228   0x00000030   Code   RO          216    .text.HAL_MspInit   stm32f7xx_hal_msp.o
    0x08001258   0x08001258   0x0000001c   Code   RO          541    .text.HAL_NVIC_ClearPendingIRQ  stm32f7xx_hal_cortex.o
    0x08001274   0x08001274   0x00000024   Code   RO          519    .text.HAL_NVIC_DisableIRQ  stm32f7xx_hal_cortex.o
    0x08001298   0x08001298   0x0000001c   Code   RO          517    .text.HAL_NVIC_EnableIRQ  stm32f7xx_hal_cortex.o
    0x080012b4   0x080012b4   0x00000038   Code   RO          513    .text.HAL_NVIC_SetPriority  stm32f7xx_hal_cortex.o
    0x080012ec   0x080012ec   0x00000020   Code   RO          511    .text.HAL_NVIC_SetPriorityGrouping  stm32f7xx_hal_cortex.o
    0x0800130c   0x0800130c   0x000004ca   Code   RO          274    .text.HAL_RCCEx_PeriphCLKConfig  stm32f7xx_hal_rcc_ex.o
    0x080017d6   0x080017d6   0x00000002   PAD
    0x080017d8   0x080017d8   0x00000138   Code   RO          242    .text.HAL_RCC_ClockConfig  stm32f7xx_hal_rcc.o
    0x08001910   0x08001910   0x0000005c   Code   RO          244    .text.HAL_RCC_GetSysClockFreq  stm32f7xx_hal_rcc.o
    0x0800196c   0x0800196c   0x00000090   Code   RO          246    .text.HAL_RCC_MCOConfig  stm32f7xx_hal_rcc.o
    0x080019fc   0x080019fc   0x00000354   Code   RO          240    .text.HAL_RCC_OscConfig  stm32f7xx_hal_rcc.o
    0x08001d50   0x08001d50   0x0000010c   Code   RO         1185    .text.HAL_SD_ConfigWideBusOperation  stm32f7xx_hal_sd.o
    0x08001e5c   0x08001e5c   0x00000026   Code   RO         1135    .text.HAL_SD_DeInit  stm32f7xx_hal_sd.o
    0x08001e82   0x08001e82   0x00000002   PAD
    0x08001e84   0x08001e84   0x00000178   Code   RO         1179    .text.HAL_SD_GetCardCSD  stm32f7xx_hal_sd.o
    0x08001ffc   0x08001ffc   0x00000020   Code   RO         1183    .text.HAL_SD_GetCardInfo  stm32f7xx_hal_sd.o
    0x0800201c   0x0800201c   0x00000028   Code   RO         1187    .text.HAL_SD_GetCardState  stm32f7xx_hal_sd.o
    0x08002044   0x08002044   0x0000003c   Code   RO         1129    .text.HAL_SD_Init   stm32f7xx_hal_sd.o
    0x08002080   0x08002080   0x000001e0   Code   RO         1133    .text.HAL_SD_InitCard  stm32f7xx_hal_sd.o
    0x08002260   0x08002260   0x00000034   Code   RO          228    .text.HAL_SD_MspDeInit  stm32f7xx_hal_msp.o
    0x08002294   0x08002294   0x000000a0   Code   RO          226    .text.HAL_SD_MspInit  stm32f7xx_hal_msp.o
    0x08002334   0x08002334   0x000001d4   Code   RO         1139    .text.HAL_SD_ReadBlocks  stm32f7xx_hal_sd.o
    0x08002508   0x08002508   0x000001a4   Code   RO         1141    .text.HAL_SD_WriteBlocks  stm32f7xx_hal_sd.o
    0x080026ac   0x080026ac   0x00000028   Code   RO          525    .text.HAL_SYSTICK_Config  stm32f7xx_hal_cortex.o
    0x080026d4   0x080026d4   0x00000002   Code   RO          185    .text.HardFault_Handler  stm32f7xx_it.o
    0x080026d6   0x080026d6   0x00000024   Code   RO          859    .text.I2S_DMAError  stm32f7xx_hal_i2s.o
    0x080026fa   0x080026fa   0x00000022   Code   RO          865    .text.I2S_DMARxCplt  stm32f7xx_hal_i2s.o
    0x0800271c   0x0800271c   0x00000006   Code   RO          863    .text.I2S_DMARxHalfCplt  stm32f7xx_hal_i2s.o
    0x08002722   0x08002722   0x00000050   Code   RO          845    .text.I2S_WaitFlagStateUntilTimeout  stm32f7xx_hal_i2s.o
    0x08002772   0x08002772   0x00000002   PAD
    0x08002774   0x08002774   0x00000018   Code   RO          159    .text.MX_FATFS_Init  fatfs.o
    0x0800278c   0x0800278c   0x00000002   Code   RO          187    .text.MemManage_Handler  stm32f7xx_it.o
    0x0800278e   0x0800278e   0x00000002   Code   RO          183    .text.NMI_Handler   stm32f7xx_it.o
    0x08002790   0x08002790   0x00000002   Code   RO          197    .text.PendSV_Handler  stm32f7xx_it.o
    0x08002792   0x08002792   0x00000034   Code   RO         1093    .text.SDMMC_CmdAppCommand  stm32f7xx_ll_sdmmc.o
    0x080027c6   0x080027c6   0x00000002   PAD
    0x080027c8   0x080027c8   0x00000038   Code   RO         1095    .text.SDMMC_CmdAppOperCommand  stm32f7xx_ll_sdmmc.o
    0x08002800   0x08002800   0x00000034   Code   RO         1063    .text.SDMMC_CmdBlockLength  stm32f7xx_ll_sdmmc.o
    0x08002834   0x08002834   0x00000034   Code   RO         1099    .text.SDMMC_CmdBusWidth  stm32f7xx_ll_sdmmc.o
    0x08002868   0x08002868   0x0000004c   Code   RO         1089    .text.SDMMC_CmdGoIdleState  stm32f7xx_ll_sdmmc.o
    0x080028b4   0x080028b4   0x00000078   Code   RO         1091    .text.SDMMC_CmdOperCond  stm32f7xx_ll_sdmmc.o
    0x0800292c   0x0800292c   0x00000034   Code   RO         1069    .text.SDMMC_CmdReadMultiBlock  stm32f7xx_ll_sdmmc.o
    0x08002960   0x08002960   0x00000034   Code   RO         1067    .text.SDMMC_CmdReadSingleBlock  stm32f7xx_ll_sdmmc.o
    0x08002994   0x08002994   0x00000034   Code   RO         1087    .text.SDMMC_CmdSelDesel  stm32f7xx_ll_sdmmc.o
    0x080029c8   0x080029c8   0x0000002e   Code   RO         1103    .text.SDMMC_CmdSendCID  stm32f7xx_ll_sdmmc.o
    0x080029f6   0x080029f6   0x0000002e   Code   RO         1107    .text.SDMMC_CmdSendCSD  stm32f7xx_ll_sdmmc.o
    0x08002a24   0x08002a24   0x00000034   Code   RO         1101    .text.SDMMC_CmdSendSCR  stm32f7xx_ll_sdmmc.o
    0x08002a58   0x08002a58   0x00000034   Code   RO         1111    .text.SDMMC_CmdSendStatus  stm32f7xx_ll_sdmmc.o
    0x08002a8c   0x08002a8c   0x000000a4   Code   RO         1109    .text.SDMMC_CmdSetRelAdd  stm32f7xx_ll_sdmmc.o
    0x08002b30   0x08002b30   0x00000038   Code   RO         1085    .text.SDMMC_CmdStopTransfer  stm32f7xx_ll_sdmmc.o
    0x08002b68   0x08002b68   0x00000034   Code   RO         1073    .text.SDMMC_CmdWriteMultiBlock  stm32f7xx_ll_sdmmc.o
    0x08002b9c   0x08002b9c   0x00000034   Code   RO         1071    .text.SDMMC_CmdWriteSingleBlock  stm32f7xx_ll_sdmmc.o
    0x08002bd0   0x08002bd0   0x00000024   Code   RO         1055    .text.SDMMC_ConfigData  stm32f7xx_ll_sdmmc.o
    0x08002bf4   0x08002bf4   0x00000118   Code   RO         1065    .text.SDMMC_GetCmdResp1  stm32f7xx_ll_sdmmc.o
    0x08002d0c   0x08002d0c   0x0000004c   Code   RO         1105    .text.SDMMC_GetCmdResp2  stm32f7xx_ll_sdmmc.o
    0x08002d58   0x08002d58   0x00000044   Code   RO         1097    .text.SDMMC_GetCmdResp3  stm32f7xx_ll_sdmmc.o
    0x08002d9c   0x08002d9c   0x00000008   Code   RO         1047    .text.SDMMC_GetPowerState  stm32f7xx_ll_sdmmc.o
    0x08002da4   0x08002da4   0x00000006   Code   RO         1053    .text.SDMMC_GetResponse  stm32f7xx_ll_sdmmc.o
    0x08002daa   0x08002daa   0x00000022   Code   RO         1037    .text.SDMMC_Init    stm32f7xx_ll_sdmmc.o
    0x08002dcc   0x08002dcc   0x00000008   Code   RO         1045    .text.SDMMC_PowerState_OFF  stm32f7xx_ll_sdmmc.o
    0x08002dd4   0x08002dd4   0x00000010   Code   RO         1043    .text.SDMMC_PowerState_ON  stm32f7xx_ll_sdmmc.o
    0x08002de4   0x08002de4   0x00000006   Code   RO         1039    .text.SDMMC_ReadFIFO  stm32f7xx_ll_sdmmc.o
    0x08002dea   0x08002dea   0x00000020   Code   RO         1049    .text.SDMMC_SendCommand  stm32f7xx_ll_sdmmc.o
    0x08002e0a   0x08002e0a   0x0000000a   Code   RO         1041    .text.SDMMC_WriteFIFO  stm32f7xx_ll_sdmmc.o
    0x08002e14   0x08002e14   0x0000001c   Code   RO          147    .text.SD_CheckStatus  sd_diskio.o
    0x08002e30   0x08002e30   0x000000cc   Code   RO         1193    .text.SD_FindSCR    stm32f7xx_hal_sd.o
    0x08002efc   0x08002efc   0x00000018   Code   RO          137    .text.SD_initialize  sd_diskio.o
    0x08002f14   0x08002f14   0x00000050   Code   RO          145    .text.SD_ioctl      sd_diskio.o
    0x08002f64   0x08002f64   0x00000022   Code   RO          141    .text.SD_read       sd_diskio.o
    0x08002f86   0x08002f86   0x00000004   Code   RO          139    .text.SD_status     sd_diskio.o
    0x08002f8a   0x08002f8a   0x00000022   Code   RO          143    .text.SD_write      sd_diskio.o
    0x08002fac   0x08002fac   0x0000000c   Code   RO          205    .text.SPI1_IRQHandler  stm32f7xx_it.o
    0x08002fb8   0x08002fb8   0x00000002   Code   RO          193    .text.SVC_Handler   stm32f7xx_it.o
    0x08002fba   0x08002fba   0x00000004   Code   RO          199    .text.SysTick_Handler  stm32f7xx_it.o
    0x08002fbe   0x08002fbe   0x00000002   PAD
    0x08002fc0   0x08002fc0   0x000000d4   Code   RO           32    .text.SystemClock_Config  main.o
    0x08003094   0x08003094   0x00000010   Code   RO         1205    .text.SystemInit    system_stm32f7xx.o
    0x080030a4   0x080030a4   0x00000002   Code   RO          191    .text.UsageFault_Handler  stm32f7xx_it.o
    0x080030a6   0x080030a6   0x00000002   PAD
    0x080030a8   0x080030a8   0x00000024   Code   RO          515    .text.__NVIC_SetPriority  stm32f7xx_hal_cortex.o
    0x080030cc   0x080030cc   0x000000b8   Code   RO         1723    .text.arm_biquad_cascade_df1_f32  filteringfunctions.o
    0x08003184   0x08003184   0x00000016   Code   RO         1729    .text.arm_biquad_cascade_df1_init_f32  filteringfunctions.o
    0x0800319a   0x0800319a   0x00000002   PAD
    0x0800319c   0x0800319c   0x0000006c   Code   RO         1344    .text.check_fs      ff.o
    0x08003208   0x08003208   0x0000000e   Code   RO         1348    .text.chk_chr       ff.o
    0x08003216   0x08003216   0x00000002   PAD
    0x08003218   0x08003218   0x00000058   Code   RO         1252    .text.chk_lock      ff.o
    0x08003270   0x08003270   0x0000001c   Code   RO         1244    .text.clear_lock    ff.o
    0x0800328c   0x0800328c   0x00000026   Code   RO         1278    .text.clmt_clust    ff.o
    0x080032b2   0x080032b2   0x00000016   Code   RO         1272    .text.clust2sect    ff.o
    0x080032c8   0x080032c8   0x000000be   Code   RO         1284    .text.create_chain  ff.o
    0x08003386   0x08003386   0x00000002   PAD
    0x08003388   0x08003388   0x0000007c   Code   RO           64    .text.create_stream_dir  main.o
    0x08003404   0x08003404   0x00000026   Code   RO           13    .text.create_wav_fatfs  wav_file.o
    0x0800342a   0x0800342a   0x00000002   PAD
    0x0800342c   0x0800342c   0x00000038   Code   RO         1292    .text.dec_lock      ff.o
    0x08003464   0x08003464   0x00000164   Code   RO         1346    .text.dir_find      ff.o
    0x080035c8   0x080035c8   0x00000118   Code   RO         1302    .text.dir_next      ff.o
    0x080036e0   0x080036e0   0x00000110   Code   RO         1300    .text.dir_read      ff.o
    0x080037f0   0x080037f0   0x00000278   Code   RO         1254    .text.dir_register  ff.o
    0x08003a68   0x08003a68   0x0000009c   Code   RO         1298    .text.dir_sdi       ff.o
    0x08003b04   0x08003b04   0x00000020   Code   RO         1222    .text.disk_initialize  diskio.o
    0x08003b24   0x08003b24   0x0000001c   Code   RO         1228    .text.disk_ioctl    diskio.o
    0x08003b40   0x08003b40   0x0000001c   Code   RO         1224    .text.disk_read     diskio.o
    0x08003b5c   0x08003b5c   0x00000014   Code   RO         1220    .text.disk_status   diskio.o
    0x08003b70   0x08003b70   0x00000020   Code   RO         1226    .text.disk_write    diskio.o
    0x08003b90   0x08003b90   0x0000004e   Code   RO         1294    .text.f_chdir       ff.o
    0x08003bde   0x08003bde   0x00000028   Code   RO         1290    .text.f_close       ff.o
    0x08003c06   0x08003c06   0x00000020   Code   RO         1310    .text.f_closedir    ff.o
    0x08003c26   0x08003c26   0x00000108   Code   RO         1296    .text.f_getcwd      ff.o
    0x08003d2e   0x08003d2e   0x000001f8   Code   RO         1306    .text.f_lseek       ff.o
    0x08003f26   0x08003f26   0x00000170   Code   RO         1324    .text.f_mkdir       ff.o
    0x08004096   0x08004096   0x00000002   PAD
    0x08004098   0x08004098   0x00000050   Code   RO         1240    .text.f_mount       ff.o
    0x080040e8   0x080040e8   0x00000248   Code   RO         1248    .text.f_open        ff.o
    0x08004330   0x08004330   0x00000082   Code   RO         1308    .text.f_opendir     ff.o
    0x080043b2   0x080043b2   0x00000170   Code   RO         1274    .text.f_read        ff.o
    0x08004522   0x08004522   0x0000008e   Code   RO         1286    .text.f_sync        ff.o
    0x080045b0   0x080045b0   0x00000194   Code   RO         1282    .text.f_write       ff.o
    0x08004744   0x08004744   0x00000040   Code   RO         1388    .text.ff_convert    ccsbcs.o
    0x08004784   0x08004784   0x00000080   Code   RO         1390    .text.ff_wtoupper   ccsbcs.o
    0x08004804   0x08004804   0x00000270   Code   RO         1246    .text.find_volume   ff.o
    0x08004a74   0x08004a74   0x0000030c   Code   RO         1250    .text.follow_path   ff.o
    0x08004d80   0x08004d80   0x000000ac   Code   RO         1270    .text.get_fat       ff.o
    0x08004e2c   0x08004e2c   0x00000004   Code   RO          161    .text.get_fattime   fatfs.o
    0x08004e30   0x08004e30   0x00000102   Code   RO         1304    .text.get_fileinfo  ff.o
    0x08004f32   0x08004f32   0x0000003e   Code   RO         1242    .text.get_ldnumber  ff.o
    0x08004f70   0x08004f70   0x00000140   Code   RO           60    .text.i2s_to_fs     main.o
    0x080050b0   0x080050b0   0x00000070   Code   RO         1266    .text.inc_lock      ff.o
    0x08005120   0x08005120   0x00000030   Code   RO           46    .text.indicate_err  main.o
    0x08005150   0x08005150   0x0000000c   Code   RO           52    .text.indicate_ready  main.o
    0x0800515c   0x0800515c   0x00000030   Code   RO           54    .text.indicate_stop  main.o
    0x0800518c   0x0800518c   0x00000038   Code   RO           50    .text.indicate_success  main.o
    0x080051c4   0x080051c4   0x0000004c   Code   RO           11    .text.init_default  wav_file.o
    0x08005210   0x08005210   0x00000018   Code   RO         1258    .text.ld_clust      ff.o
    0x08005228   0x08005228   0x00000004   Code   RO         1268    .text.ld_dword      ff.o
    0x0800522c   0x0800522c   0x00000390   Code   RO           30    .text.main          main.o
    0x080055bc   0x080055bc   0x00000010   Code   RO         1280    .text.mem_cpy       ff.o
    0x080055cc   0x080055cc   0x00000038   Code   RO         1264    .text.move_window   ff.o
    0x08005604   0x08005604   0x000000e4   Code   RO         1352    .text.put_fat       ff.o
    0x080056e8   0x080056e8   0x00000070   Code   RO         1262    .text.remove_chain  ff.o
    0x08005758   0x08005758   0x00000012   Code   RO         1260    .text.st_clust      ff.o
    0x0800576a   0x0800576a   0x00000004   Code   RO         1256    .text.st_dword      ff.o
    0x0800576e   0x0800576e   0x00000002   PAD
    0x08005770   0x08005770   0x000000e4   Code   RO           58    .text.start_recording  main.o
    0x08005854   0x08005854   0x00000034   Code   RO           56    .text.stop_recording  main.o
    0x08005888   0x08005888   0x0000001c   Code   RO         1350    .text.sum_sfn       ff.o
    0x080058a4   0x080058a4   0x00000088   Code   RO         1288    .text.sync_fs       ff.o
    0x0800592c   0x0800592c   0x0000004c   Code   RO         1326    .text.sync_window   ff.o
    0x08005978   0x08005978   0x00000030   Code   RO         1276    .text.validate      ff.o
    0x080059a8   0x080059a8   0x000000ec   Code   RO           17    .text.write_pcm_data  wav_file.o
    0x08005a94   0x08005a94   0x00000028   Code   RO         2312    i.__0sprintf$1      mc_w.l(printf1.o)
    0x08005abc   0x08005abc   0x0000000e   Code   RO         2583    i.__scatterload_copy  mc_w.l(handlers.o)
    0x08005aca   0x08005aca   0x00000002   Code   RO         2584    i.__scatterload_null  mc_w.l(handlers.o)
    0x08005acc   0x08005acc   0x0000000e   Code   RO         2585    i.__scatterload_zeroinit  mc_w.l(handlers.o)
    0x08005ada   0x08005ada   0x00000002   PAD
    0x08005adc   0x08005adc   0x00000154   Code   RO         2317    i._printf_core      mc_w.l(printf1.o)
    0x08005c30   0x08005c30   0x0000000a   Code   RO         2319    i._sputc            mc_w.l(printf1.o)
    0x08005c3a   0x08005c3a   0x00000010   Data   RO         1210    .rodata.AHBPrescTable  system_stm32f7xx.o
    0x08005c4a   0x08005c4a   0x00000080   Data   RO         1357    .rodata.ExCvt       ff.o
    0x08005cca   0x08005cca   0x0000000d   Data   RO         1358    .rodata.LfnOfs      ff.o
    0x08005cd7   0x08005cd7   0x00000001   PAD
    0x08005cd8   0x08005cd8   0x00000014   Data   RO          149    .rodata.SD_Driver   sd_diskio.o
    0x08005cec   0x08005cec   0x00000100   Data   RO         1392    .rodata.Tbl         ccsbcs.o
    0x08005dec   0x08005dec   0x00000005   Data   RO           77    .rodata.str1.1      main.o
    0x08005df1   0x08005df1   0x00000001   PAD
    0x08005df2   0x08005df2   0x000002ae   Data   RO         1393    .rodata.str2.2      ccsbcs.o
    0x080060a0   0x080060a0   0x00000020   Data   RO         2582    Region$$Table       anon$$obj.o


    Execution Region RW_IRAM1 (Exec base: 0x20000000, Load base: 0x080060c0, Size: 0x0004f180, Max: 0x00050000, ABSOLUTE)

    Exec Addr    Load Addr    Size         Type   Attr      Idx    E Section Name        Object

    0x20000000   0x080060c0   0x00000018   Data   RW           86    .data..L_MergedGlobals  main.o
    0x20000018   0x080060d8   0x00000008   Data   RW          618    .data..L_MergedGlobals  stm32f7xx_hal.o
    0x20000020   0x080060e0   0x00000001   Data   RW          150    .data.Stat          sd_diskio.o
    0x20000021   0x080060e1   0x00000003   PAD
    0x20000024   0x080060e4   0x00000004   Data   RW         1209    .data.SystemCoreClock  system_stm32f7xx.o
    0x20000028   0x080060e8   0x00000001   Data   RW           68    .data.result_audio_write  main.o
    0x20000029   0x080060e9   0x00000007   PAD
    0x20000030        -       0x00000008   Zero   RW           19    .bss..L_MergedGlobals  wav_file.o
    0x20000038        -       0x00000005   Zero   RW          166    .bss..L_MergedGlobals  fatfs.o
    0x2000003d   0x080060e9   0x00000003   PAD
    0x20000040        -       0x00000008   Zero   RW         1359    .bss..L_MergedGlobals  ff.o
    0x20000048        -       0x00000078   Zero   RW           87    .bss..L_MergedGlobals.7  main.o
    0x200000c0        -       0x00000074   Zero   RW           88    .bss..L_MergedGlobals.8  main.o
    0x20000134        -       0x00000020   Zero   RW         1355    .bss.Files          ff.o
    0x20000154        -       0x00000200   Zero   RW         1356    .bss.LfnBuf         ff.o
    0x20000354        -       0x00000238   Zero   RW          163    .bss.SDFatFS        fatfs.o
    0x2000058c        -       0x00000230   Zero   RW          164    .bss.SDFile         fatfs.o
    0x200007bc        -       0x00002b10   Zero   RW           80    .bss.audio_fwrite_buf  main.o
    0x200032cc        -       0x00040980   Zero   RW           76    .bss.audio_sample_buf  main.o
    0x20043c4c        -       0x0000000c   Zero   RW         1378    .bss.disk           ff_gen_drv.o
    0x20043c58        -       0x00000060   Zero   RW           81    .bss.hdma_spi1_rx   main.o
    0x20043cb8        -       0x00000084   Zero   RW           75    .bss.hsd1           main.o
    0x20043d3c        -       0x00005620   Zero   RW           78    .bss.iir_in         main.o
    0x2004935c        -       0x00005620   Zero   RW           79    .bss.iir_out        main.o
    0x2004e97c        -       0x00000004   Zero   RW          617    .bss.uwTick         stm32f7xx_hal.o
    0x2004e980        -       0x00000800   Zero   RW            1    STACK               startup_stm32f746xx.o


==============================================================================

Image component sizes


      Code (inc. data)   RO Data    RW Data    ZI Data      Debug   Object Name

       154          4          0          0          0       6644   bsp_driver_sd.o
       192         22        942          0          0       1705   ccsbcs.o
       140          4          0          0          0       2088   diskio.o
        28          8          0          0       1133       1888   fatfs.o
        24          4          0          0          0       1177   fatfs_platform.o
      7992         96        141          0        552      50969   ff.o
        66          4          0          0         12       2530   ff_gen_drv.o
       206          0          0          0          0     189130   filteringfunctions.o
      2376        200          5         25     320160      21647   main.o
       204          8         20          1          0       3164   sd_diskio.o
        36          8        456          0       2048        840   startup_stm32f746xx.o
       154         20          0          8          4       7899   stm32f7xx_hal.o
       256         36          0          0          0      11250   stm32f7xx_hal_cortex.o
      1070         20          0          0          0       8928   stm32f7xx_hal_dma.o
       656         28          0          0          0       5272   stm32f7xx_hal_gpio.o
      1134         28          0          0          0      12422   stm32f7xx_hal_i2s.o
       564         36          0          0          0      10751   stm32f7xx_hal_msp.o
      1400         44          0          0          0       7885   stm32f7xx_hal_rcc.o
      1226         12          0          0          0       6729   stm32f7xx_hal_rcc_ex.o
      2386         24          0          0          0      23519   stm32f7xx_hal_sd.o
        56          8          0          0          0       1493   stm32f7xx_it.o
      1664         20          0          0          0      13594   stm32f7xx_ll_sdmmc.o
        16          4         16          4          0       3350   system_stm32f7xx.o
       350         32          0          0          8       4244   wav_file.o

    ----------------------------------------------------------------------
     22384        670       1614         44     323924     399118   Object Totals
         0          0         32          0          0          0   (incl. Generated)
        34          0          2          6          7          0   (incl. Padding)

    ----------------------------------------------------------------------

      Code (inc. data)   RO Data    RW Data    ZI Data      Debug   Library Member Name

         0          0          0          0          0          0   entry.o
         0          0          0          0          0          0   entry10a.o
         0          0          0          0          0          0   entry11a.o
         8          4          0          0          0          0   entry2.o
         4          0          0          0          0          0   entry5.o
         0          0          0          0          0          0   entry7b.o
         0          0          0          0          0          0   entry8b.o
         8          4          0          0          0          0   entry9a.o
        30          0          0          0          0          0   handlers.o
        36          8          0          0          0         68   init.o
        30          0          0          0          0         68   llshl.o
        32          0          0          0          0         68   llushr.o
        36          0          0          0          0         68   memcpya.o
        36          0          0          0          0        108   memseta.o
       390         10          0          0          0        252   printf1.o
        14          0          0          0          0         68   strlen.o
        44          0          0          0          0         80   uidiv.o
        98          0          0          0          0         92   uldiv.o

    ----------------------------------------------------------------------
       770         26          0          0          0        872   Library Totals
         4          0          0          0          0          0   (incl. Padding)

    ----------------------------------------------------------------------

      Code (inc. data)   RO Data    RW Data    ZI Data      Debug   Library Name

       766         26          0          0          0        872   mc_w.l

    ----------------------------------------------------------------------
       770         26          0          0          0        872   Library Totals

    ----------------------------------------------------------------------

==============================================================================


      Code (inc. data)   RO Data    RW Data    ZI Data      Debug   

     23154        696       1614         44     323924     399478   Grand Totals
     23154        696       1614         44     323924     399478   ELF Image Totals
     23154        696       1614         44          0          0   ROM Totals

==============================================================================

    Total RO  Size (Code + RO Data)                24768 (  24.19kB)
    Total RW  Size (RW Data + ZI Data)            323968 ( 316.38kB)
    Total ROM Size (Code + RO Data + RW Data)      24812 (  24.23kB)

==============================================================================

